manager #1 pid 13912
PHASE 1: hvlab-accept against http://127.0.0.1:18091 (data plane 127.0.0.1:18092)
  HVLAB: manager http://127.0.0.1:18091: backend=hyperv-partition-per-app canStart=true tier=T0-hv hostExcluded=false partition="wmi-openhcl-gen2-igvm-linux" derivations=["enclave-catalog-bundle/1"]
  HVLAB: [tunnel] hvacc-node attached via token (1 enclave)
  HVLAB-ERR: [tunnel] hvacc-node claimed publicUrl http://127.0.0.1:55451/t/hvacc-node — IGNORED (not this tunnel's own https://<relay>/t/hvacc-node route); its on-chain runner id stays unstamped
  HVLAB: ensureApp: status=running after 20.6 s, instance=hv74ca0af6600cb7a73691af81a0526996 key=a3c3b8b083f6172a image=b7ba7731240ec902 tier=T0-hv hostExcluded=false reason=null
  HVLAB: PASS ensureApp reaches running through the node's own path: status=running instance=hv74ca0af6600cb7a73691af81a0526996
  HVLAB: PASS the record's labels are this tier's: T0-hv, the host NOT excluded: tier=T0-hv hostExcluded=false
  HVLAB: the manager's view of hv74ca0af6600cb7a73691af81a0526996: {"id":"hv74ca0af6600cb7a73691af81a0526996","name":"0x4e62e60da567ca6c0b35f818192813e082149e738ad27204b5f074ed8adc6c1e","status":"running","appId":"9c3d10f1450e17bc6a21478723193ef7e3da409afe353e264714cb801d180d45","runtimeId":"ccadb38a6779615597f0614311a631c70810916c1bbeb9f5706ee3a637fd90c8","recordSha256":"bff33b951aade0a921edea4b0aca89712005d20cbb2c074c0f885d079e059d6c","image":"b7ba7731240ec9025; statement {"partition":"wmi-openhcl-gen2-igvm-linux","guestImageKind":"igvm-linux-direct"}
  HVLAB: PASS browser -> tunnel -> app zone -> data plane -> domain: the session's key is the one the manager verified: monitor-signed on the browser's handshake key a3c3b8b083f6172a, record a3c3b8b083f6172a
  HVLAB: the guest's boundary tuple: "tier=t0-hv vmpl=n/a vmpl_floor=n/a vmpl0=n/a host_excluded=no hv_isolation=vbs paravisor=no"
  HVLAB: PASS the guest states hv_isolation=vbs (stated by the hypervisor, not a proof), and host_excluded=no: hv_isolation=vbs paravisor=no host_excluded=no
  HVLAB: PASS the app answers on its own name: 200 "Hello World!\n"
  HVLAB: PASS a verifier that holds another key does not accept the document: reject (binding does not match the handshake)
  HVLAB: PASS a document for another nonce is not accepted (no replay): reject (document nonce is not ours; binding does not match the handshake)
  HVLAB: PASS a verifier expecting another app does not accept it: reject (the report names a different app; the domain's own claim differs from the expected app (informational field))
  HVLAB: PASS data plane admission, the exact record (control: admitted): "OK"
  HVLAB: PASS data plane admission, another transport key: "NO the instance's verified transport key is not that key"
  HVLAB: PASS data plane admission, another guest image: "NO the instance was not booted from that guest image"
  HVLAB: PASS data plane admission, another app: "NO the instance is not that app"
  HVLAB: PASS data plane admission, another runtime: "NO the instance does not carry that runtime"
  HVLAB: PASS data plane admission, an instance the manager does not hold: "NO no such instance"
  HVLAB: ensureApp {force:true}: status=running after 21.7 s, instance=hv4e0af8c9a62ba4e14411dcae1efcb5ac key=13fdef0ec8764eba image=b7ba7731240ec902 tier=T0-hv hostExcluded=false reason=null
  HVLAB: PASS the forced relaunch reaches running on a NEW instance with a NEW transport key: instance hv74ca0af6600cb7a73691af81a0526996 -> hv4e0af8c9a62ba4e14411dcae1efcb5ac, key a3c3b8b083f6172a -> 13fdef0ec8764eba
  HVLAB: PASS the manager no longer holds the old instance: null
  HVLAB: PASS exactly one instance carries this deployment's name: hv4e0af8c9a62ba4e14411dcae1efcb5ac:running
  HVLAB: PASS the session opened on the old domain has ended: closed
  HVLAB: PASS the old route (old instance, old key) is refused: "NO no such instance"
  HVLAB: PASS the new instance under the OLD key is refused: "NO the instance's verified transport key is not that key"
  HVLAB: PASS the browser reconnects: monitor-signed on the NEW key the manager verified: monitor-signed on 13fdef0ec8764eba, record 13fdef0ec8764eba
  HVLAB: PASS a client pinned to the old key sees a different key and must refuse: pinned a3c3b8b083f6172a, served 13fdef0ec8764eba
  HVLAB: PASS the app answers after the relaunch: 200
  HVLAB: [tunnel] hvacc-node detached
  HVLAB: [tunnel] hvacc-node attached via token (1 enclave)
  HVLAB-ERR: [tunnel] hvacc-node claimed publicUrl http://127.0.0.1:55451/t/hvacc-node — IGNORED (not this tunnel's own https://<relay>/t/hvacc-node route); its on-chain runner id stays unstamped
  HVLAB: ensureApp after a node restart: status=running after 0.4 s, instance=hv4e0af8c9a62ba4e14411dcae1efcb5ac key=13fdef0ec8764eba image=b7ba7731240ec902 tier=T0-hv hostExcluded=false reason=null
  HVLAB: PASS after a node restart ensureApp adopts the SAME instance and key: instance hv4e0af8c9a62ba4e14411dcae1efcb5ac key 13fdef0ec8764eba
  HVLAB: PASS still exactly one instance for the deployment: hv4e0af8c9a62ba4e14411dcae1efcb5ac:running
  HVLAB: PASS the browser reconnects through the restarted node, on the same verified key: monitor-signed on 13fdef0ec8764eba
  HVLAB: PASS the app answers through the restarted node: 200
  HVLAB: PASS cleanup: instance hv4e0af8c9a62ba4e14411dcae1efcb5ac retired and confirmed gone: removed=true reason=null after=null
  HVLAB:   node: [node-1] 0x4e62e60d isolation spawned: hv74ca0af6600cb7a73691af81a0526996 status=running image=b7ba7731240ec9025f8c92651be17ecf8af17764e2c3eb0bd20af60f00923748
  HVLAB:   node: [node-1 app-zone] app-zone 0x4e62e60d -> spliced: guest ended
  HVLAB:   node: [node-1] 0x4e62e60d isolated domain retired (forced relaunch)
  HVLAB:   node: [node-1] 0x4e62e60d isolation spawned: hv4e0af8c9a62ba4e14411dcae1efcb5ac status=running image=b7ba7731240ec9025f8c92651be17ecf8af17764e2c3eb0bd20af60f00923748
  HVLAB:   node: [node-2] 0x4e62e60d isolation adopted: hv4e0af8c9a62ba4e14411dcae1efcb5ac status=running image=b7ba7731240ec9025f8c92651be17ecf8af17764e2c3eb0bd20af60f00923748
  HVLAB:   node: [node-1 app-zone] app-zone 0x4e62e60d -> spliced: guest ended
  HVLAB:   node: [node-2 app-zone] app-zone 0x4e62e60d -> spliced: guest ended
  HVLAB: HVLAB-ACCEPT ALL PASS
PHASE 1 RESULT: exit 0, HVLAB-ACCEPT ALL PASS
PHASE 2: restart recovery (serving: A2s and A7 apply)
sweeps: liveness 15000 ms, answer check 30000 ms (as configured)
manager #2 pid 20420
PASS A0: inventory ready and empty; no manager-owned VM on this host
PASS A1: POST 201 in 8060 ms, id hv9d1b5ed5b0d8e9ebfdfa8b2ac1fc448c, status starting, partition wmi-openhcl-gen2-igvm-linux, hostExcluded false
PASS A2: 1 VM(s) carry id hv9d1b5ed5b0d8e9ebfdfa8b2ac1fc448c: enclave-app-hv9d1b5ed5b0d8e9-9c3d10f1 e593fb7d-20cd-438a-8f3a-619c024a085c Running
PASS A2s: status running, relay port 55496, TCP accepts, launcherKey named, image b7ba7731240ec9025f8c92651be17ecf8af17764e2c3eb0bd20af60f00923748, statement {"partition":"wmi-openhcl-gen2-igvm-linux","guestImageKind":"igvm-linux-direct"}
PASS A3: manager gone; the VM is Running
PASS A7: relay port 55496 refuses: the relay died with the manager
manager #3 pid 8352
PASS A4: GET 200: recovered true, status starting, appReady false, relay null, hostExcluded false
PASS A5: second POST 409 naming hv9d1b5ed5b0d8e9ebfdfa8b2ac1fc448c; VMs with this id 1, manager-owned VMs 1
PASS A6: DELETE 200; VMs with this id 0; GET after 404
A9: monitor stop of domain 1 under boot bf6ab6cd9b9d4dd4e8188b2dd78ac6f3 -> {"stopped":1}
PASS A9: monitor stop -> {"stopped":1}; status failed after 70161 ms, reason "the domain stopped answering (3 checks in a row): no TLS session: read ECONNRESET; its VM is left for the node to retire", VM Running
A9 cleanup: DELETE hv04549f70fbdcb09a07cc87483b2fcf8d -> 200; VMs with this id 0
A8: turned b6d0e310-0db9-42e6-8eb8-eaee701b0f10 off from the host -> {"state":"Off"}
PASS A8: after turning b6d0e310-0db9-42e6-8eb8-eaee701b0f10 Off: status failed within 1008 ms, reason "the partition is Off: it stopped by itself (on type 1 a guest reset turns the VM Off, measured in G4 run 082856); its VM is left for the node to retire", relay 60519 refuses
A8 cleanup: DELETE hvd7cbc694ff3389583d1105443e1080d9 -> 200; VMs with this id 0
RESTART-ACCEPT ALL PASS
ACCEPTANCE: phase 1 PASS, phase 2 PASS
