CAPTURE BEGIN label=sx-01 path=/data/user/0/host.enclave.anchor.avf/files/capture/sx-01.log cap_bytes=16777216
HOST start payload=libanchor.so debug=0 mem=8192MiB worker=127.0.0.1:9500 mode=local host=Main
GATE device=Pixel 10 Pro XL sdk=37 vendor_api_level=202504 board_api_level=202604
GATE capabilities=3 protected_vm=true remote_attestation=true updatable_vm=true
GATE SUPPORTED
HOST VirtualMachineConfig.Builder ALL: setApkPath setConnectVmConsole setConsoleInputDevice setCpuTopology setCustomImageConfig setDebugLevel setDisableUpdatability setEncryptedStorageBytes setMemoryBytes setOs setPayloadBinaryName setPayloadConfigPath setProtectedVm setShouldBoostUclamp setShouldRamdump setShouldUseHugepages setVendorDiskImage setVmConsoleInputSupported setVmOutputCaptured 
HOST VirtualMachine ALL: $r8$lambda$jE9hC_Yw8T-C1lFix_Seicfe55E addDisplay binderFromPreconnectedClient clearCallback close connectToVsockServer connectVsock enableTestAttestation equals getActualMemoryBalloonBytes getCid getClass getConfig getConsoleInput getConsoleOutput getDisplays getGuestAgent getLogOutput getName getRootDir getStatus hashCode notify notifyAll removeDisplay resume run sendKeyEvent sendLidEvent sendMouseEvent sendMultiTouchEvent sendTabletModeEvent sendTrackpadEvent setCallback setConfig setMemoryBalloon setMemoryBalloonByPercent setTouchScale stop suspend toDescriptor toString wait wait wait 
HOST AVF feature com.android.kvm.NETWORK: true
HOST vCPU uclamp boost: requested
HOST encrypted storage 6144 MiB: set
HOST config protected=true debug=0
HOST VM instance 'anchorlocal' mem=8192 MiB storage=6144 MiB
HOST VM instance 'anchorlocal' EFFECTIVE mem=7168 MiB storage=6144 MiB (requested mem=8192 storage=6144)
HOST vm.run() returned, status=1
VM cb onGuestAgentRegistered
VM payload started
VM payload ready
PADS send cap: guest=0 cache=0
PADS direct fill: enabled=0
CONTROL connected
VSOCK SPKI 302a300506032b657003210011eb6d63b1bc4ccf80339096c6da54c23777a6031a9943e719ddde32a957fbdd
VSOCK PADKEY 833b5739f118140df70ee45f1cc2bf4bdcf573c4008a86a1c9f50f3cfb384963
CONTROL challenge=22bd01c3cedabcf313daa2a621bcff3d237ef2c6454ff289231ce3a092a8a759
VSOCK PINS mode=dev ledger=app model=unpinned prefix=app sha256=arm_sha2
VSOCK STORAGE /mnt/encryptedstore fstype=0xef53 total=5983 MiB avail=781 MiB fs-verity=refused: Permission denied userfaultfd=Operation not permitted ram=7011 MiB vm-…(190)
VSOCK STORAGE2 selinux=u:r:microdroid_app:s0 measure=Permission denied enable-after-chmod=Permission denied authfs=0 authfs_service=0 /dev/fuse=1(Permission denied)
VSOCK STORAGE2 mount=[/dev/block/mapper/crypt /mnt/encryptedstore ext4 rw,fscontext=u:object_r:encryptedstore_fs:s0,context=u:object_r:encryptedstore_file:s0,nosuid,n…(193)
VSOCK STORAGE3 userfaultfd(USER_MODE_ONLY)=open: Permission denied
VSOCK ANCHOR start in pVM apk=/mnt/apk control=owner-connected
VSOCK ANCHOR cpu nproc=8 features= fp asimd evtstrm aes pmull sha1 sha2 crc32 atomics fphp asimdhp cpuid asimdrdm jscvt fcma lrcpc dcpop sha3 sm3 sm4 asimddp sha512 s…(308)
VSOCK ATTEST no BOUND: certificate only, nothing signed
VSOCK ATTEST status=The remote attestation completes successfully. code=0
VSOCK ATTEST certs=5
VSOCK CERT0 bytes=566 chunks=2
VSOCK CERT0[0] 30820232308201d8a0030201020210240c9dfb15f2e8922563b98eaf434cfe300a06082a8648ce3d0403023039310c300a060355040a1303415646312930270603550403132037366266613…(1033)
VSOCK CERT0[1] 19e887fb21d8d2e0ee8ceaf6230f05ba0978db05022040ba25d1509bdf023a4766f2e13401ae3a734180bf40b8fdc469908f25015ab3
VSOCK CERT1 bytes=501 chunks=1
VSOCK CERT1[0] 308201f130820197a003020102021076bfa19ea075cbc0eeffa67fd2075e6f300a06082a8648ce3d040302302931133011060355040a130a476f6f676c65204c4c433112301006035504031…(1011)
VSOCK CERT2 bytes=754 chunks=2
VSOCK CERT2[0] 308202ee30820275a0030201020213380c9a70b7517476eb7163f9efd6f188702ce8300a06082a8648ce3d040303302931133011060355040a130a476f6f676c65204c4c433112301006035…(1033)
VSOCK CERT2[1] 047b30793077a075a0738671687474703a2f2f7072697661746563612d636f6e74656e742d36393865313061392d303030302d323237362d626431302d3838336432346632653637632e737…(493)
VSOCK CERT3 bytes=618 chunks=2
VSOCK CERT3[0] 30820266308201eba003020102021100924250191903e3ba65320efd6a2085fb300a06082a8648ce3d0403033052311c301a06035504030c134b6579204174746573746174696f6e2043413…(1033)
VSOCK CERT3[1] 69003066023100f4dbc058fab59924fd523ff5373c4939c04d5a3de504a052d30c350ac748c75ecc3d6255f7e2ec6e3792cfa41873548e023100b017cd6a2d3d15a1bd4a07d10829375034f…(221)
VSOCK CERT4 bytes=550 chunks=2
VSOCK CERT4[0] 30820222308201a8a00302010202110084a9d0297b0eb58ae7ff0e80de760605300a06082a8648ce3d0403033052311c301a06035504030c134b6579204174746573746174696f6e2043413…(1033)
VSOCK CERT4[1] 46445889b5010e393a7ffacd46731798b91db387ff34950caef6f0050a3e84e005dcfa8b2646
VSOCK ATTEST end
MODEL already in the VM's encrypted storage (3204 MiB), not streamed
VSOCK ENGINE model 3204 MiB already in the VM's encrypted storage
VSOCK MODEL table: 601 tensors, header 15819080 bytes retained, data at 15819104, digests from the pin's own read (arm_sha2)
VSOCK MODEL ok 5bf274a5a82cc4fbb05d7a35d2566dc2074eaef8f64a2741ec812dc65089fc48 (unpinned: hashed only)
LOCAL plan: /data/user/0/host.enclave.anchor.avf/files/model.gguf (3204 MiB), 2 threads, ctx 4096, scripted turns
LOCAL loading: the VM is staging and loading the model
VSOCK ANCHOR local mode: the whole model runs in this VM
VSOCK MODEL ok 5bf274a5a82cc4fbb05d7a35d2566dc2074eaef8f64a2741ec812dc65089fc48 (staged already, unchanged)
TPU worker: thread priority -19, ADPF hint session held
drafter sha256=2b1966f08823eba80408ee34d1265f047f30f65cb60dc2c6aaf00bc882285ef2 (hashed in 226 ms)
TPU worker: 35 compiled blocks loaded in 590 ms
TPU bundle sha256=b9a24410c23b639fc654c73e8f645ca72d7827d50db45d8dde097abd1ca26358 (hashed in 1918 ms)
TPU bench (ms per Run, min/mean): L0.qkv 0.57/1.07 L0.qkv+3ms-gap 0.93/1.23 L0.o 0.80/1.00 L0.o+3ms-gap 0.93/1.50 L0.gu 1.79/2.02 L0.gu+3ms-gap 1.77/2.20 L0.down 1.20/1.50 L0.down+3ms-gap 1.22/1.71 L20.qkv 0.90/1.27 L20.qkv+3ms-gap 1.10/1.66 L20.o 0.83/1.48 L20.o+3ms-gap 1.26/1.88 L20.gu 2.90/3.35 L20.gu+3ms-gap 3.13/3.89 L20.down 1.98/2.26 L20.down+3ms-gap 1.99/2.53
TPU worker: link poll before sleeping 0 us
TPU worker: serving masked rows
TPU bundle already in the VM's encrypted storage (1757 MiB, same sha256), not streamed
VSOCK LOCAL tpu.bundle: already in the encrypted store (1757 MiB, sha256 b9a24410c23b639f..., re-hashed in 25.5 s)
VSOCK LOCAL tpu: worker connected; masked rows only cross this link
drafter already in the VM's encrypted storage (162 MiB, same sha256), not streamed
VSOCK LOCAL draft.gguf: already in the encrypted store (162 MiB, sha256 2b1966f08823eba8..., re-hashed in 2.4 s)
VSOCK LOCAL listening on vsock 7781 for the conversation; model 3360161216 bytes, 2 threads, ctx 4096
VSOCK LOCAL tpu: backend loaded, bundle open, worker link set (5 rows per exchange)
VSOCK LOCAL verified loader: 602 tensors (3504.4 MiB) hashed against the staged table before use: 71 repacked from verified bytes, 531 plain CPU
VSOCK LOCAL context ready: ctx 4096, 2 threads (decode 2), persistent pool=yes (poll 50), model loaded in 48.4 s
VSOCK LOCAL tpu: lane bundle paged in from the encrypted store in 3.4 s (NOT locked: it can be evicted) | mem available 1933 MiB, page cache 2063 MiB, major faults 94
VSOCK LOCAL tpu: minted 64 pad positions per group in 3.2 s (20.1 positions per second on 2 threads) | mem available 1731 MiB, page cache 2063 MiB, major faults 94
LOCAL ready: {ctx=4096, threads=2, vocab=262144, model=5bf274a5a82cc4fbb05d7a35d2566dc2074eaef8f64a2741ec812dc65089fc48, load_s=48.4}
VSOCK LOCAL tpu: build config repair=1 verify=1 inject=0 corr_threads=1 spin_us=0 (built Sep 22 2026 20:52:44)
VSOCK LOCAL tpu: vsock credit window 262144 -> 1048576 bytes
LOCAL ask sha256=6bf5a86a36dfa49ab1342314d8c00ea776e9530b42789a2a420969f463a5f9cb bytes=101
VSOCK LOCAL drafter ready: up to 4 proposals per step (5 rows verified at once)
LOCAL turn 1 window boottime_ms start=288921527 first=288926245 end=288969254
VSOCK LOCAL turn 1 depth choices (rows-1:steps): 1:3,2:4,3:10,4:4
VSOCK LOCAL turn 1: status=eos prefill_tokens=28 prefill_tok_s=19.85 decode_tokens=57 decode_tok_s=1.27 ctx_used=85 ctx=4096 steps=21 drafted=57 accepted=37 tokens_per_step=2.71
LOCAL turn 1 Q: Write a Python function called reverse_string that returns its argument reversed. Give only the code.
VSOCK LOCAL tpu turn 1: exchanges=2940 (140.0/step, 3.71 rows each) ms per exchange: mask 1.513 link 11.004 (corr 0.151 mint 0.000 wait 10.412) unmask 0.825 | pads inline 1820 refilled 0 bank_min 2 | cancel n=68530084 max=0.0011 rms=0.00006 LSB | verify n=31980 bad=2 max=1 rms=0.008 (output LSB over 15990 paired samples: max 0.010 rms 0.000) rails(-32768/-32767/+32767)=43/0/49 | outliers kept 503421 saturated 92 (CLIPPED 92 [hi 0 lo 92] REPAIRED, FALSE-RAILS 0, recomp 92, max excess 25375, max err 247.8 LSB)
LOCAL turn 1 A: ```python\ndef reverse_string(s):\n  """\n  Reverses the given string.\n\n  Args:\n    s: The string to be reversed.\n\n  Returns:\n    The reversed string.\n  """\n  return s[::-1]\n```
LOCAL turn 1 STATS {status=eos, prefill_tokens=28, prefill_tok_s=19.85, decode_tokens=57, decode_tok_s=1.27, ctx_used=85, ctx=4096, steps=21, drafted=57, accepted=37, tokens_per_step=2.71}
LOCAL done: 1 scripted turns
VSOCK LOCAL engine ending after 1 turns
VSOCK LOCAL exit 0
VSOCK END
CONTROL closed after 20 lines
CAPTURE END label=sx-01 lines=90 bytes=9348 status=complete
