CAPTURE BEGIN label=w4-e path=/data/user/0/host.enclave.anchor.avf/files/capture/w4-e.log cap_bytes=16777216
HOST start payload=libanchor.so debug=0 mem=8192MiB worker=127.0.0.1:9500 mode=local host=Main
GATE device=Pixel 10 Pro XL sdk=37 vendor_api_level=202504 board_api_level=202604
GATE capabilities=3 protected_vm=true remote_attestation=true updatable_vm=true
GATE SUPPORTED
HOST VirtualMachineConfig.Builder ALL: setApkPath setConnectVmConsole setConsoleInputDevice setCpuTopology setCustomImageConfig setDebugLevel setDisableUpdatability setEncryptedStorageBytes setMemoryBytes setOs setPayloadBinaryName setPayloadConfigPath setProtectedVm setShouldBoostUclamp setShouldRamdump setShouldUseHugepages setVendorDiskImage setVmConsoleInputSupported setVmOutputCaptured 
HOST VirtualMachine ALL: $r8$lambda$jE9hC_Yw8T-C1lFix_Seicfe55E addDisplay binderFromPreconnectedClient clearCallback close connectToVsockServer connectVsock enableTestAttestation equals getActualMemoryBalloonBytes getCid getClass getConfig getConsoleInput getConsoleOutput getDisplays getGuestAgent getLogOutput getName getRootDir getStatus hashCode notify notifyAll removeDisplay resume run sendKeyEvent sendLidEvent sendMouseEvent sendMultiTouchEvent sendTabletModeEvent sendTrackpadEvent setCallback setConfig setMemoryBalloon setMemoryBalloonByPercent setTouchScale stop suspend toDescriptor toString wait wait wait 
HOST AVF feature com.android.kvm.NETWORK: true
HOST vCPU uclamp boost: requested
HOST encrypted storage 6144 MiB: set
HOST config protected=true debug=0
HOST VM instance 'anchorlocal' mem=8192 MiB storage=6144 MiB
HOST VM instance 'anchorlocal' EFFECTIVE mem=7168 MiB storage=6144 MiB (requested mem=8192 storage=6144)
HOST vm.run() returned, status=1
VM cb onGuestAgentRegistered
VM payload started
VM payload ready
PADS send cap: guest=0 cache=0
PADS direct fill: enabled=0
CONTROL connected
VSOCK SPKI 302a300506032b6570032100aaf11c0e7418054933f55c9291ee2fd5679ae5589e4e7dca1517928fd10a7c37
VSOCK PADKEY f12058f5332c2806973621d614ff6cf06e880f732e40fc16b8a49ffdbf8c3c3c
CONTROL challenge=e093468be13be804582dc125b61fb3efd84fdf3b379e95da0cd1f5d34f1d4e9a
VSOCK PINS mode=dev ledger=app model=unpinned prefix=app sha256=arm_sha2
VSOCK STORAGE /mnt/encryptedstore fstype=0xef53 total=5983 MiB avail=781 MiB fs-verity=refused: Permission denied userfaultfd=Operation not permitted ram=7011 MiB vm-…(190)
VSOCK STORAGE2 selinux=u:r:microdroid_app:s0 measure=Permission denied enable-after-chmod=Permission denied authfs=0 authfs_service=0 /dev/fuse=1(Permission denied)
VSOCK STORAGE2 mount=[/dev/block/mapper/crypt /mnt/encryptedstore ext4 rw,fscontext=u:object_r:encryptedstore_fs:s0,context=u:object_r:encryptedstore_file:s0,nosuid,n…(193)
VSOCK STORAGE3 userfaultfd(USER_MODE_ONLY)=open: Permission denied
VSOCK ANCHOR start in pVM apk=/mnt/apk control=owner-connected
VSOCK ANCHOR cpu nproc=8 features= fp asimd evtstrm aes pmull sha1 sha2 crc32 atomics fphp asimdhp cpuid asimdrdm jscvt fcma lrcpc dcpop sha3 sm3 sm4 asimddp sha512 s…(308)
VSOCK ATTEST no BOUND: certificate only, nothing signed
VSOCK ATTEST status=The remote attestation completes successfully. code=0
VSOCK ATTEST certs=5
VSOCK CERT0 bytes=565 chunks=2
VSOCK CERT0[0] 30820231308201d8a00302010202100677a2fee1fe2a01d4cac0d989ea89fb300a06082a8648ce3d0403023039310c300a060355040a1303415646312930270603550403132037366266613…(1033)
VSOCK CERT0[1] 58164ac547ce2c84388667b6dbe558435a5839022054be154c3c3d03a67afc492785ebc2fd94a9738e4fadb4cf7af1b1a339b2d43e
VSOCK CERT1 bytes=501 chunks=1
VSOCK CERT1[0] 308201f130820197a003020102021076bfa19ea075cbc0eeffa67fd2075e6f300a06082a8648ce3d040302302931133011060355040a130a476f6f676c65204c4c433112301006035504031…(1011)
VSOCK CERT2 bytes=754 chunks=2
VSOCK CERT2[0] 308202ee30820275a0030201020213380c9a70b7517476eb7163f9efd6f188702ce8300a06082a8648ce3d040303302931133011060355040a130a476f6f676c65204c4c433112301006035…(1033)
VSOCK CERT2[1] 047b30793077a075a0738671687474703a2f2f7072697661746563612d636f6e74656e742d36393865313061392d303030302d323237362d626431302d3838336432346632653637632e737…(493)
VSOCK CERT3 bytes=618 chunks=2
VSOCK CERT3[0] 30820266308201eba003020102021100924250191903e3ba65320efd6a2085fb300a06082a8648ce3d0403033052311c301a06035504030c134b6579204174746573746174696f6e2043413…(1033)
VSOCK CERT3[1] 69003066023100f4dbc058fab59924fd523ff5373c4939c04d5a3de504a052d30c350ac748c75ecc3d6255f7e2ec6e3792cfa41873548e023100b017cd6a2d3d15a1bd4a07d10829375034f…(221)
VSOCK CERT4 bytes=550 chunks=2
VSOCK CERT4[0] 30820222308201a8a00302010202110084a9d0297b0eb58ae7ff0e80de760605300a06082a8648ce3d0403033052311c301a06035504030c134b6579204174746573746174696f6e2043413…(1033)
VSOCK CERT4[1] 46445889b5010e393a7ffacd46731798b91db387ff34950caef6f0050a3e84e005dcfa8b2646
VSOCK ATTEST end
MODEL already in the VM's encrypted storage (3204 MiB), not streamed
VSOCK ENGINE model 3204 MiB already in the VM's encrypted storage
VSOCK MODEL table: 601 tensors, header 15819080 bytes retained, data at 15819104, digests from the pin's own read (arm_sha2)
VSOCK MODEL ok 5bf274a5a82cc4fbb05d7a35d2566dc2074eaef8f64a2741ec812dc65089fc48 (unpinned: hashed only)
LOCAL plan: /data/user/0/host.enclave.anchor.avf/files/model.gguf (3204 MiB), 6 threads, ctx 4096, scripted turns
LOCAL loading: the VM is staging and loading the model
VSOCK ANCHOR local mode: the whole model runs in this VM
VSOCK MODEL ok 5bf274a5a82cc4fbb05d7a35d2566dc2074eaef8f64a2741ec812dc65089fc48 (staged already, unchanged)
TPU worker: thread priority -19, ADPF hint session held
TPU bundle sha256=cd56ee8722f9cf1ba5af2c69ca595c878f9fea42bbe9bf3f1a03d4dfe7648535 (hashed in 1995 ms)
TPU worker: 35 compiled blocks loaded in 2050 ms
TPU bench (ms per Run, min/mean): L0.qkv 0.69/1.12 L0.qkv+3ms-gap 0.98/1.21 L0.o 0.93/1.20 L0.o+3ms-gap 1.21/1.95 L0.gu 1.63/1.94 L0.gu+3ms-gap 1.54/2.10 L0.down 1.34/1.78 L0.down+3ms-gap 1.56/2.08 L20.qkv 0.96/1.28 L20.qkv+3ms-gap 1.17/1.63 L20.o 0.94/1.23 L20.o+3ms-gap 0.94/1.49 L20.gu 2.03/2.31 L20.gu+3ms-gap 1.98/2.53 L20.down 1.39/1.76 L20.down+3ms-gap 1.51/1.99
TPU worker: link poll before sleeping 0 us
TPU worker: serving masked rows
VSOCK LOCAL tpu.bundle: the stored copy is not sha256 cd56ee8722f9cf1b... (hashed in 18.1 s): restreaming
TPU bundle streamed 1757 MiB in 41080 ms
VSOCK LOCAL tpu.bundle: 1757 MiB received, sha256 cd56ee8722f9cf1b... verified
VSOCK LOCAL tpu: worker connected; masked rows only cross this link
VSOCK LOCAL listening on vsock 7781 for the conversation; model 3360161216 bytes, 6 threads, ctx 4096
VSOCK LOCAL tpu: backend loaded, bundle open, worker link set (5 rows per exchange)
VSOCK LOCAL verified loader: 602 tensors (3504.4 MiB) hashed against the staged table before use: 71 repacked from verified bytes, 531 plain CPU
VSOCK LOCAL context ready: ctx 4096, 6 threads, persistent pool=yes, model loaded in 50.3 s
VSOCK LOCAL tpu: lane bundle paged in from the encrypted store in 2.2 s (NOT locked: it can be evicted) | mem available 1883 MiB, page cache 1900 MiB, major faults 96
LOCAL ready: {ctx=4096, threads=6, vocab=262144, model=5bf274a5a82cc4fbb05d7a35d2566dc2074eaef8f64a2741ec812dc65089fc48, load_s=50.3}
VSOCK LOCAL tpu: minted 64 pad positions per group in 0.8 s (75.6 positions per second on 6 threads) | mem available 1659 MiB, page cache 1900 MiB, major faults 96
LOCAL ask sha256=6bf5a86a36dfa49ab1342314d8c00ea776e9530b42789a2a420969f463a5f9cb bytes=101
VSOCK LOCAL tpu: build config repair=1 verify=1 inject=0 corr_threads=1 spin_us=0 (built Sep 22 2026 18:05:55)
VSOCK LOCAL tpu: vsock credit window 262144 -> 1048576 bytes
LOCAL turn 1 Q: Write a Python function called reverse_string that returns its argument reversed. Give only the code.
VSOCK LOCAL turn 1: status=eos prefill_tokens=28 prefill_tok_s=52.26 decode_tokens=16 decode_tok_s=1.21 ctx_used=44 ctx=4096
VSOCK LOCAL tpu turn 1: exchanges=2240 (140.0/token) ms per exchange: mask 0.247 link 4.162 (corr 0.178 mint 0.000 wait 3.908) unmask 0.668 | rx/exch 2.21 | KB/token out 1039 in 3432 | pads inline 0 (0.0 ms each) bank_min 48 | cancel n=14057395 max=0.0010 rms=0.00006 LSB | verify n=6560 bad=0 max=0 rms=0.000 (output LSB over 3280 paired samples: max 0.000 rms 0.000) rails(-32768/-32767/+32767)=33/0/44 | outliers kept 115174 saturated 77 (CLIPPED 77 [hi 0 lo 77] REPAIRED, FALSE-RAILS 0, recomp 77, max excess 38689, max err 377.8 LSB) redrawn 0 | mem available 1625 MiB, page cache 1900 MiB, major faults 108
VSOCK LOCAL tpu turn 1: ms per exchange, split: of unmask, verification dots 0.052 | after it, releasing the pads 0.067 | between exchanges (the VM's own graph work) 0.752
LOCAL turn 1 A: ```\ndef reverse_string(s):\n    return s[::-1]
LOCAL turn 1 STATS {status=eos, prefill_tokens=28, prefill_tok_s=52.26, decode_tokens=16, decode_tok_s=1.21, ctx_used=44, ctx=4096}
LOCAL done: 1 scripted turns
VSOCK LOCAL engine ending after 1 turns
VSOCK LOCAL exit 0
VSOCK END
CONTROL closed after 19 lines
CAPTURE END label=w4-e lines=86 bytes=8853 status=complete
