16:23:40Z capture preflight: PASS the capture preflight: a capture failure stops the shell with exit 3, nothing after it runs
16:23:40Z installed client {"client":"enclave-pvm-client","version":"0.4.1","lab":"NOT PRODUCTION"} sha256 58f0edddb0f7db85df7edf9e56bbab043194a19a8d4e5d903ef31a5b5705abc4 (commit c1341ee32b301bd31ca7710ae428022a0fc9f254); deployment 0xcddb92a82d614c2e7e1e5bfc078f253ecdb2fdf444b3a252060ac8d8473e6a4f -> app 29e8942369846359b5936dbef1268c28f7097cccb3101b86345dc4dd8f4c1373; lab keys /home/steven/.cache/enclave-pvm-client-lab/0924092336 (not in the repository)
16:23:42Z == launch (VM serves 1800 s)
16:25:30Z l1: the VM serves (105 s)
{"label": "turn-01", "rc": 0, "complete": true, "status": 200, "tokens": 24, "firstTokenMs": 1356, "ms": 3093, "policySerial": 1, "clientVersion": "0.4.1"}
{"label": "turn-02", "rc": 0, "status": 200, "ms": 1670, "policySerial": 1, "clientVersion": "0.4.1"}
{"label": "turn-03", "rc": 0, "complete": true, "status": 200, "tokens": 64, "firstTokenMs": 1161, "ms": 6043, "policySerial": 1, "clientVersion": "0.4.1"}
{"label": "turn-04", "rc": 0, "complete": true, "status": 200, "tokens": 8, "firstTokenMs": 1155, "ms": 1544, "policySerial": 1, "clientVersion": "0.4.1"}
{"label": "turn-05", "rc": 0, "status": 200, "ms": 2905, "policySerial": 1, "clientVersion": "0.4.1"}
{"label": "turn-06", "rc": 0, "complete": true, "status": 200, "tokens": 128, "firstTokenMs": 1042, "ms": 11301, "policySerial": 1, "clientVersion": "0.4.1"}
{"label": "turn-07", "rc": 0, "complete": true, "status": 200, "tokens": 24, "firstTokenMs": 1243, "ms": 2994, "policySerial": 1, "clientVersion": "0.4.1"}
{"label": "turn-08", "rc": 0, "status": 200, "ms": 6023, "policySerial": 1, "clientVersion": "0.4.1"}
{"label": "turn-09", "rc": 0, "complete": true, "status": 200, "tokens": 16, "firstTokenMs": 1066, "ms": 2163, "policySerial": 1, "clientVersion": "0.4.1"}
{"label": "turn-10", "rc": 0, "complete": true, "status": 200, "tokens": 48, "firstTokenMs": 1078, "ms": 4740, "policySerial": 1, "clientVersion": "0.4.1"}
{"label": "turn-11", "rc": 0, "complete": true, "status": 200, "tokens": 24, "firstTokenMs": 1131, "ms": 2864, "policySerial": 1, "clientVersion": "0.4.1"}
{"label": "turn-12", "rc": 0, "status": 200, "ms": 1509, "policySerial": 1, "clientVersion": "0.4.1"}
{"label": "turn-13", "rc": 0, "complete": true, "status": 200, "tokens": 64, "firstTokenMs": 1298, "ms": 6426, "policySerial": 1, "clientVersion": "0.4.1"}
{"label": "turn-14", "rc": 0, "complete": true, "status": 200, "tokens": 8, "firstTokenMs": 1154, "ms": 1586, "policySerial": 1, "clientVersion": "0.4.1"}
{"label": "turn-15", "rc": 0, "status": 200, "ms": 3213, "policySerial": 1, "clientVersion": "0.4.1"}
{"label": "turn-16", "rc": 0, "complete": true, "status": 200, "tokens": 128, "firstTokenMs": 982, "ms": 11558, "policySerial": 1, "clientVersion": "0.4.1"}
{"label": "turn-17", "rc": 0, "complete": true, "status": 200, "tokens": 24, "firstTokenMs": 1224, "ms": 3173, "policySerial": 1, "clientVersion": "0.4.1"}
{"label": "turn-18", "rc": 0, "status": 200, "ms": 6616, "policySerial": 1, "clientVersion": "0.4.1"}
{"label": "turn-19", "rc": 0, "complete": true, "status": 200, "tokens": 16, "firstTokenMs": 1361, "ms": 2641, "policySerial": 1, "clientVersion": "0.4.1"}
{"label": "turn-20", "rc": 0, "complete": true, "status": 200, "tokens": 48, "firstTokenMs": 1290, "ms": 5385, "policySerial": 1, "clientVersion": "0.4.1"}
{"label": "turn-21", "rc": 0, "complete": true, "status": 200, "tokens": 24, "firstTokenMs": 1238, "ms": 3220, "policySerial": 1, "clientVersion": "0.4.1"}
{"label": "turn-22", "rc": 0, "status": 200, "ms": 1957, "policySerial": 1, "clientVersion": "0.4.1"}
{"label": "turn-23", "rc": 0, "complete": true, "status": 200, "tokens": 64, "firstTokenMs": 1323, "ms": 7040, "policySerial": 1, "clientVersion": "0.4.1"}
{"label": "turn-24", "rc": 0, "complete": true, "status": 200, "tokens": 8, "firstTokenMs": 1149, "ms": 1616, "policySerial": 1, "clientVersion": "0.4.1"}
{"label": "turn-25", "rc": 0, "status": 200, "ms": 2981, "policySerial": 1, "clientVersion": "0.4.1"}
{"label": "turn-26", "rc": 0, "complete": true, "status": 200, "tokens": 128, "firstTokenMs": 1252, "ms": 12653, "policySerial": 1, "clientVersion": "0.4.1"}
{"label": "turn-27", "rc": 0, "complete": true, "status": 200, "tokens": 24, "firstTokenMs": 1417, "ms": 3532, "policySerial": 1, "clientVersion": "0.4.1"}
{"label": "turn-28", "rc": 0, "status": 200, "ms": 7149, "policySerial": 1, "clientVersion": "0.4.1"}
{"label": "turn-29", "rc": 0, "complete": true, "status": 200, "tokens": 16, "firstTokenMs": 1375, "ms": 2793, "policySerial": 1, "clientVersion": "0.4.1"}
{"label": "turn-30", "rc": 0, "complete": true, "status": 200, "tokens": 48, "firstTokenMs": 1185, "ms": 5550, "policySerial": 1, "clientVersion": "0.4.1"}
{"label": "turn-31", "rc": 0, "complete": true, "status": 200, "tokens": 24, "firstTokenMs": 1251, "ms": 3481, "policySerial": 1, "clientVersion": "0.4.1"}
{"label": "turn-32", "rc": 0, "status": 200, "ms": 1819, "policySerial": 1, "clientVersion": "0.4.1"}
{"label": "turn-33", "rc": 0, "complete": true, "status": 200, "tokens": 64, "firstTokenMs": 1219, "ms": 7164, "policySerial": 1, "clientVersion": "0.4.1"}
{"label": "turn-34", "rc": 0, "complete": true, "status": 200, "tokens": 8, "firstTokenMs": 1237, "ms": 1817, "policySerial": 1, "clientVersion": "0.4.1"}
{"label": "turn-35", "rc": 0, "status": 200, "ms": 3414, "policySerial": 1, "clientVersion": "0.4.1"}
{"label": "turn-36", "rc": 0, "complete": true, "status": 200, "tokens": 128, "firstTokenMs": 1166, "ms": 13477, "policySerial": 1, "clientVersion": "0.4.1"}
{"label": "turn-37", "rc": 0, "complete": true, "status": 200, "tokens": 24, "firstTokenMs": 1211, "ms": 3457, "policySerial": 1, "clientVersion": "0.4.1"}
{"label": "turn-38", "rc": 0, "status": 200, "ms": 7743, "policySerial": 1, "clientVersion": "0.4.1"}
{"label": "turn-39", "rc": 0, "complete": true, "status": 200, "tokens": 16, "firstTokenMs": 1242, "ms": 2630, "policySerial": 1, "clientVersion": "0.4.1"}
{"label": "turn-40", "rc": 0, "complete": true, "status": 200, "tokens": 48, "firstTokenMs": 1220, "ms": 5722, "policySerial": 1, "clientVersion": "0.4.1"}
{"label": "turn-41", "rc": 0, "complete": true, "status": 200, "tokens": 24, "firstTokenMs": 1252, "ms": 3440, "policySerial": 1, "clientVersion": "0.4.1"}
{"label": "turn-42", "rc": 0, "status": 200, "ms": 1914, "policySerial": 1, "clientVersion": "0.4.1"}
{"label": "turn-43", "rc": 0, "complete": true, "status": 200, "tokens": 64, "firstTokenMs": 1129, "ms": 7607, "policySerial": 1, "clientVersion": "0.4.1"}
{"label": "turn-44", "rc": 0, "complete": true, "status": 200, "tokens": 8, "firstTokenMs": 1339, "ms": 1958, "policySerial": 1, "clientVersion": "0.4.1"}
{"label": "turn-45", "rc": 0, "status": 200, "ms": 3346, "policySerial": 1, "clientVersion": "0.4.1"}
{"label": "turn-46", "rc": 0, "complete": true, "status": 200, "tokens": 128, "firstTokenMs": 1429, "ms": 14358, "policySerial": 1, "clientVersion": "0.4.1"}
{"label": "turn-47", "rc": 0, "complete": true, "status": 200, "tokens": 24, "firstTokenMs": 1271, "ms": 3554, "policySerial": 1, "clientVersion": "0.4.1"}
{"label": "turn-48", "rc": 0, "status": 200, "ms": 7965, "policySerial": 1, "clientVersion": "0.4.1"}
{"label": "turn-49", "rc": 0, "complete": true, "status": 200, "tokens": 16, "firstTokenMs": 1265, "ms": 2672, "policySerial": 1, "clientVersion": "0.4.1"}
{"label": "turn-50", "rc": 0, "complete": true, "status": 200, "tokens": 48, "firstTokenMs": 1293, "ms": 6191, "policySerial": 1, "clientVersion": "0.4.1"}
16:31:31Z attempted 50, valid 50
16:31:34Z the lab app was stopped by the script after the turns (the VM ends with it)
