manager #1 pid 11268
PHASE 1: hvlab-accept against http://127.0.0.1:18091 (data plane 127.0.0.1:18092)
  HVLAB: manager http://127.0.0.1:18091: backend=hyperv-partition-per-app canStart=true tier=T0-hv hostExcluded=false partition="wmi-openhcl-gen2-igvm-linux" derivations=["enclave-catalog-bundle/1"]
  HVLAB: [tunnel] hvacc-node attached via token (1 enclave)
  HVLAB-ERR: [tunnel] hvacc-node claimed publicUrl http://127.0.0.1:56422/t/hvacc-node — IGNORED (not this tunnel's own https://<relay>/t/hvacc-node route); its on-chain runner id stays unstamped
  HVLAB: ensureApp: status=running after 21.3 s, instance=hv1cac4f4c5c807319a15b032135a4b38d key=1224c4f41f47f0b7 image=b7ba7731240ec902 tier=T0-hv hostExcluded=false reason=null
  HVLAB: PASS ensureApp reaches running through the node's own path: status=running instance=hv1cac4f4c5c807319a15b032135a4b38d
  HVLAB: PASS the record's labels are this tier's: T0-hv, the host NOT excluded: tier=T0-hv hostExcluded=false
  HVLAB: the manager's view of hv1cac4f4c5c807319a15b032135a4b38d: {"id":"hv1cac4f4c5c807319a15b032135a4b38d","name":"0x4e62e60da567ca6c0b35f818192813e082149e738ad27204b5f074ed8adc6c1e","status":"running","appId":"9c3d10f1450e17bc6a21478723193ef7e3da409afe353e264714cb801d180d45","runtimeId":"ccadb38a6779615597f0614311a631c70810916c1bbeb9f5706ee3a637fd90c8","recordSha256":"bff33b951aade0a921edea4b0aca89712005d20cbb2c074c0f885d079e059d6c","image":"b7ba7731240ec9025; statement {"partition":"wmi-openhcl-gen2-igvm-linux","guestImageKind":"igvm-linux-direct"}
  HVLAB: PASS browser -> tunnel -> app zone -> data plane -> domain: the session's key is the one the manager verified: monitor-signed on the browser's handshake key 1224c4f41f47f0b7, record 1224c4f41f47f0b7
  HVLAB: the guest's boundary tuple: "tier=t0-hv vmpl=n/a vmpl_floor=n/a vmpl0=n/a host_excluded=no hv_isolation=vbs paravisor=no"
  HVLAB: PASS the guest states hv_isolation=vbs (stated by the hypervisor, not a proof), and host_excluded=no: hv_isolation=vbs paravisor=no host_excluded=no
  HVLAB: PASS the app answers on its own name: 200 "Hello World!\n"
  HVLAB: PASS a verifier that holds another key does not accept the document: reject (binding does not match the handshake)
  HVLAB: PASS a document for another nonce is not accepted (no replay): reject (document nonce is not ours; binding does not match the handshake)
  HVLAB: PASS a verifier expecting another app does not accept it: reject (the report names a different app; the domain's own claim differs from the expected app (informational field))
  HVLAB: PASS data plane admission, the exact record (control: admitted): "OK"
  HVLAB: PASS data plane admission, another transport key: "NO the instance's verified transport key is not that key"
  HVLAB: PASS data plane admission, another guest image: "NO the instance was not booted from that guest image"
  HVLAB: PASS data plane admission, another app: "NO the instance is not that app"
  HVLAB: PASS data plane admission, another runtime: "NO the instance does not carry that runtime"
  HVLAB: PASS data plane admission, an instance the manager does not hold: "NO no such instance"
  HVLAB: ensureApp {force:true}: status=running after 22.3 s, instance=hvc7dbbc3cce758584ff7709d1f6aa0d28 key=b1df7d2b5d0d624f image=b7ba7731240ec902 tier=T0-hv hostExcluded=false reason=null
  HVLAB: PASS the forced relaunch reaches running on a NEW instance with a NEW transport key: instance hv1cac4f4c5c807319a15b032135a4b38d -> hvc7dbbc3cce758584ff7709d1f6aa0d28, key 1224c4f41f47f0b7 -> b1df7d2b5d0d624f
  HVLAB: PASS the manager no longer holds the old instance: null
  HVLAB: PASS exactly one instance carries this deployment's name: hvc7dbbc3cce758584ff7709d1f6aa0d28:running
  HVLAB: PASS the session opened on the old domain has ended: closed
  HVLAB: PASS the old route (old instance, old key) is refused: "NO no such instance"
  HVLAB: PASS the new instance under the OLD key is refused: "NO the instance's verified transport key is not that key"
  HVLAB: PASS the browser reconnects: monitor-signed on the NEW key the manager verified: monitor-signed on b1df7d2b5d0d624f, record b1df7d2b5d0d624f
  HVLAB: PASS a client pinned to the old key sees a different key and must refuse: pinned 1224c4f41f47f0b7, served b1df7d2b5d0d624f
  HVLAB: PASS the app answers after the relaunch: 200
  HVLAB: [tunnel] hvacc-node detached
  HVLAB: [tunnel] hvacc-node attached via token (1 enclave)
  HVLAB-ERR: [tunnel] hvacc-node claimed publicUrl http://127.0.0.1:56422/t/hvacc-node — IGNORED (not this tunnel's own https://<relay>/t/hvacc-node route); its on-chain runner id stays unstamped
  HVLAB: ensureApp after a node restart: status=running after 0.6 s, instance=hvc7dbbc3cce758584ff7709d1f6aa0d28 key=b1df7d2b5d0d624f image=b7ba7731240ec902 tier=T0-hv hostExcluded=false reason=null
  HVLAB: PASS after a node restart ensureApp adopts the SAME instance and key: instance hvc7dbbc3cce758584ff7709d1f6aa0d28 key b1df7d2b5d0d624f
  HVLAB: PASS still exactly one instance for the deployment: hvc7dbbc3cce758584ff7709d1f6aa0d28:running
  HVLAB: PASS the browser reconnects through the restarted node, on the same verified key: monitor-signed on b1df7d2b5d0d624f
  HVLAB: PASS the app answers through the restarted node: 200
  HVLAB: PASS cleanup: instance hvc7dbbc3cce758584ff7709d1f6aa0d28 retired and confirmed gone: removed=true reason=null after=null
  HVLAB:   node: [node-1] 0x4e62e60d isolation spawned: hv1cac4f4c5c807319a15b032135a4b38d status=running image=b7ba7731240ec9025f8c92651be17ecf8af17764e2c3eb0bd20af60f00923748
  HVLAB:   node: [node-1 app-zone] app-zone 0x4e62e60d -> spliced: guest ended
  HVLAB:   node: [node-1] 0x4e62e60d isolated domain retired (forced relaunch)
  HVLAB:   node: [node-1] 0x4e62e60d isolation spawned: hvc7dbbc3cce758584ff7709d1f6aa0d28 status=running image=b7ba7731240ec9025f8c92651be17ecf8af17764e2c3eb0bd20af60f00923748
  HVLAB:   node: [node-2] 0x4e62e60d isolation adopted: hvc7dbbc3cce758584ff7709d1f6aa0d28 status=running image=b7ba7731240ec9025f8c92651be17ecf8af17764e2c3eb0bd20af60f00923748
  HVLAB:   node: [node-1 app-zone] app-zone 0x4e62e60d -> spliced: guest ended
  HVLAB:   node: [node-2 app-zone] app-zone 0x4e62e60d -> spliced: guest ended
  HVLAB: HVLAB-ACCEPT ALL PASS
PHASE 1 RESULT: exit 0, HVLAB-ACCEPT ALL PASS
PHASE 2: restart recovery (serving: A2s and A7 apply)
manager #2 pid 8556
PASS A0: inventory ready and empty; no manager-owned VM on this host
PASS A1: POST 201 in 8167 ms, id hvf3128b9e1c4205efb5c351d4bfa289f5, status starting, partition wmi-openhcl-gen2-igvm-linux, hostExcluded false
PASS A2: 1 VM(s) carry id hvf3128b9e1c4205efb5c351d4bfa289f5: enclave-app-hvf3128b9e1c4205-9c3d10f1 614d66b9-2055-4569-bf97-09ca1416f2c3 Running
PASS A2s: status running, relay port 60562, TCP accepts, launcherKey named, image b7ba7731240ec9025f8c92651be17ecf8af17764e2c3eb0bd20af60f00923748, statement {"partition":"wmi-openhcl-gen2-igvm-linux","guestImageKind":"igvm-linux-direct"}
PASS A3: manager gone; the VM is Running
PASS A7: relay port 60562 refuses: the relay died with the manager
manager #3 pid 2348
PASS A4: GET 200: recovered true, status starting, appReady false, relay null, hostExcluded false
PASS A5: second POST 409 naming hvf3128b9e1c4205efb5c351d4bfa289f5; VMs with this id 1, manager-owned VMs 1
PASS A6: DELETE 200; VMs with this id 0; GET after 404
A9: monitor stop of domain 1 under boot ad339bd528d3ab05724097a600605fe0 -> {"stopped":1}
PASS A9: monitor stop -> {"stopped":1}; status failed after 29738 ms, reason "the domain stopped answering (3 checks in a row): no TLS session: read ECONNRESET; its VM is left for the node to retire", VM Running
A9 cleanup: DELETE hv1c1c3dbdacd29418f4273adab7366e75 -> 200; VMs with this id 0
A8: turned 2086988c-7d01-4a93-a7e5-888c0c107da1 off from the host -> {"state":"Off"}
PASS A8: after turning 2086988c-7d01-4a93-a7e5-888c0c107da1 Off: status failed within 1003 ms, reason "the partition is Off: it stopped by itself (on type 1 a guest reset turns the VM Off, measured in G4 run 082856); its VM is left for the node to retire", relay 55274 refuses
A8 cleanup: DELETE hv9cafea37b4dfe4b387f13ddea807daaa -> 200; VMs with this id 0
RESTART-ACCEPT ALL PASS
ACCEPTANCE: phase 1 PASS, phase 2 PASS
