CAPTURE BEGIN label=dp-06 path=/data/user/0/host.enclave.anchor.avf/files/capture/dp-06.log cap_bytes=16777216
HOST start payload=libanchor.so debug=0 mem=8192MiB worker=127.0.0.1:9500 mode=local host=Main
GATE device=Pixel 10 Pro XL sdk=37 vendor_api_level=202504 board_api_level=202604
GATE capabilities=3 protected_vm=true remote_attestation=true updatable_vm=true
GATE SUPPORTED
HOST VirtualMachineConfig.Builder ALL: setApkPath setConnectVmConsole setConsoleInputDevice setCpuTopology setCustomImageConfig setDebugLevel setDisableUpdatability setEncryptedStorageBytes setMemoryBytes setOs setPayloadBinaryName setPayloadConfigPath setProtectedVm setShouldBoostUclamp setShouldRamdump setShouldUseHugepages setVendorDiskImage setVmConsoleInputSupported setVmOutputCaptured 
HOST VirtualMachine ALL: $r8$lambda$jE9hC_Yw8T-C1lFix_Seicfe55E addDisplay binderFromPreconnectedClient clearCallback close connectToVsockServer connectVsock enableTestAttestation equals getActualMemoryBalloonBytes getCid getClass getConfig getConsoleInput getConsoleOutput getDisplays getGuestAgent getLogOutput getName getRootDir getStatus hashCode notify notifyAll removeDisplay resume run sendKeyEvent sendLidEvent sendMouseEvent sendMultiTouchEvent sendTabletModeEvent sendTrackpadEvent setCallback setConfig setMemoryBalloon setMemoryBalloonByPercent setTouchScale stop suspend toDescriptor toString wait wait wait 
HOST AVF feature com.android.kvm.NETWORK: true
HOST vCPU uclamp boost: requested
HOST encrypted storage 6144 MiB: set
HOST config protected=true debug=0
HOST VM instance 'anchorlocal' mem=8192 MiB storage=6144 MiB
HOST VM instance 'anchorlocal' EFFECTIVE mem=7168 MiB storage=6144 MiB (requested mem=8192 storage=6144)
HOST vm.run() returned, status=1
VM cb onGuestAgentRegistered
VM payload started
VM payload ready
PADS send cap: guest=0 cache=0
PADS direct fill: enabled=0
CONTROL connected
VSOCK SPKI 302a300506032b6570032100c9346c4e0a62100b6ce262cbbdae2881c905582dc46dfcfda7cea209ac327ec3
VSOCK PADKEY 50ab5723a0aa81865d50e4c05b951bae3a292a2c0296b674bb75bbfef5aff046
CONTROL challenge=ebc5901ecc63917850c4ea9b8e90eed8f081ca30574c68233c25a38836085677
VSOCK PINS mode=dev ledger=app model=unpinned prefix=app sha256=arm_sha2
VSOCK STORAGE /mnt/encryptedstore fstype=0xef53 total=5983 MiB avail=781 MiB fs-verity=refused: Permission denied userfaultfd=Operation not permitted ram=7011 MiB vm-…(190)
VSOCK STORAGE2 selinux=u:r:microdroid_app:s0 measure=Permission denied enable-after-chmod=Permission denied authfs=0 authfs_service=0 /dev/fuse=1(Permission denied)
VSOCK STORAGE2 mount=[/dev/block/mapper/crypt /mnt/encryptedstore ext4 rw,fscontext=u:object_r:encryptedstore_fs:s0,context=u:object_r:encryptedstore_file:s0,nosuid,n…(193)
VSOCK STORAGE3 userfaultfd(USER_MODE_ONLY)=open: Permission denied
VSOCK ANCHOR start in pVM apk=/mnt/apk control=owner-connected
VSOCK ANCHOR cpu nproc=8 features= fp asimd evtstrm aes pmull sha1 sha2 crc32 atomics fphp asimdhp cpuid asimdrdm jscvt fcma lrcpc dcpop sha3 sm3 sm4 asimddp sha512 s…(308)
VSOCK ATTEST no BOUND: certificate only, nothing signed
VSOCK ATTEST status=The remote attestation completes successfully. code=0
VSOCK ATTEST certs=5
VSOCK CERT0 bytes=567 chunks=2
VSOCK CERT0[0] 30820233308201d9a003020102021100f984fb67991e5ee8edcf92db9762e106300a06082a8648ce3d0403023039310c300a060355040a13034156463129302706035504031320373662666…(1033)
VSOCK CERT0[1] fef41b6c8f722eb4d2702d5fd8bf0c26cc922a2c022100bb2be2345a6e291dc6db62d241f81afd55fa2a96561706ff0a3838b3c60ef8a5
VSOCK CERT1 bytes=501 chunks=1
VSOCK CERT1[0] 308201f130820197a003020102021076bfa19ea075cbc0eeffa67fd2075e6f300a06082a8648ce3d040302302931133011060355040a130a476f6f676c65204c4c433112301006035504031…(1011)
VSOCK CERT2 bytes=754 chunks=2
VSOCK CERT2[0] 308202ee30820275a0030201020213380c9a70b7517476eb7163f9efd6f188702ce8300a06082a8648ce3d040303302931133011060355040a130a476f6f676c65204c4c433112301006035…(1033)
VSOCK CERT2[1] 047b30793077a075a0738671687474703a2f2f7072697661746563612d636f6e74656e742d36393865313061392d303030302d323237362d626431302d3838336432346632653637632e737…(493)
VSOCK CERT3 bytes=618 chunks=2
VSOCK CERT3[0] 30820266308201eba003020102021100924250191903e3ba65320efd6a2085fb300a06082a8648ce3d0403033052311c301a06035504030c134b6579204174746573746174696f6e2043413…(1033)
VSOCK CERT3[1] 69003066023100f4dbc058fab59924fd523ff5373c4939c04d5a3de504a052d30c350ac748c75ecc3d6255f7e2ec6e3792cfa41873548e023100b017cd6a2d3d15a1bd4a07d10829375034f…(221)
VSOCK CERT4 bytes=550 chunks=2
VSOCK CERT4[0] 30820222308201a8a00302010202110084a9d0297b0eb58ae7ff0e80de760605300a06082a8648ce3d0403033052311c301a06035504030c134b6579204174746573746174696f6e2043413…(1033)
VSOCK CERT4[1] 46445889b5010e393a7ffacd46731798b91db387ff34950caef6f0050a3e84e005dcfa8b2646
VSOCK ATTEST end
MODEL already in the VM's encrypted storage (3204 MiB), not streamed
VSOCK ENGINE model 3204 MiB already in the VM's encrypted storage
VSOCK MODEL table: 601 tensors, header 15819080 bytes retained, data at 15819104, digests from the pin's own read (arm_sha2)
VSOCK MODEL ok 5bf274a5a82cc4fbb05d7a35d2566dc2074eaef8f64a2741ec812dc65089fc48 (unpinned: hashed only)
LOCAL plan: /data/user/0/host.enclave.anchor.avf/files/model.gguf (3204 MiB), 6 threads, ctx 4096, scripted turns
LOCAL tpu lane: corr_threads 3, decode_threads 2, verify_threads 0, tpu_bank 128, drafter none | defaulted: none (every profile setting named by the launch)
LOCAL loading: the VM is staging and loading the model
VSOCK ANCHOR local mode: the whole model runs in this VM
VSOCK MODEL ok 5bf274a5a82cc4fbb05d7a35d2566dc2074eaef8f64a2741ec812dc65089fc48 (staged already, unchanged)
TPU worker: thread priority -19, ADPF hint session held
TPU bundle sha256=b9a24410c23b639fc654c73e8f645ca72d7827d50db45d8dde097abd1ca26358 (hashed in 2394 ms)
TPU worker: 35 compiled blocks loaded in 3489 ms
TPU bench (ms per Run, min/mean): L0.qkv 0.97/1.12 L0.qkv+3ms-gap 1.06/1.83 L0.o 1.13/1.55 L0.o+3ms-gap 1.28/1.85 L0.gu 2.08/2.29 L0.gu+3ms-gap 2.26/2.66 L0.down 1.43/1.73 L0.down+3ms-gap 1.59/2.16 L20.qkv 0.97/1.37 L20.qkv+3ms-gap 1.35/1.87 L20.o 1.04/1.37 L20.o+3ms-gap 1.20/1.73 L20.gu 2.95/3.55 L20.gu+3ms-gap 3.46/4.04 L20.down 1.94/2.20 L20.down+3ms-gap 2.16/2.56
TPU worker: link poll before sleeping 0 us
TPU worker: serving masked rows
TPU bundle already in the VM's encrypted storage (1757 MiB, same sha256), not streamed
VSOCK LOCAL tpu.bundle: already in the encrypted store (1757 MiB, sha256 b9a24410c23b639f..., re-hashed in 18.4 s)
VSOCK LOCAL tpu: worker connected; masked rows only cross this link
VSOCK LOCAL listening on vsock 7781 for the conversation; model 3360161216 bytes, 6 threads, ctx 4096
VSOCK LOCAL tpu: backend loaded, bundle open, worker link set (5 rows per exchange)
VSOCK LOCAL verified loader: 602 tensors (3504.4 MiB) hashed against the staged table before use: 71 repacked from verified bytes, 531 plain CPU
VSOCK LOCAL context ready: ctx 4096, 6 threads (decode 2), persistent pool=yes (poll 50, verify 0), model loaded in 51.2 s
VSOCK LOCAL tpu: lane bundle paged in from the encrypted store in 1.9 s (NOT locked: it can be evicted) | mem available 1934 MiB, page cache 1901 MiB, major faults 92
VSOCK LOCAL tpu: minted 128 pad positions per group in 2.5 s (51.9 positions per second on 6 threads) | mem available 1512 MiB, page cache 1901 MiB, major faults 92
VSOCK LOCAL tpu: build config repair=1 verify=1 inject=0 corr_threads=3 spin_us=0 (built Sep 23 2026 07:07:49)
VSOCK LOCAL tpu: vsock credit window 262144 -> 1048576 bytes
LOCAL ready: {ctx=4096, threads=6, vocab=262144, model=5bf274a5a82cc4fbb05d7a35d2566dc2074eaef8f64a2741ec812dc65089fc48, load_s=51.2}
LOCAL ask sha256=b776c4c6cb23987fadf0de121d38571d43281ea5ea8b615dc1111d4f8688129a bytes=128
VSOCK LOCAL turn 1: status=eos prefill_tokens=33 prefill_tok_s=24.49 decode_tokens=76 decode_tok_s=0.94 ctx_used=109 ctx=4096
LOCAL turn 1 window boottime_ms start=353867150 first=353868513 end=353949710
VSOCK LOCAL tpu turn 1: exchanges=10640 (140.0/token) ms per exchange: mask 0.101 link 5.561 (corr 0.121 mint 0.000 wait 5.292) unmask 1.112 | rx/exch 1.49 | KB/token out 1039 in 3432 | pads inline 0 (0.0 ms each) bank_min 52 | cancel n=66772875 max=0.0010 rms=0.00006 LSB | verify n=31160 bad=2 max=1 rms=0.008 (output LSB over 15580 paired samples: max 0.010 rms 0.000) rails(-32768/-32767/+32767)=64/1/52 | outliers kept 450424 saturated 117 (CLIPPED 116 [hi 0 lo 116] REPAIRED, FALSE-RAILS 0, recomp 117, max excess 22338, max err 218.1 LSB) redrawn 0 | mem available 1571 MiB, page cache 1902 MiB, major faults 109
LOCAL turn 1 Q: Write a Python function called shout that returns its argument uppercased with an exclamation mark appended. Give only the code.
VSOCK LOCAL tpu turn 1: ms per exchange, split: of unmask, verification dots 0.051 | after it, releasing the pads 0.098 | between exchanges (the VM's own graph work) 0.754 | of wait, joining the correction after the reply 0.030 | out-of-lane entries per exchange 42.3 | the VM thread's own CPU: unmask 0.163, between exchanges 0.709 | parallel unmask checked against serial on 700 exchanges, 0 differed
VSOCK LOCAL tpu turn 1: exchanges by duration (<25us <100us <400us <1.6ms longer): unmask 0 1 2780 6011 1848 | between exchanges 92 2236 5288 2431 592
LOCAL turn 1 A: ```python\ndef shout(text):\n  """\n  Returns the input text uppercased with an exclamation mark appended.\n\n  Args:\n    text: The string to be processed.\n\n  Returns:\n    A new string with the text uppercased and an '!' appended.\n  """\n  return text.upper() + "!"\n```
LOCAL turn 1 STATS {status=eos, prefill_tokens=33, prefill_tok_s=24.49, decode_tokens=76, decode_tok_s=0.94, ctx_used=109, ctx=4096}
LOCAL done: 1 scripted turns
VSOCK LOCAL engine ending after 1 turns
VSOCK LOCAL exit 0
VSOCK END
CONTROL closed after 19 lines
CAPTURE END label=dp-06 lines=88 bytes=9746 status=complete
