manager #1 pid 14104
PHASE 1: hvlab-accept against http://127.0.0.1:18091 (data plane 127.0.0.1:18092)
  HVLAB: manager http://127.0.0.1:18091: backend=hyperv-partition-per-app canStart=true tier=T0-hv hostExcluded=false partition="wmi-openhcl-gen2-igvm-linux" derivations=["enclave-catalog-bundle/1"]
  HVLAB: [tunnel] hvacc-node attached via token (1 enclave)
  HVLAB-ERR: [tunnel] hvacc-node claimed publicUrl http://127.0.0.1:61301/t/hvacc-node — IGNORED (not this tunnel's own https://<relay>/t/hvacc-node route); its on-chain runner id stays unstamped
  HVLAB: ensureApp: status=running after 21.9 s, instance=hvf318d393deac052b5d1493be0720f8d8 key=b3c1ff5ac8a373a7 image=0891c740ddf18ded tier=T0-hv hostExcluded=false reason=null
  HVLAB: PASS ensureApp reaches running through the node's own path: status=running instance=hvf318d393deac052b5d1493be0720f8d8
  HVLAB: PASS the record's labels are this tier's: T0-hv, the host NOT excluded: tier=T0-hv hostExcluded=false
  HVLAB: the manager's view of hvf318d393deac052b5d1493be0720f8d8: {"id":"hvf318d393deac052b5d1493be0720f8d8","name":"0x4e62e60da567ca6c0b35f818192813e082149e738ad27204b5f074ed8adc6c1e","status":"running","appId":"9c3d10f1450e17bc6a21478723193ef7e3da409afe353e264714cb801d180d45","runtimeId":"ccadb38a6779615597f0614311a631c70810916c1bbeb9f5706ee3a637fd90c8","recordSha256":"bff33b951aade0a921edea4b0aca89712005d20cbb2c074c0f885d079e059d6c","image":"0891c740ddf18ded1; statement {"partition":"wmi-openhcl-gen2-igvm-linux","guestImageKind":"igvm-linux-direct"}
  HVLAB: PASS browser -> tunnel -> app zone -> data plane -> domain: the session's key is the one the manager verified: monitor-signed on the browser's handshake key b3c1ff5ac8a373a7, record b3c1ff5ac8a373a7
  HVLAB: the guest's boundary tuple: "tier=t0-hv vmpl=n/a vmpl_floor=n/a vmpl0=n/a host_excluded=no hv_isolation=vbs paravisor=no"
  HVLAB: PASS the guest states hv_isolation=vbs (stated by the hypervisor, not a proof), and host_excluded=no: hv_isolation=vbs paravisor=no host_excluded=no
  HVLAB: PASS the app answers on its own name: 200 "Hello World!\n"
  HVLAB: PASS a verifier that holds another key does not accept the document: reject (binding does not match the handshake)
  HVLAB: PASS a document for another nonce is not accepted (no replay): reject (document nonce is not ours; binding does not match the handshake)
  HVLAB: PASS a verifier expecting another app does not accept it: reject (the report names a different app; the domain's own claim differs from the expected app (informational field))
  HVLAB: PASS data plane admission, the exact record (control: admitted): "OK"
  HVLAB: PASS data plane admission, another transport key: "NO the instance's verified transport key is not that key"
  HVLAB: PASS data plane admission, another guest image: "NO the instance was not booted from that guest image"
  HVLAB: PASS data plane admission, another app: "NO the instance is not that app"
  HVLAB: PASS data plane admission, another runtime: "NO the instance does not carry that runtime"
  HVLAB: PASS data plane admission, an instance the manager does not hold: "NO no such instance"
  HVLAB: ensureApp {force:true}: status=running after 21.8 s, instance=hv8906e78953911da0d08fc196102ba035 key=98d8c24124e11d4c image=0891c740ddf18ded tier=T0-hv hostExcluded=false reason=null
  HVLAB: PASS the forced relaunch reaches running on a NEW instance with a NEW transport key: instance hvf318d393deac052b5d1493be0720f8d8 -> hv8906e78953911da0d08fc196102ba035, key b3c1ff5ac8a373a7 -> 98d8c24124e11d4c
  HVLAB: PASS the manager no longer holds the old instance: null
  HVLAB: PASS exactly one instance carries this deployment's name: hv8906e78953911da0d08fc196102ba035:running
  HVLAB: PASS the session opened on the old domain has ended: closed
  HVLAB: PASS the old route (old instance, old key) is refused: "NO no such instance"
  HVLAB: PASS the new instance under the OLD key is refused: "NO the instance's verified transport key is not that key"
  HVLAB: PASS the browser reconnects: monitor-signed on the NEW key the manager verified: monitor-signed on 98d8c24124e11d4c, record 98d8c24124e11d4c
  HVLAB: PASS a client pinned to the old key sees a different key and must refuse: pinned b3c1ff5ac8a373a7, served 98d8c24124e11d4c
  HVLAB: PASS the app answers after the relaunch: 200
  HVLAB: [tunnel] hvacc-node detached
  HVLAB: [tunnel] hvacc-node attached via token (1 enclave)
  HVLAB-ERR: [tunnel] hvacc-node claimed publicUrl http://127.0.0.1:61301/t/hvacc-node — IGNORED (not this tunnel's own https://<relay>/t/hvacc-node route); its on-chain runner id stays unstamped
  HVLAB: ensureApp after a node restart: status=running after 0.3 s, instance=hv8906e78953911da0d08fc196102ba035 key=98d8c24124e11d4c image=0891c740ddf18ded tier=T0-hv hostExcluded=false reason=null
  HVLAB: PASS after a node restart ensureApp adopts the SAME instance and key: instance hv8906e78953911da0d08fc196102ba035 key 98d8c24124e11d4c
  HVLAB: PASS still exactly one instance for the deployment: hv8906e78953911da0d08fc196102ba035:running
  HVLAB: PASS the browser reconnects through the restarted node, on the same verified key: monitor-signed on 98d8c24124e11d4c
  HVLAB: PASS the app answers through the restarted node: 200
  HVLAB: PASS cleanup: instance hv8906e78953911da0d08fc196102ba035 retired and confirmed gone: removed=true reason=null after=null
  HVLAB:   node: [node-1] 0x4e62e60d isolation spawned: hvf318d393deac052b5d1493be0720f8d8 status=running image=0891c740ddf18ded1ea903495b70c799a5cfbe498d05843e47c7b84106ed7998
  HVLAB:   node: [node-1 app-zone] app-zone 0x4e62e60d -> spliced: guest ended
  HVLAB:   node: [node-1] 0x4e62e60d isolated domain retired (forced relaunch)
  HVLAB:   node: [node-1] 0x4e62e60d isolation spawned: hv8906e78953911da0d08fc196102ba035 status=running image=0891c740ddf18ded1ea903495b70c799a5cfbe498d05843e47c7b84106ed7998
  HVLAB:   node: [node-2] 0x4e62e60d isolation adopted: hv8906e78953911da0d08fc196102ba035 status=running image=0891c740ddf18ded1ea903495b70c799a5cfbe498d05843e47c7b84106ed7998
  HVLAB:   node: [node-1 app-zone] app-zone 0x4e62e60d -> spliced: guest ended
  HVLAB:   node: [node-2 app-zone] app-zone 0x4e62e60d -> spliced: guest ended
  HVLAB: HVLAB-ACCEPT ALL PASS
PHASE 1 RESULT: exit 0, HVLAB-ACCEPT ALL PASS
PHASE 2: restart recovery (serving: A2s and A7 apply)
sweeps: liveness 5000 ms, answer check 5000 ms (the driver's default)
manager #2 pid 20608
PASS A0: inventory ready and empty; no manager-owned VM on this host
PASS A1: POST 201 in 7845 ms, id hv715a769107ac2892db146b610326a597, status starting, partition wmi-openhcl-gen2-igvm-linux, hostExcluded false
PASS A2: 1 VM(s) carry id hv715a769107ac2892db146b610326a597: enclave-app-hv715a769107ac28-9c3d10f1 9285d15a-ca1b-4f78-a5de-e8d0536bd7f8 Running
PASS A2s: status running, relay port 61347, TCP accepts, launcherKey named, image 0891c740ddf18ded1ea903495b70c799a5cfbe498d05843e47c7b84106ed7998, statement {"partition":"wmi-openhcl-gen2-igvm-linux","guestImageKind":"igvm-linux-direct"}
PASS A3: manager gone; the VM is Running
PASS A7: relay port 61347 refuses: the relay died with the manager
manager #3 pid 15504
PASS A4: GET 200: recovered true, status starting, appReady false, relay null, hostExcluded false
PASS A5: second POST 409 naming hv715a769107ac2892db146b610326a597; VMs with this id 1, manager-owned VMs 1
PASS A6: DELETE 200; VMs with this id 0; GET after 404
A9: monitor stop of domain 1 under boot f82117ba9455e73e4a7f5b1163884004 -> {"stopped":1}
PASS A9: monitor stop -> {"stopped":1}; status failed after 30692 ms, reason "the domain stopped answering (3 checks in a row): no TLS session: read ECONNRESET; its VM is left for the node to retire", VM Running
A9 cleanup: DELETE hvf7b2c4c815b55fbd063c69951c656b6c -> 200; VMs with this id 0
A8: turned de8f97f6-b354-430f-8cb6-cba7749aa3eb off from the host -> {"state":"Off"}
PASS A8: after turning de8f97f6-b354-430f-8cb6-cba7749aa3eb Off: status failed within 2022 ms, reason "the partition is Off: it stopped by itself (on type 1 a guest reset turns the VM Off, measured in G4 run 082856); its VM is left for the node to retire", relay 61420 refuses
A8 cleanup: DELETE hvc30bc611bdaec988befdd82788a395d5 -> 200; VMs with this id 0
RESTART-ACCEPT ALL PASS
ACCEPTANCE: phase 1 PASS, phase 2 PASS
