01:16:30 apk 10c59696fc35af4ddde0bc96a8bc7aade947426c59195020666bb37eb1513d25 installed; the PAGE pins code hash 433dd3dfa08f5be8d77cefcc93cd5297acdf022d7fa9dfc9d584fe081f1c0dfd, app 29e8942369846359b5936dbef1268c28f7097cccb3101b86345dc4dd8f4c1373 (stream-probe), the pVM runtime, Google's roots (served by the site)
01:16:32 == launch 1
01:18:19 l1: the VM serves and answers evidence (104 s)
{"label": "stream-honest", "browser": "chromium", "complete": true, "status": 200, "tokens": 24, "firstTokenMs": 1304, "ms": 3062, "step": null, "error": null, "refused": null}
{"label": "stream-firefox", "browser": "firefox", "complete": true, "status": 200, "tokens": 24, "firstTokenMs": 1182, "ms": 2858, "step": null, "error": null, "refused": null}
{"label": "whole-honest", "browser": "chromium", "complete": null, "status": 200, "tokens": null, "firstTokenMs": null, "ms": 1520, "step": null, "error": null, "refused": null}
{"label": "evil-stream-pass", "browser": "chromium", "complete": true, "status": 200, "tokens": 24, "firstTokenMs": 2880, "ms": 2881, "step": null, "error": null, "refused": null}
{"label": "evil-stream-swap", "browser": "chromium", "complete": false, "status": null, "tokens": 0, "firstTokenMs": null, "ms": 2852, "step": "sealed", "error": "tamper", "refused": "chunk 0 does not open under this request's keys (altered, reordered, duplicated, dropped, spliced, replayed, or not
{"label": "evil-stream-dup", "browser": "chromium", "complete": false, "status": 200, "tokens": 3, "firstTokenMs": 2986, "ms": 2986, "step": "sealed", "error": "tamper", "refused": "chunk 2 does not open under this request's keys (altered, reordered, duplicated, dropped, spliced, replayed, or not th
{"label": "evil-stream-drop", "browser": "chromium", "complete": false, "status": 200, "tokens": 1, "firstTokenMs": 2852, "ms": 2853, "step": "sealed", "error": "tamper", "refused": "chunk 1 does not open under this request's keys (altered, reordered, duplicated, dropped, spliced, replayed, or not t
{"label": "evil-stream-truncate", "browser": "chromium", "complete": false, "status": 200, "tokens": 5, "firstTokenMs": 2866, "ms": 2866, "step": "sealed", "error": "truncated", "refused": "the stream ended after 3 chunks with no FIN: INCOMPLETE"}
{"label": "evil-stream-forge-fin", "browser": "chromium", "complete": false, "status": 200, "tokens": 3, "firstTokenMs": 2856, "ms": 2856, "step": "sealed", "error": "tamper", "refused": "chunk 2 does not open under this request's keys (altered, reordered, duplicated, dropped, spliced, replayed, or
{"label": "evil-stream-flip", "browser": "chromium", "complete": false, "status": 200, "tokens": 1, "firstTokenMs": 2850, "ms": 2850, "step": "sealed", "error": "tamper", "refused": "chunk 1 does not open under this request's keys (altered, reordered, duplicated, dropped, spliced, replayed, or not t
{"label": "evil-stream-fin-flag", "browser": "chromium", "complete": false, "status": 200, "tokens": 1, "firstTokenMs": 2823, "ms": 2824, "step": "sealed", "error": "tamper", "refused": "chunk 1 does not open under this request's keys (altered, reordered, duplicated, dropped, spliced, replayed, or n
{"label": "evil-stream-forge-chunk", "browser": "chromium", "complete": false, "status": 200, "tokens": 1, "firstTokenMs": 2982, "ms": 2982, "step": "sealed", "error": "tamper", "refused": "chunk 1 does not open under this request's keys (altered, reordered, duplicated, dropped, spliced, replayed, o
{"label": "evil-stream-trailing", "browser": "chromium", "complete": false, "status": 200, "tokens": 24, "firstTokenMs": 2926, "ms": 2926, "step": "sealed", "error": "trailing", "refused": "1 bytes after the FIN"}
{"label": "evil-mode-flip", "browser": "chromium", "complete": false, "status": null, "tokens": 0, "firstTokenMs": null, "ms": 648, "step": "sealed", "error": "refused", "refused": "the VM refused (unauthenticated hint): cannot open: not sealed to this VM's app key for this app, runtime and nonce"}
{"label": "evil-stream-replay", "browser": "chromium", "complete": false, "status": null, "tokens": 0, "firstTokenMs": null, "ms": 2834, "step": "sealed", "error": "tamper", "refused": "chunk 0 does not open under this request's keys (altered, reordered, duplicated, dropped, spliced, replayed, or no
{"label": "cancel", "browser": "chromium", "complete": false, "status": 200, "tokens": 5, "firstTokenMs": 1132, "ms": 1543, "step": "sealed", "error": "cancelled", "refused": "the caller aborted"}
{"label": "after-cancel", "browser": "chromium", "complete": true, "status": 200, "tokens": 8, "firstTokenMs": 1128, "ms": 1605, "step": null, "error": null, "refused": null}
01:20:24 termination: waiting for the lab STOP and the run's end
{"label": "after-termination", "browser": "chromium", "complete": null, "status": null, "tokens": null, "firstTokenMs": null, "ms": null, "step": "evidence", "error": null, "refused": "no evidence: the carrier answered 502"}
01:26:26 == launch 2 (reconnect)
01:28:13 l2: the VM serves and answers evidence (104 s)
{"label": "reconnect-stream", "browser": "chromium", "complete": true, "status": 200, "tokens": 24, "firstTokenMs": 1301, "ms": 3120, "step": null, "error": null, "refused": null}
{"label": "reconnect-old-stream", "browser": "chromium", "complete": false, "status": null, "tokens": 0, "firstTokenMs": null, "ms": 2773, "step": "sealed", "error": "tamper", "refused": "chunk 0 does not open under this request's keys (altered, reordered, duplicated, dropped, spliced, replayed, or
