03:11:03 lab anchors: policy key 6669bb99df74ec72dcadd043861cddb9250be41994aed3f27243b838f576c1f5, release key 56e95ca5f4c05fc4591f25cf6ed3baf805c408096d875b4e5fbbcf45b3efb689 (keys in /home/steven/.cache/enclave-pvm-client-lab/0924031103, not in the repository); client {"client":"enclave-pvm-client","version":"0.2.0","lab":"NOT PRODUCTION"}
03:11:06 == launch
03:12:58 l1: the VM serves (109 s)
03:12:58 -- the CLI (state /home/steven/Projects/enclave-pvm/shielded/anchor/avf/results/pvm-cpu-client-0.2.0/cli-state.d)
{"installed":"/home/steven/Projects/enclave-pvm/shielded/anchor/avf/results/pvm-cpu-client-0.2.0/cli-state.d","anchor":{"policyKeyFp":"6669bb99df74ec72dcadd043861cddb9250be41994aed3f27243b838f576c1f5","serialFloor":1,"releaseKeyFp":"56e95ca5f4c05fc4591f25cf6ed3baf805c408096d875b4e5fbbcf45b3efb689"}}
{"label": "cli-stream", "complete": true, "status": 200, "tokens": 24, "firstTokenMs": 1186, "ms": 3042, "step": null, "refused": null, "policySerial": 1}
{"label": "cli-whole", "complete": null, "status": 200, "tokens": null, "firstTokenMs": null, "ms": 1625, "step": null, "refused": null, "policySerial": 1}
{"label": "cli-attacker-policy", "complete": null, "status": null, "tokens": null, "firstTokenMs": null, "ms": null, "step": "policy", "refused": "the policy is signed by a key this client's anchor does not name", "policySerial": null}
{"label": "cli-policy-2", "complete": true, "status": 200, "tokens": 24, "firstTokenMs": 1175, "ms": 2904, "step": null, "refused": null, "policySerial": 2}
{"label": "cli-rollback", "complete": null, "status": null, "tokens": null, "firstTokenMs": null, "ms": null, "step": "policy", "refused": "policy serial 1 is below the 2 this client holds (its install floor or a newer policy it accepted): a rollback, refused", "policySerial": nu
{"label": "cli-narrow-roots", "complete": null, "status": null, "tokens": null, "firstTokenMs": null, "ms": null, "step": "verify", "refused": "attestation: root 6d9db4ce6c5c0b293166d08986e05774a8776ceb525d9e4329520de12ba4bcc0 is not a pinned Google attestation root", "policySeri
{"label": "cli-min-version", "complete": null, "status": null, "tokens": null, "firstTokenMs": null, "ms": null, "step": "policy", "refused": "this client (0.2.0) is below the policy's minimum 9.0.0: disabled until updated", "policySerial": null}
{"label": "cli-other-app", "complete": null, "status": null, "tokens": null, "firstTokenMs": null, "ms": null, "step": "policy", "refused": "the policy does not admit this app", "policySerial": 5}
{"label": "cli-relay-swaps-key", "complete": null, "status": null, "tokens": null, "firstTokenMs": null, "ms": null, "step": "verify", "refused": "the appKey is not signed by the attested transport key for this nonce and app", "policySerial": 6}
03:13:37 CLI state: {"state":{"policyFp":"6669bb99df74ec72dcadd043861cddb9250be41994aed3f27243b838f576c1f5","nextPolicyFp":null,"serial":6,"digest":"0e22ce1fb25c2161cc10f5e3dcb06dc96a48862eebb0a2e6a74163ec5c985595","releaseFp":"56e95ca5f4c05fc4591f25cf6ed3baf805c408096d875b4e5fbbcf45b3efb689","nextReleaseFp":null,"stag
03:13:37 -- the extension (mjlfpkclggjmdmgihnnpnjocfgbodjjc, Chrome for Testing), through a relay that can turn malicious
{"label": null, "installed": true, "complete": null, "status": null, "tokens": null, "firstTokenMs": null, "ms": null, "step": null, "refused": null, "policySerial": null}
{"label": "ext-stream", "installed": null, "complete": true, "status": 200, "tokens": 24, "firstTokenMs": 2853, "ms": 2854, "step": null, "refused": null, "policySerial": 1}
{"label": "ext-policy-2", "installed": null, "complete": true, "status": 200, "tokens": 24, "firstTokenMs": 2904, "ms": 2905, "step": null, "refused": null, "policySerial": 2}
{"label": "ext-attacker-policy", "installed": null, "complete": null, "status": null, "tokens": null, "firstTokenMs": null, "ms": null, "step": "policy", "refused": "the policy is signed by a key this client's anchor does not name", "policySerial": null}
{"label": "ext-rollback", "installed": null, "complete": null, "status": null, "tokens": null, "firstTokenMs": null, "ms": null, "step": "policy", "refused": "policy serial 1 is below the 2 this client holds (its install floor or a newer policy it accepted): a rollback, refused",
{"label": "ext-relay-swaps-key", "installed": null, "complete": null, "status": null, "tokens": null, "firstTokenMs": null, "ms": null, "step": "verify", "refused": "the appKey is not signed by the attested transport key for this nonce and app", "policySerial": 2}
{"label": "ext-relay-truncates", "installed": null, "complete": false, "status": 200, "tokens": 5, "firstTokenMs": 2794, "ms": 2794, "step": "sealed", "refused": "the stream ended after 3 chunks with no FIN: INCOMPLETE", "policySerial": 2}
03:14:25 waiting for the lab STOP
