cool gate: OK Thermal Status: 0 cap=3052000/3052000 after 1 check(s)
TPU worker: 7980 exchanges; per exchange ms: idle-wait 11.975 recv 0.120 input-write 0.109 tpu-run 2.147 output-read 0.274 send 0.118 | direct 0 staged 7980
TPU worker: thread priority -19, ADPF hint session held
TPU bundle already in the VM's encrypted storage (1757 MiB), not streamed
VSOCK LOCAL tpu.bundle: already in the encrypted store (1757 MiB)
TPU worker: 35 compiled blocks loaded in 695 ms
TPU bench (ms per Run, min/mean): L0.qkv 0.98/1.34 L0.qkv+3ms-gap 1.19/1.92 L0.o 0.98/1.56 L0.o+3ms-gap 1.36/1.90 L0.gu 2.72/2.96 L0.gu+3ms-gap 2.01/3.22 L0.down 1.22/1.95 L0.down+3ms-gap 1.27/2.31 L20.qkv 0.86/1.19 L20.qkv+3ms-gap 1.27/1.88 L20.o 1.04/1.41 L20.o+3ms-gap 1.29/1.94 L20.gu 3.78/3.96 L20.gu+3ms-gap 4.28/5.08 L20.down 2.76/2.96 L20.down+3ms-gap 2.83/3.87
TPU worker: serving masked rows
VSOCK LOCAL tpu: worker connected; masked rows only cross this link
VSOCK LOCAL tpu: backend loaded, bundle open, worker link set (5 rows per exchange)
VSOCK LOCAL tpu: lane bundle paged in from the encrypted store in 6.6 s (NOT locked: it can be evicted) | mem available 1906 MiB, page cache 1908 MiB, major faults 336
VSOCK LOCAL tpu: minted 64 pad positions per group in 4.5 s (14.2 positions per second on 1 threads) | mem available 1708 MiB, page cache 1908 MiB, major faults 336
VSOCK LOCAL tpu: build config repair=1 verify=1 inject=0 corr_threads=1 spin_us=0 (built Sep 22 2026 06:09:39)
VSOCK LOCAL tpu: vsock credit window 262144 -> 1048576 bytes
LOCAL turn 1 A: ```python\ndef reverse_string(s):\n  """\n  Reverses the given string.\n\n  Args:\n    s: The string to be reversed.\n\n  Returns:\n    The reversed string.\n  """\n  return s[::-1]\n```
LOCAL turn 1 STATS {status=eos, prefill_tokens=28, prefill_tok_s=12.55, decode_tokens=57, decode_tok_s=0.91, ctx_used=85, ctx=4096}
LOCAL done: 1 scripted turns
VSOCK LOCAL tpu turn 1: exchanges=7980 (140.0/token) ms per exchange: mask 0.103 link 6.429 (corr 0.101 mint 0.000 wait 6.116) unmask 0.266 | rx/exch 1.81 | KB/token out 1039 in 3432 | pads inline 0 (0.0 ms each) bank_min 7 | cancel n=50079658 max=0.0014 rms=0.00006 LSB | verify n=23370 bad=3 max=1 rms=0.011 (output LSB over 11685 paired samples: max 2.500 rms 0.033) rails(-32768/-32767/+32767)=49/0/37 | outliers kept 373823 saturated 86 (CLIPPED 86 [hi 0 lo 86] REPAIRED, FALSE-RAILS 0, recomp 86, max excess 22056, max err 215.4 LSB) redrawn 0 | mem available 1733 MiB, page cache 1909 MiB, major faults 341
TPU worker: 7980 exchanges; per exchange ms: idle-wait 14.143 recv 0.122 input-write 0.135 tpu-run 2.637 output-read 0.299 send 0.126 | direct 0 staged 7980
awake at end: 1  cap: 3052000
