CAPTURE BEGIN label=qw4b-24 path=/data/user/0/host.enclave.anchor.avf/files/capture/qw4b-24.log cap_bytes=16777216
HOST start payload=libanchor.so debug=0 mem=8192MiB worker=127.0.0.1:9500 mode=local host=Main
GATE device=Pixel 10 Pro XL sdk=37 vendor_api_level=202504 board_api_level=202604
GATE capabilities=3 protected_vm=true remote_attestation=true updatable_vm=true
GATE SUPPORTED
HOST VirtualMachineConfig.Builder ALL: setApkPath setConnectVmConsole setConsoleInputDevice setCpuTopology setCustomImageConfig setDebugLevel setDisableUpdatability setEncryptedStorageBytes setMemoryBytes setOs setPayloadBinaryName setPayloadConfigPath setProtectedVm setShouldBoostUclamp setShouldRamdump setShouldUseHugepages setVendorDiskImage setVmConsoleInputSupported setVmOutputCaptured 
HOST VirtualMachine ALL: $r8$lambda$jE9hC_Yw8T-C1lFix_Seicfe55E addDisplay binderFromPreconnectedClient clearCallback close connectToVsockServer connectVsock enableTestAttestation equals getActualMemoryBalloonBytes getCid getClass getConfig getConsoleInput getConsoleOutput getDisplays getGuestAgent getLogOutput getName getRootDir getStatus hashCode notify notifyAll removeDisplay resume run sendKeyEvent sendLidEvent sendMouseEvent sendMultiTouchEvent sendTabletModeEvent sendTrackpadEvent setCallback setConfig setMemoryBalloon setMemoryBalloonByPercent setTouchScale stop suspend toDescriptor toString wait wait wait 
HOST AVF feature com.android.kvm.NETWORK: true
HOST vCPU uclamp boost: requested
HOST encrypted storage 6144 MiB: set
HOST config protected=true debug=0
HOST VM instance 'anchorlocal' mem=8192 MiB storage=6144 MiB
HOST VM instance 'anchorlocal' EFFECTIVE mem=7168 MiB storage=6144 MiB (requested mem=8192 storage=6144)
HOST vm.run() returned, status=1
VM cb onGuestAgentRegistered
VM payload started
VM payload ready
PADS send cap: guest=0 cache=0
PADS direct fill: enabled=0
CONTROL connected
VSOCK SPKI 302a300506032b6570032100b3b7c5c16040fdcfc5dbeb22f21f60a8cb829f74da25fe47409258cba23c71ca
VSOCK PADKEY 945b471d2b19a77353619567d3b71f2d72b972ac1385ab5eef6b1dfd07816010
CONTROL challenge=c16dd0a1bf5164f9c5b0700872b1e15502a5b6c3d22e4ad4d86450f399c81a35
VSOCK PINS mode=dev ledger=app model=unpinned prefix=app sha256=arm_sha2
VSOCK STORAGE /mnt/encryptedstore fstype=0xef53 total=5983 MiB avail=781 MiB fs-verity=refused: Permission denied userfaultfd=Operation not permitted ram=7011 MiB vm-…(190)
VSOCK STORAGE2 selinux=u:r:microdroid_app:s0 measure=Permission denied enable-after-chmod=Permission denied authfs=0 authfs_service=0 /dev/fuse=1(Permission denied)
VSOCK STORAGE2 mount=[/dev/block/mapper/crypt /mnt/encryptedstore ext4 rw,fscontext=u:object_r:encryptedstore_fs:s0,context=u:object_r:encryptedstore_file:s0,nosuid,n…(193)
VSOCK STORAGE3 userfaultfd(USER_MODE_ONLY)=open: Permission denied
VSOCK ANCHOR start in pVM apk=/mnt/apk control=owner-connected
VSOCK ANCHOR cpu nproc=8 features= fp asimd evtstrm aes pmull sha1 sha2 crc32 atomics fphp asimdhp cpuid asimdrdm jscvt fcma lrcpc dcpop sha3 sm3 sm4 asimddp sha512 s…(308)
VSOCK ATTEST no BOUND: certificate only, nothing signed
VSOCK ATTEST status=The remote attestation completes successfully. code=0
VSOCK ATTEST certs=5
VSOCK CERT0 bytes=566 chunks=2
VSOCK CERT0[0] 30820232308201d8a0030201020210270e636fbcb926fb7de9393129983b2e300a06082a8648ce3d0403023039310c300a060355040a1303415646312930270603550403132037366266613…(1033)
VSOCK CERT0[1] 94f6b8a1c94715b6e24d5c63e1bb561ef0d915ed02206da67b2003433d70733df24254d9ab5c07bc0b1ab282b680536a3dec56e0f2db
VSOCK CERT1 bytes=501 chunks=1
VSOCK CERT1[0] 308201f130820197a003020102021076bfa19ea075cbc0eeffa67fd2075e6f300a06082a8648ce3d040302302931133011060355040a130a476f6f676c65204c4c433112301006035504031…(1011)
VSOCK CERT2 bytes=754 chunks=2
VSOCK CERT2[0] 308202ee30820275a0030201020213380c9a70b7517476eb7163f9efd6f188702ce8300a06082a8648ce3d040303302931133011060355040a130a476f6f676c65204c4c433112301006035…(1033)
VSOCK CERT2[1] 047b30793077a075a0738671687474703a2f2f7072697661746563612d636f6e74656e742d36393865313061392d303030302d323237362d626431302d3838336432346632653637632e737…(493)
VSOCK CERT3 bytes=618 chunks=2
VSOCK CERT3[0] 30820266308201eba003020102021100924250191903e3ba65320efd6a2085fb300a06082a8648ce3d0403033052311c301a06035504030c134b6579204174746573746174696f6e2043413…(1033)
VSOCK CERT3[1] 69003066023100f4dbc058fab59924fd523ff5373c4939c04d5a3de504a052d30c350ac748c75ecc3d6255f7e2ec6e3792cfa41873548e023100b017cd6a2d3d15a1bd4a07d10829375034f…(221)
VSOCK CERT4 bytes=550 chunks=2
VSOCK CERT4[0] 30820222308201a8a00302010202110084a9d0297b0eb58ae7ff0e80de760605300a06082a8648ce3d0403033052311c301a06035504030c134b6579204174746573746174696f6e2043413…(1033)
VSOCK CERT4[1] 46445889b5010e393a7ffacd46731798b91db387ff34950caef6f0050a3e84e005dcfa8b2646
VSOCK ATTEST end
MODEL already in the VM's encrypted storage (3204 MiB), not streamed
VSOCK ENGINE model 3204 MiB already in the VM's encrypted storage
VSOCK MODEL table: 601 tensors, header 15819080 bytes retained, data at 15819104, digests from the pin's own read (arm_sha2)
VSOCK MODEL ok 5bf274a5a82cc4fbb05d7a35d2566dc2074eaef8f64a2741ec812dc65089fc48 (unpinned: hashed only)
LOCAL plan: /data/user/0/host.enclave.anchor.avf/files/model.gguf (3204 MiB), 6 threads, ctx 4096, scripted turns
LOCAL loading: the VM is staging and loading the model
VSOCK ANCHOR local mode: the whole model runs in this VM
VSOCK MODEL ok 5bf274a5a82cc4fbb05d7a35d2566dc2074eaef8f64a2741ec812dc65089fc48 (staged already, unchanged)
TPU worker: thread priority -19, ADPF hint session held
TPU worker: 35 compiled blocks loaded in 523 ms
TPU bundle sha256=cd56ee8722f9cf1ba5af2c69ca595c878f9fea42bbe9bf3f1a03d4dfe7648535 (hashed in 1907 ms)
TPU bench (ms per Run, min/mean): L0.qkv 0.66/1.01 L0.qkv+3ms-gap 0.80/1.29 L0.o 0.45/0.91 L0.o+3ms-gap 0.74/1.14 L0.gu 1.13/1.36 L0.gu+3ms-gap 1.31/1.85 L0.down 0.96/1.48 L0.down+3ms-gap 1.37/1.95 L20.qkv 0.82/1.38 L20.qkv+3ms-gap 0.76/1.58 L20.o 0.37/0.89 L20.o+3ms-gap 0.82/1.52 L20.gu 1.88/2.64 L20.gu+3ms-gap 2.40/2.88 L20.down 1.28/1.57 L20.down+3ms-gap 1.62/2.09
TPU worker: link poll before sleeping 0 us
TPU worker: serving masked rows
TPU bundle already in the VM's encrypted storage (1757 MiB, same sha256), not streamed
VSOCK LOCAL tpu.bundle: already in the encrypted store (1757 MiB, sha256 cd56ee8722f9cf1b..., re-hashed in 17.5 s)
VSOCK LOCAL tpu: worker connected; masked rows only cross this link
VSOCK LOCAL listening on vsock 7781 for the conversation; model 3360161216 bytes, 6 threads, ctx 4096
VSOCK LOCAL tpu: backend loaded, bundle open, worker link set (5 rows per exchange)
VSOCK LOCAL verified loader: 602 tensors (3504.4 MiB) hashed against the staged table before use: 71 repacked from verified bytes, 531 plain CPU
VSOCK LOCAL context ready: ctx 4096, 6 threads, persistent pool=yes, model loaded in 60.8 s
VSOCK LOCAL tpu: lane bundle paged in from the encrypted store in 0.8 s (NOT locked: it can be evicted) | mem available 1938 MiB, page cache 1902 MiB, major faults 89
VSOCK LOCAL tpu: minted 64 pad positions per group in 0.9 s (74.9 positions per second on 6 threads) | mem available 1715 MiB, page cache 1902 MiB, major faults 89
LOCAL ready: {ctx=4096, threads=6, vocab=262144, model=5bf274a5a82cc4fbb05d7a35d2566dc2074eaef8f64a2741ec812dc65089fc48, load_s=60.8}
VSOCK LOCAL tpu: build config repair=1 verify=1 inject=0 corr_threads=1 spin_us=0 (built Sep 22 2026 18:15:51)
VSOCK LOCAL tpu: vsock credit window 262144 -> 1048576 bytes
LOCAL ask sha256=75df92072d4efa91e0834db1635fd997a983125419f266ca4e744a3ebbe9ee94 bytes=102
LOCAL turn 1 Q: Name the three states of matter taught in school. Reply with only the three words separated by commas.
VSOCK LOCAL turn 1: status=eos prefill_tokens=29 prefill_tok_s=36.26 decode_tokens=5 decode_tok_s=1.15 ctx_used=34 ctx=4096
LOCAL turn 1 A: Solid, liquid, gas
LOCAL turn 1 STATS {status=eos, prefill_tokens=29, prefill_tok_s=36.26, decode_tokens=5, decode_tok_s=1.15, ctx_used=34, ctx=4096}
VSOCK LOCAL tpu turn 1: exchanges=700 (140.0/token) ms per exchange: mask 0.234 link 4.444 (corr 0.067 mint 0.000 wait 4.288) unmask 0.610 | rx/exch 1.83 | KB/token out 1039 in 3432 | pads inline 0 (0.0 ms each) bank_min 59 | cancel n=4392936 max=0.0010 rms=0.00006 LSB | verify n=2050 bad=0 max=0 rms=0.000 (output LSB over 1025 paired samples: max 0.000 rms 0.000) rails(-32768/-32767/+32767)=8/0/16 | outliers kept 32881 saturated 24 (CLIPPED 24 [hi 0 lo 24] REPAIRED, FALSE-RAILS 0, recomp 24, max excess 19696, max err 192.3 LSB) redrawn 0 | mem available 1695 MiB, page cache 1903 MiB, major faults 99
LOCAL done: 1 scripted turns
VSOCK LOCAL tpu turn 1: ms per exchange, split: of unmask, verification dots 0.045 | after it, releasing the pads 0.056 | between exchanges (the VM's own graph work) 0.799
VSOCK LOCAL tpu turn 1: exchanges by duration (<25us <100us <400us <1.6ms longer): unmask 46 79 390 103 82 | between exchanges 22 170 286 172 49
VSOCK LOCAL engine ending after 1 turns
VSOCK LOCAL exit 0
VSOCK END
CONTROL closed after 19 lines
CAPTURE END label=qw4b-24 lines=86 bytes=8940 status=complete
