CAPTURE BEGIN label=qw4b-09 path=/data/user/0/host.enclave.anchor.avf/files/capture/qw4b-09.log cap_bytes=16777216
HOST start payload=libanchor.so debug=0 mem=8192MiB worker=127.0.0.1:9500 mode=local host=Main
GATE device=Pixel 10 Pro XL sdk=37 vendor_api_level=202504 board_api_level=202604
GATE capabilities=3 protected_vm=true remote_attestation=true updatable_vm=true
GATE SUPPORTED
HOST VirtualMachineConfig.Builder ALL: setApkPath setConnectVmConsole setConsoleInputDevice setCpuTopology setCustomImageConfig setDebugLevel setDisableUpdatability setEncryptedStorageBytes setMemoryBytes setOs setPayloadBinaryName setPayloadConfigPath setProtectedVm setShouldBoostUclamp setShouldRamdump setShouldUseHugepages setVendorDiskImage setVmConsoleInputSupported setVmOutputCaptured 
HOST VirtualMachine ALL: $r8$lambda$jE9hC_Yw8T-C1lFix_Seicfe55E addDisplay binderFromPreconnectedClient clearCallback close connectToVsockServer connectVsock enableTestAttestation equals getActualMemoryBalloonBytes getCid getClass getConfig getConsoleInput getConsoleOutput getDisplays getGuestAgent getLogOutput getName getRootDir getStatus hashCode notify notifyAll removeDisplay resume run sendKeyEvent sendLidEvent sendMouseEvent sendMultiTouchEvent sendTabletModeEvent sendTrackpadEvent setCallback setConfig setMemoryBalloon setMemoryBalloonByPercent setTouchScale stop suspend toDescriptor toString wait wait wait 
HOST AVF feature com.android.kvm.NETWORK: true
HOST vCPU uclamp boost: requested
HOST encrypted storage 6144 MiB: set
HOST config protected=true debug=0
HOST VM instance 'anchorlocal' mem=8192 MiB storage=6144 MiB
HOST VM instance 'anchorlocal' EFFECTIVE mem=7168 MiB storage=6144 MiB (requested mem=8192 storage=6144)
HOST vm.run() returned, status=1
VM cb onGuestAgentRegistered
VM payload started
VM payload ready
PADS send cap: guest=0 cache=0
PADS direct fill: enabled=0
CONTROL connected
VSOCK SPKI 302a300506032b6570032100766314a3897bf78288486e0c4d75a0c9c8a29905698bcc40e215b6468abf60b7
VSOCK PADKEY 9795be766afd5c41df5f89bcdf1aa8d4b25367e8be9044dbe95b98af99d1f06e
CONTROL challenge=75da3e310b41f06f15520389cc671439430938d130559db7ec88073594230fc4
VSOCK PINS mode=dev ledger=app model=unpinned prefix=app sha256=arm_sha2
VSOCK STORAGE /mnt/encryptedstore fstype=0xef53 total=5983 MiB avail=781 MiB fs-verity=refused: Permission denied userfaultfd=Operation not permitted ram=7011 MiB vm-…(190)
VSOCK STORAGE2 selinux=u:r:microdroid_app:s0 measure=Permission denied enable-after-chmod=Permission denied authfs=0 authfs_service=0 /dev/fuse=1(Permission denied)
VSOCK STORAGE2 mount=[/dev/block/mapper/crypt /mnt/encryptedstore ext4 rw,fscontext=u:object_r:encryptedstore_fs:s0,context=u:object_r:encryptedstore_file:s0,nosuid,n…(193)
VSOCK STORAGE3 userfaultfd(USER_MODE_ONLY)=open: Permission denied
VSOCK ANCHOR start in pVM apk=/mnt/apk control=owner-connected
VSOCK ANCHOR cpu nproc=8 features= fp asimd evtstrm aes pmull sha1 sha2 crc32 atomics fphp asimdhp cpuid asimdrdm jscvt fcma lrcpc dcpop sha3 sm3 sm4 asimddp sha512 s…(308)
VSOCK ATTEST no BOUND: certificate only, nothing signed
VSOCK ATTEST status=The remote attestation completes successfully. code=0
VSOCK ATTEST certs=5
VSOCK CERT0 bytes=566 chunks=2
VSOCK CERT0[0] 30820232308201d9a003020102021100d07e90088a29ccd7de5ff1f0598473dd300a06082a8648ce3d0403023039310c300a060355040a13034156463129302706035504031320373662666…(1033)
VSOCK CERT0[1] b47682bd0eded0dfbeca3a725dc168d8daf7cc0702203d92b43b2ecc01a66285f57998affe78e5d4f5239d302f7bd94c698b585a8cec
VSOCK CERT1 bytes=501 chunks=1
VSOCK CERT1[0] 308201f130820197a003020102021076bfa19ea075cbc0eeffa67fd2075e6f300a06082a8648ce3d040302302931133011060355040a130a476f6f676c65204c4c433112301006035504031…(1011)
VSOCK CERT2 bytes=754 chunks=2
VSOCK CERT2[0] 308202ee30820275a0030201020213380c9a70b7517476eb7163f9efd6f188702ce8300a06082a8648ce3d040303302931133011060355040a130a476f6f676c65204c4c433112301006035…(1033)
VSOCK CERT2[1] 047b30793077a075a0738671687474703a2f2f7072697661746563612d636f6e74656e742d36393865313061392d303030302d323237362d626431302d3838336432346632653637632e737…(493)
VSOCK CERT3 bytes=618 chunks=2
VSOCK CERT3[0] 30820266308201eba003020102021100924250191903e3ba65320efd6a2085fb300a06082a8648ce3d0403033052311c301a06035504030c134b6579204174746573746174696f6e2043413…(1033)
VSOCK CERT3[1] 69003066023100f4dbc058fab59924fd523ff5373c4939c04d5a3de504a052d30c350ac748c75ecc3d6255f7e2ec6e3792cfa41873548e023100b017cd6a2d3d15a1bd4a07d10829375034f…(221)
VSOCK CERT4 bytes=550 chunks=2
VSOCK CERT4[0] 30820222308201a8a00302010202110084a9d0297b0eb58ae7ff0e80de760605300a06082a8648ce3d0403033052311c301a06035504030c134b6579204174746573746174696f6e2043413…(1033)
VSOCK CERT4[1] 46445889b5010e393a7ffacd46731798b91db387ff34950caef6f0050a3e84e005dcfa8b2646
VSOCK ATTEST end
MODEL already in the VM's encrypted storage (3204 MiB), not streamed
VSOCK ENGINE model 3204 MiB already in the VM's encrypted storage
VSOCK MODEL table: 601 tensors, header 15819080 bytes retained, data at 15819104, digests from the pin's own read (arm_sha2)
VSOCK MODEL ok 5bf274a5a82cc4fbb05d7a35d2566dc2074eaef8f64a2741ec812dc65089fc48 (unpinned: hashed only)
LOCAL plan: /data/user/0/host.enclave.anchor.avf/files/model.gguf (3204 MiB), 6 threads, ctx 4096, scripted turns
LOCAL loading: the VM is staging and loading the model
VSOCK ANCHOR local mode: the whole model runs in this VM
VSOCK MODEL ok 5bf274a5a82cc4fbb05d7a35d2566dc2074eaef8f64a2741ec812dc65089fc48 (staged already, unchanged)
TPU worker: thread priority -19, ADPF hint session held
TPU worker: 35 compiled blocks loaded in 641 ms
TPU bundle sha256=cd56ee8722f9cf1ba5af2c69ca595c878f9fea42bbe9bf3f1a03d4dfe7648535 (hashed in 1580 ms)
TPU bench (ms per Run, min/mean): L0.qkv 0.75/1.04 L0.qkv+3ms-gap 0.79/1.01 L0.o 0.58/1.16 L0.o+3ms-gap 1.03/1.54 L0.gu 1.31/1.57 L0.gu+3ms-gap 1.34/1.73 L0.down 0.90/1.52 L0.down+3ms-gap 0.92/1.58 L20.qkv 0.68/1.16 L20.qkv+3ms-gap 0.81/1.68 L20.o 0.89/1.36 L20.o+3ms-gap 1.12/1.71 L20.gu 1.63/2.07 L20.gu+3ms-gap 2.06/2.40 L20.down 1.40/1.69 L20.down+3ms-gap 1.58/2.24
TPU worker: link poll before sleeping 0 us
TPU worker: serving masked rows
TPU bundle already in the VM's encrypted storage (1757 MiB, same sha256), not streamed
VSOCK LOCAL tpu.bundle: already in the encrypted store (1757 MiB, sha256 cd56ee8722f9cf1b..., re-hashed in 20.8 s)
VSOCK LOCAL tpu: worker connected; masked rows only cross this link
VSOCK LOCAL listening on vsock 7781 for the conversation; model 3360161216 bytes, 6 threads, ctx 4096
VSOCK LOCAL tpu: backend loaded, bundle open, worker link set (5 rows per exchange)
VSOCK LOCAL verified loader: 602 tensors (3504.4 MiB) hashed against the staged table before use: 71 repacked from verified bytes, 531 plain CPU
VSOCK LOCAL context ready: ctx 4096, 6 threads, persistent pool=yes, model loaded in 54.8 s
VSOCK LOCAL tpu: lane bundle paged in from the encrypted store in 1.4 s (NOT locked: it can be evicted) | mem available 1934 MiB, page cache 1902 MiB, major faults 90
VSOCK LOCAL tpu: minted 64 pad positions per group in 0.9 s (74.2 positions per second on 6 threads) | mem available 1710 MiB, page cache 1903 MiB, major faults 90
LOCAL ready: {ctx=4096, threads=6, vocab=262144, model=5bf274a5a82cc4fbb05d7a35d2566dc2074eaef8f64a2741ec812dc65089fc48, load_s=54.8}
VSOCK LOCAL tpu: build config repair=1 verify=1 inject=0 corr_threads=1 spin_us=0 (built Sep 22 2026 18:15:51)
VSOCK LOCAL tpu: vsock credit window 262144 -> 1048576 bytes
LOCAL ask sha256=ea0cee3afa9e6a4e1703fb032580d6510973747921fa0077b6a3773ce3ca0ce5 bytes=54
VSOCK LOCAL turn 1: status=eos prefill_tokens=27 prefill_tok_s=37.73 decode_tokens=2 decode_tok_s=1.03 ctx_used=29 ctx=4096
VSOCK LOCAL tpu turn 1: exchanges=280 (140.0/token) ms per exchange: mask 0.203 link 5.321 (corr 0.277 mint 0.000 wait 4.965) unmask 0.596 | rx/exch 2.44 | KB/token out 1039 in 3432 | pads inline 0 (0.0 ms each) bank_min 62 | cancel n=1757170 max=0.0010 rms=0.00006 LSB | verify n=820 bad=0 max=0 rms=0.000 (output LSB over 410 paired samples: max 0.000 rms 0.000) rails(-32768/-32767/+32767)=4/0/10 | outliers kept 14660 saturated 14 (CLIPPED 14 [hi 0 lo 14] REPAIRED, FALSE-RAILS 0, recomp 14, max excess 14279, max err 139.4 LSB) redrawn 0 | mem available 1700 MiB, page cache 1903 MiB, major faults 101
LOCAL turn 1 Q: What is 144 divided by 12? Reply with only the number.
VSOCK LOCAL tpu turn 1: ms per exchange, split: of unmask, verification dots 0.047 | after it, releasing the pads 0.037 | between exchanges (the VM's own graph work) 0.635
VSOCK LOCAL tpu turn 1: exchanges by duration (<25us <100us <400us <1.6ms longer): unmask 17 44 143 45 31 | between exchanges 13 53 111 93 9
LOCAL turn 1 A: 12
LOCAL turn 1 STATS {status=eos, prefill_tokens=27, prefill_tok_s=37.73, decode_tokens=2, decode_tok_s=1.03, ctx_used=29, ctx=4096}
LOCAL done: 1 scripted turns
VSOCK LOCAL engine ending after 1 turns
VSOCK LOCAL exit 0
VSOCK END
CONTROL closed after 19 lines
CAPTURE END label=qw4b-09 lines=86 bytes=8870 status=complete
