CAPTURE BEGIN label=qw4b-14 path=/data/user/0/host.enclave.anchor.avf/files/capture/qw4b-14.log cap_bytes=16777216
HOST start payload=libanchor.so debug=0 mem=8192MiB worker=127.0.0.1:9500 mode=local host=Main
GATE device=Pixel 10 Pro XL sdk=37 vendor_api_level=202504 board_api_level=202604
GATE capabilities=3 protected_vm=true remote_attestation=true updatable_vm=true
GATE SUPPORTED
HOST VirtualMachineConfig.Builder ALL: setApkPath setConnectVmConsole setConsoleInputDevice setCpuTopology setCustomImageConfig setDebugLevel setDisableUpdatability setEncryptedStorageBytes setMemoryBytes setOs setPayloadBinaryName setPayloadConfigPath setProtectedVm setShouldBoostUclamp setShouldRamdump setShouldUseHugepages setVendorDiskImage setVmConsoleInputSupported setVmOutputCaptured 
HOST VirtualMachine ALL: $r8$lambda$jE9hC_Yw8T-C1lFix_Seicfe55E addDisplay binderFromPreconnectedClient clearCallback close connectToVsockServer connectVsock enableTestAttestation equals getActualMemoryBalloonBytes getCid getClass getConfig getConsoleInput getConsoleOutput getDisplays getGuestAgent getLogOutput getName getRootDir getStatus hashCode notify notifyAll removeDisplay resume run sendKeyEvent sendLidEvent sendMouseEvent sendMultiTouchEvent sendTabletModeEvent sendTrackpadEvent setCallback setConfig setMemoryBalloon setMemoryBalloonByPercent setTouchScale stop suspend toDescriptor toString wait wait wait 
HOST AVF feature com.android.kvm.NETWORK: true
HOST vCPU uclamp boost: requested
HOST encrypted storage 6144 MiB: set
HOST config protected=true debug=0
HOST VM instance 'anchorlocal' mem=8192 MiB storage=6144 MiB
HOST VM instance 'anchorlocal' EFFECTIVE mem=7168 MiB storage=6144 MiB (requested mem=8192 storage=6144)
HOST vm.run() returned, status=1
VM cb onGuestAgentRegistered
VM payload started
VM payload ready
PADS send cap: guest=0 cache=0
PADS direct fill: enabled=0
CONTROL connected
VSOCK SPKI 302a300506032b6570032100ebdf727b29453e1c933434a968c26340477a6dc663b62d2c2043ea1e73662a63
VSOCK PADKEY 82e785c7fe1c90048aa8d5045dd4c87990d176450176a1dfea0465f63e19d90c
CONTROL challenge=f0570d2b8dd9c82f1c6d393f40dfe20df6e72de64f4c1b5742b7d97e64567e18
VSOCK PINS mode=dev ledger=app model=unpinned prefix=app sha256=arm_sha2
VSOCK STORAGE /mnt/encryptedstore fstype=0xef53 total=5983 MiB avail=781 MiB fs-verity=refused: Permission denied userfaultfd=Operation not permitted ram=7011 MiB vm-…(190)
VSOCK STORAGE2 selinux=u:r:microdroid_app:s0 measure=Permission denied enable-after-chmod=Permission denied authfs=0 authfs_service=0 /dev/fuse=1(Permission denied)
VSOCK STORAGE2 mount=[/dev/block/mapper/crypt /mnt/encryptedstore ext4 rw,fscontext=u:object_r:encryptedstore_fs:s0,context=u:object_r:encryptedstore_file:s0,nosuid,n…(193)
VSOCK STORAGE3 userfaultfd(USER_MODE_ONLY)=open: Permission denied
VSOCK ANCHOR start in pVM apk=/mnt/apk control=owner-connected
VSOCK ANCHOR cpu nproc=8 features= fp asimd evtstrm aes pmull sha1 sha2 crc32 atomics fphp asimdhp cpuid asimdrdm jscvt fcma lrcpc dcpop sha3 sm3 sm4 asimddp sha512 s…(308)
VSOCK ATTEST no BOUND: certificate only, nothing signed
VSOCK ATTEST status=The remote attestation completes successfully. code=0
VSOCK ATTEST certs=5
VSOCK CERT0 bytes=566 chunks=2
VSOCK CERT0[0] 30820232308201d9a003020102021100d64dba6c2de73d6c7c3a503339ac318f300a06082a8648ce3d0403023039310c300a060355040a13034156463129302706035504031320373662666…(1033)
VSOCK CERT0[1] 89c783faaa2d15976511ce285f59c08a248f62d2022055224a9ee27a7df6cf7779fbeb30d243515e166af94cb82f0a56dbe9115981af
VSOCK CERT1 bytes=501 chunks=1
VSOCK CERT1[0] 308201f130820197a003020102021076bfa19ea075cbc0eeffa67fd2075e6f300a06082a8648ce3d040302302931133011060355040a130a476f6f676c65204c4c433112301006035504031…(1011)
VSOCK CERT2 bytes=754 chunks=2
VSOCK CERT2[0] 308202ee30820275a0030201020213380c9a70b7517476eb7163f9efd6f188702ce8300a06082a8648ce3d040303302931133011060355040a130a476f6f676c65204c4c433112301006035…(1033)
VSOCK CERT2[1] 047b30793077a075a0738671687474703a2f2f7072697661746563612d636f6e74656e742d36393865313061392d303030302d323237362d626431302d3838336432346632653637632e737…(493)
VSOCK CERT3 bytes=618 chunks=2
VSOCK CERT3[0] 30820266308201eba003020102021100924250191903e3ba65320efd6a2085fb300a06082a8648ce3d0403033052311c301a06035504030c134b6579204174746573746174696f6e2043413…(1033)
VSOCK CERT3[1] 69003066023100f4dbc058fab59924fd523ff5373c4939c04d5a3de504a052d30c350ac748c75ecc3d6255f7e2ec6e3792cfa41873548e023100b017cd6a2d3d15a1bd4a07d10829375034f…(221)
VSOCK CERT4 bytes=550 chunks=2
VSOCK CERT4[0] 30820222308201a8a00302010202110084a9d0297b0eb58ae7ff0e80de760605300a06082a8648ce3d0403033052311c301a06035504030c134b6579204174746573746174696f6e2043413…(1033)
VSOCK CERT4[1] 46445889b5010e393a7ffacd46731798b91db387ff34950caef6f0050a3e84e005dcfa8b2646
VSOCK ATTEST end
MODEL already in the VM's encrypted storage (3204 MiB), not streamed
VSOCK ENGINE model 3204 MiB already in the VM's encrypted storage
VSOCK MODEL table: 601 tensors, header 15819080 bytes retained, data at 15819104, digests from the pin's own read (arm_sha2)
VSOCK MODEL ok 5bf274a5a82cc4fbb05d7a35d2566dc2074eaef8f64a2741ec812dc65089fc48 (unpinned: hashed only)
LOCAL plan: /data/user/0/host.enclave.anchor.avf/files/model.gguf (3204 MiB), 6 threads, ctx 4096, scripted turns
LOCAL loading: the VM is staging and loading the model
VSOCK ANCHOR local mode: the whole model runs in this VM
VSOCK MODEL ok 5bf274a5a82cc4fbb05d7a35d2566dc2074eaef8f64a2741ec812dc65089fc48 (staged already, unchanged)
TPU worker: thread priority -19, ADPF hint session held
TPU worker: 35 compiled blocks loaded in 545 ms
TPU bundle sha256=cd56ee8722f9cf1ba5af2c69ca595c878f9fea42bbe9bf3f1a03d4dfe7648535 (hashed in 1724 ms)
TPU bench (ms per Run, min/mean): L0.qkv 0.48/0.94 L0.qkv+3ms-gap 0.82/1.16 L0.o 0.85/1.16 L0.o+3ms-gap 1.03/1.23 L0.gu 1.43/1.60 L0.gu+3ms-gap 1.55/2.23 L0.down 0.97/1.33 L0.down+3ms-gap 1.32/1.85 L20.qkv 0.95/1.25 L20.qkv+3ms-gap 0.82/1.18 L20.o 0.68/1.03 L20.o+3ms-gap 0.98/1.42 L20.gu 2.15/2.34 L20.gu+3ms-gap 2.37/2.90 L20.down 1.47/1.73 L20.down+3ms-gap 1.57/2.19
TPU worker: link poll before sleeping 0 us
TPU worker: serving masked rows
TPU bundle already in the VM's encrypted storage (1757 MiB, same sha256), not streamed
VSOCK LOCAL tpu.bundle: already in the encrypted store (1757 MiB, sha256 cd56ee8722f9cf1b..., re-hashed in 16.9 s)
VSOCK LOCAL tpu: worker connected; masked rows only cross this link
VSOCK LOCAL listening on vsock 7781 for the conversation; model 3360161216 bytes, 6 threads, ctx 4096
VSOCK LOCAL tpu: backend loaded, bundle open, worker link set (5 rows per exchange)
VSOCK LOCAL verified loader: 602 tensors (3504.4 MiB) hashed against the staged table before use: 71 repacked from verified bytes, 531 plain CPU
VSOCK LOCAL context ready: ctx 4096, 6 threads, persistent pool=yes, model loaded in 60.3 s
VSOCK LOCAL tpu: lane bundle paged in from the encrypted store in 0.9 s (NOT locked: it can be evicted) | mem available 1908 MiB, page cache 1902 MiB, major faults 89
LOCAL ready: {ctx=4096, threads=6, vocab=262144, model=5bf274a5a82cc4fbb05d7a35d2566dc2074eaef8f64a2741ec812dc65089fc48, load_s=60.3}
LOCAL ask sha256=775b41336c962dbc37943198bb42cd8b029d1076a72f1001ef0976bc6220c7d1 bytes=86
VSOCK LOCAL tpu: minted 64 pad positions per group in 0.9 s (74.4 positions per second on 6 threads) | mem available 1710 MiB, page cache 1902 MiB, major faults 89
VSOCK LOCAL tpu: build config repair=1 verify=1 inject=0 corr_threads=1 spin_us=0 (built Sep 22 2026 18:15:51)
VSOCK LOCAL tpu: vsock credit window 262144 -> 1048576 bytes
VSOCK LOCAL turn 1: status=eos prefill_tokens=25 prefill_tok_s=37.07 decode_tokens=7 decode_tok_s=1.14 ctx_used=32 ctx=4096
VSOCK LOCAL tpu turn 1: exchanges=980 (140.0/token) ms per exchange: mask 0.242 link 4.522 (corr 0.141 mint 0.000 wait 4.280) unmask 0.619 | rx/exch 1.67 | KB/token out 1039 in 3432 | pads inline 0 (0.0 ms each) bank_min 57 | cancel n=6150115 max=0.0009 rms=0.00006 LSB | verify n=2870 bad=1 max=1 rms=0.019 (output LSB over 1435 paired samples: max 0.010 rms 0.000) rails(-32768/-32767/+32767)=12/0/17 | outliers kept 47229 saturated 29 (CLIPPED 29 [hi 0 lo 29] REPAIRED, FALSE-RAILS 0, recomp 29, max excess 25345, max err 247.5 LSB) redrawn 0 | mem available 1691 MiB, page cache 1902 MiB, major faults 104
VSOCK LOCAL tpu turn 1: ms per exchange, split: of unmask, verification dots 0.042 | after it, releasing the pads 0.054 | between exchanges (the VM's own graph work) 0.786
VSOCK LOCAL tpu turn 1: exchanges by duration (<25us <100us <400us <1.6ms longer): unmask 64 152 503 152 109 | between exchanges 40 249 391 249 50
LOCAL turn 1 Q: Name the four cardinal directions. Reply with only the four words separated by commas.
LOCAL turn 1 A: North, South, East, West
LOCAL turn 1 STATS {status=eos, prefill_tokens=25, prefill_tok_s=37.07, decode_tokens=7, decode_tok_s=1.14, ctx_used=32, ctx=4096}
LOCAL done: 1 scripted turns
VSOCK LOCAL engine ending after 1 turns
VSOCK LOCAL exit 0
VSOCK END
CONTROL closed after 19 lines
CAPTURE END label=qw4b-14 lines=86 bytes=8933 status=complete
