CAPTURE BEGIN label=qs2-20 path=/data/user/0/host.enclave.anchor.avf/files/capture/qs2-20.log cap_bytes=16777216
HOST start payload=libanchor.so debug=0 mem=8192MiB worker=127.0.0.1:9500 mode=local host=Main
GATE device=Pixel 10 Pro XL sdk=37 vendor_api_level=202504 board_api_level=202604
GATE capabilities=3 protected_vm=true remote_attestation=true updatable_vm=true
GATE SUPPORTED
HOST VirtualMachineConfig.Builder ALL: setApkPath setConnectVmConsole setConsoleInputDevice setCpuTopology setCustomImageConfig setDebugLevel setDisableUpdatability setEncryptedStorageBytes setMemoryBytes setOs setPayloadBinaryName setPayloadConfigPath setProtectedVm setShouldBoostUclamp setShouldRamdump setShouldUseHugepages setVendorDiskImage setVmConsoleInputSupported setVmOutputCaptured 
HOST VirtualMachine ALL: $r8$lambda$jE9hC_Yw8T-C1lFix_Seicfe55E addDisplay binderFromPreconnectedClient clearCallback close connectToVsockServer connectVsock enableTestAttestation equals getActualMemoryBalloonBytes getCid getClass getConfig getConsoleInput getConsoleOutput getDisplays getGuestAgent getLogOutput getName getRootDir getStatus hashCode notify notifyAll removeDisplay resume run sendKeyEvent sendLidEvent sendMouseEvent sendMultiTouchEvent sendTabletModeEvent sendTrackpadEvent setCallback setConfig setMemoryBalloon setMemoryBalloonByPercent setTouchScale stop suspend toDescriptor toString wait wait wait 
HOST AVF feature com.android.kvm.NETWORK: true
HOST vCPU uclamp boost: requested
HOST encrypted storage 6144 MiB: set
HOST config protected=true debug=0
HOST VM instance 'anchorlocal' mem=8192 MiB storage=6144 MiB
HOST VM instance 'anchorlocal' EFFECTIVE mem=7168 MiB storage=6144 MiB (requested mem=8192 storage=6144)
HOST vm.run() returned, status=1
VM cb onGuestAgentRegistered
VM payload started
VM payload ready
PADS send cap: guest=0 cache=0
PADS direct fill: enabled=0
CONTROL connected
VSOCK SPKI 302a300506032b657003210055bce98067fd0d5810b95d32aa70a9889f6010579448fc8b49a3a69c1521dfb4
VSOCK PADKEY 2794a85e28e8d4efb052243fe367b43757e3437a5378d423633eaf657f47f62c
CONTROL challenge=54c7e98565a40a59118258a4e706566e2fd9d457045d86f5c827004af12f5c1f
VSOCK PINS mode=dev ledger=app model=unpinned prefix=app sha256=arm_sha2
VSOCK STORAGE /mnt/encryptedstore fstype=0xef53 total=5983 MiB avail=781 MiB fs-verity=refused: Permission denied userfaultfd=Operation not permitted ram=7011 MiB vm-…(190)
VSOCK STORAGE2 selinux=u:r:microdroid_app:s0 measure=Permission denied enable-after-chmod=Permission denied authfs=0 authfs_service=0 /dev/fuse=1(Permission denied)
VSOCK STORAGE2 mount=[/dev/block/mapper/crypt /mnt/encryptedstore ext4 rw,fscontext=u:object_r:encryptedstore_fs:s0,context=u:object_r:encryptedstore_file:s0,nosuid,n…(193)
VSOCK STORAGE3 userfaultfd(USER_MODE_ONLY)=open: Permission denied
VSOCK ANCHOR start in pVM apk=/mnt/apk control=owner-connected
VSOCK ANCHOR cpu nproc=8 features= fp asimd evtstrm aes pmull sha1 sha2 crc32 atomics fphp asimdhp cpuid asimdrdm jscvt fcma lrcpc dcpop sha3 sm3 sm4 asimddp sha512 s…(308)
VSOCK ATTEST no BOUND: certificate only, nothing signed
VSOCK ATTEST status=The remote attestation completes successfully. code=0
VSOCK ATTEST certs=5
VSOCK CERT0 bytes=568 chunks=2
VSOCK CERT0[0] 30820234308201d9a003020102021100f8f7c022608ffd2906ef4cad56577254300a06082a8648ce3d0403023039310c300a060355040a13034156463129302706035504031320373662666…(1033)
VSOCK CERT0[1] d7cf39559651ebe7a22a7072989f9fd13b73a8b7d1022100ea27079d01c8b84d1b9bf1cd251eac1e2b026965d54d31a40e60301f32eb23d8
VSOCK CERT1 bytes=501 chunks=1
VSOCK CERT1[0] 308201f130820197a003020102021076bfa19ea075cbc0eeffa67fd2075e6f300a06082a8648ce3d040302302931133011060355040a130a476f6f676c65204c4c433112301006035504031…(1011)
VSOCK CERT2 bytes=754 chunks=2
VSOCK CERT2[0] 308202ee30820275a0030201020213380c9a70b7517476eb7163f9efd6f188702ce8300a06082a8648ce3d040303302931133011060355040a130a476f6f676c65204c4c433112301006035…(1033)
VSOCK CERT2[1] 047b30793077a075a0738671687474703a2f2f7072697661746563612d636f6e74656e742d36393865313061392d303030302d323237362d626431302d3838336432346632653637632e737…(493)
VSOCK CERT3 bytes=618 chunks=2
VSOCK CERT3[0] 30820266308201eba003020102021100924250191903e3ba65320efd6a2085fb300a06082a8648ce3d0403033052311c301a06035504030c134b6579204174746573746174696f6e2043413…(1033)
VSOCK CERT3[1] 69003066023100f4dbc058fab59924fd523ff5373c4939c04d5a3de504a052d30c350ac748c75ecc3d6255f7e2ec6e3792cfa41873548e023100b017cd6a2d3d15a1bd4a07d10829375034f…(221)
VSOCK CERT4 bytes=550 chunks=2
VSOCK CERT4[0] 30820222308201a8a00302010202110084a9d0297b0eb58ae7ff0e80de760605300a06082a8648ce3d0403033052311c301a06035504030c134b6579204174746573746174696f6e2043413…(1033)
VSOCK CERT4[1] 46445889b5010e393a7ffacd46731798b91db387ff34950caef6f0050a3e84e005dcfa8b2646
VSOCK ATTEST end
MODEL already in the VM's encrypted storage (3204 MiB), not streamed
VSOCK ENGINE model 3204 MiB already in the VM's encrypted storage
VSOCK MODEL table: 601 tensors, header 15819080 bytes retained, data at 15819104, digests from the pin's own read (arm_sha2)
VSOCK MODEL ok 5bf274a5a82cc4fbb05d7a35d2566dc2074eaef8f64a2741ec812dc65089fc48 (unpinned: hashed only)
LOCAL plan: /data/user/0/host.enclave.anchor.avf/files/model.gguf (3204 MiB), 6 threads, ctx 4096, scripted turns
LOCAL loading: the VM is staging and loading the model
VSOCK ANCHOR local mode: the whole model runs in this VM
VSOCK MODEL ok 5bf274a5a82cc4fbb05d7a35d2566dc2074eaef8f64a2741ec812dc65089fc48 (staged already, unchanged)
TPU worker: thread priority -19, ADPF hint session held
drafter sha256=2b1966f08823eba80408ee34d1265f047f30f65cb60dc2c6aaf00bc882285ef2 (hashed in 263 ms)
TPU worker: 35 compiled blocks loaded in 809 ms
TPU bundle sha256=b9a24410c23b639fc654c73e8f645ca72d7827d50db45d8dde097abd1ca26358 (hashed in 1947 ms)
TPU bench (ms per Run, min/mean): L0.qkv 0.48/1.10 L0.qkv+3ms-gap 1.03/1.43 L0.o 0.42/1.15 L0.o+3ms-gap 1.03/1.51 L0.gu 1.65/2.05 L0.gu+3ms-gap 1.78/2.19 L0.down 1.22/1.57 L0.down+3ms-gap 1.29/1.74 L20.qkv 0.55/1.14 L20.qkv+3ms-gap 1.24/1.84 L20.o 0.87/1.06 L20.o+3ms-gap 1.27/1.90 L20.gu 2.74/3.21 L20.gu+3ms-gap 3.05/3.77 L20.down 1.92/2.28 L20.down+3ms-gap 2.11/2.55
TPU worker: link poll before sleeping 0 us
TPU worker: serving masked rows
TPU bundle already in the VM's encrypted storage (1757 MiB, same sha256), not streamed
VSOCK LOCAL tpu.bundle: already in the encrypted store (1757 MiB, sha256 b9a24410c23b639f..., re-hashed in 26.3 s)
VSOCK LOCAL tpu: worker connected; masked rows only cross this link
drafter already in the VM's encrypted storage (162 MiB, same sha256), not streamed
VSOCK LOCAL draft.gguf: already in the encrypted store (162 MiB, sha256 2b1966f08823eba8..., re-hashed in 2.2 s)
VSOCK LOCAL listening on vsock 7781 for the conversation; model 3360161216 bytes, 6 threads, ctx 4096
VSOCK LOCAL tpu: backend loaded, bundle open, worker link set (5 rows per exchange)
VSOCK LOCAL verified loader: 602 tensors (3504.4 MiB) hashed against the staged table before use: 71 repacked from verified bytes, 531 plain CPU
VSOCK LOCAL context ready: ctx 4096, 6 threads (decode 2), persistent pool=yes (poll 50, verify 0), model loaded in 50.9 s
VSOCK LOCAL tpu: lane bundle paged in from the encrypted store in 2.0 s (NOT locked: it can be evicted) | mem available 1936 MiB, page cache 2061 MiB, major faults 97
VSOCK LOCAL tpu: minted 128 pad positions per group in 1.9 s (67.3 positions per second on 6 threads) | mem available 1514 MiB, page cache 2061 MiB, major faults 97
LOCAL ready: {ctx=4096, threads=6, vocab=262144, model=5bf274a5a82cc4fbb05d7a35d2566dc2074eaef8f64a2741ec812dc65089fc48, load_s=50.9}
VSOCK LOCAL tpu: build config repair=1 verify=1 inject=0 corr_threads=3 spin_us=0 (built Sep 23 2026 04:36:26)
VSOCK LOCAL tpu: vsock credit window 262144 -> 1048576 bytes
LOCAL ask sha256=9b6bc6ae5933ec67a1818a2a3c1639e653c81734cd09d577314ff0464f611193 bytes=54
VSOCK LOCAL drafter ready: up to 4 proposals per step (5 rows verified at once)
VSOCK LOCAL turn 1 depth choices (rows-1:steps): 1:1,2:1
VSOCK LOCAL turn 1: status=eos prefill_tokens=27 prefill_tok_s=41.78 decode_tokens=2 decode_tok_s=0.97 ctx_used=29 ctx=4096 steps=2 drafted=3 accepted=2 tokens_per_step=1.00
VSOCK LOCAL tpu turn 1: exchanges=280 (140.0/step, 2.50 rows each) ms per exchange: mask 0.168 link 5.323 (corr 0.363 mint 0.000 wait 4.655) unmask 0.759 | pads inline 0 refilled 0 bank_min 123 | cancel n=4392951 max=0.0010 rms=0.00006 LSB | verify n=2050 bad=0 max=0 rms=0.000 (output LSB over 1025 paired samples: max 0.000 rms 0.000) rails(-32768/-32767/+32767)=3/0/6 | outliers kept 33469 saturated 9 (CLIPPED 9 [hi 0 lo 9] REPAIRED, FALSE-RAILS 0, recomp 9, max excess 14809, max err 144.6 LSB)
LOCAL turn 1 window boottime_ms start=314324873 first=314327942 end=314329002
VSOCK LOCAL tpu turn 1: ms per exchange, split: of unmask, verification dots 0.068 | after it, releasing the pads 0.036 | between exchanges (the VM's own graph work) 0.617 | of wait, joining the correction after the reply 0.153 | out-of-lane entries per exchange 119.5 | the VM thread's own CPU: unmask 0.101, between exchanges 0.596 | parallel unmask checked against serial on 18 exchanges, 0 differed
VSOCK LOCAL tpu turn 1: exchanges by duration (<25us <100us <400us <1.6ms longer): unmask 0 0 98 156 26 | between exchanges 41 83 110 37 8
LOCAL turn 1 Q: What is 15 percent of 200? Reply with only the number.
LOCAL turn 1 A: 30
LOCAL turn 1 STATS {status=eos, prefill_tokens=27, prefill_tok_s=41.78, decode_tokens=2, decode_tok_s=0.97, ctx_used=29, ctx=4096, steps=2, drafted=3, accepted=2, tokens_per_step=1.00}
LOCAL done: 1 scripted turns
VSOCK LOCAL engine ending after 1 turns
VSOCK LOCAL exit 0
VSOCK END
CONTROL closed after 22 lines
CAPTURE END label=qs2-20 lines=92 bytes=9642 status=complete
