CAPTURE BEGIN label=exb-1 path=/data/user/0/host.enclave.anchor.avf/files/capture/exb-1.log cap_bytes=16777216
HOST start payload=libanchor.so debug=0 mem=8192MiB worker=127.0.0.1:9500 mode=local host=Main
GATE device=Pixel 10 Pro XL sdk=37 vendor_api_level=202504 board_api_level=202604
GATE capabilities=3 protected_vm=true remote_attestation=true updatable_vm=true
GATE SUPPORTED
HOST VirtualMachineConfig.Builder ALL: setApkPath setConnectVmConsole setConsoleInputDevice setCpuTopology setCustomImageConfig setDebugLevel setDisableUpdatability setEncryptedStorageBytes setMemoryBytes setOs setPayloadBinaryName setPayloadConfigPath setProtectedVm setShouldBoostUclamp setShouldRamdump setShouldUseHugepages setVendorDiskImage setVmConsoleInputSupported setVmOutputCaptured 
HOST VirtualMachine ALL: $r8$lambda$jE9hC_Yw8T-C1lFix_Seicfe55E addDisplay binderFromPreconnectedClient clearCallback close connectToVsockServer connectVsock enableTestAttestation equals getActualMemoryBalloonBytes getCid getClass getConfig getConsoleInput getConsoleOutput getDisplays getGuestAgent getLogOutput getName getRootDir getStatus hashCode notify notifyAll removeDisplay resume run sendKeyEvent sendLidEvent sendMouseEvent sendMultiTouchEvent sendTabletModeEvent sendTrackpadEvent setCallback setConfig setMemoryBalloon setMemoryBalloonByPercent setTouchScale stop suspend toDescriptor toString wait wait wait 
HOST AVF feature com.android.kvm.NETWORK: true
HOST vCPU uclamp boost: requested
HOST encrypted storage 6144 MiB: set
HOST config protected=true debug=0
HOST VM instance 'anchorlocal' mem=8192 MiB storage=6144 MiB
HOST VM instance 'anchorlocal' EFFECTIVE mem=7168 MiB storage=6144 MiB (requested mem=8192 storage=6144)
HOST vm.run() returned, status=1
VM cb onGuestAgentRegistered
VM payload started
VM payload ready
PADS send cap: guest=0 cache=0
PADS direct fill: enabled=0
CONTROL connected
VSOCK SPKI 302a300506032b65700321005ca31206400ce04b3b044fa5f722e6dadeac336e930f08f8e5c64a29bb93d5a7
VSOCK PADKEY 97f0317f1d3e2bf047f00e3ed1b4fe992bb4774e427d17dfec825e4432c50f44
CONTROL challenge=52daa0f040049dfe7901ec540b03a50877d28248f73a08b33b5c2736735fb104
VSOCK PINS mode=dev ledger=app model=unpinned prefix=app sha256=arm_sha2
VSOCK STORAGE /mnt/encryptedstore fstype=0xef53 total=5983 MiB avail=781 MiB fs-verity=refused: Permission denied userfaultfd=Operation not permitted ram=7011 MiB vm-…(190)
VSOCK STORAGE2 selinux=u:r:microdroid_app:s0 measure=Permission denied enable-after-chmod=Permission denied authfs=0 authfs_service=0 /dev/fuse=1(Permission denied)
VSOCK STORAGE2 mount=[/dev/block/mapper/crypt /mnt/encryptedstore ext4 rw,fscontext=u:object_r:encryptedstore_fs:s0,context=u:object_r:encryptedstore_file:s0,nosuid,n…(193)
VSOCK STORAGE3 userfaultfd(USER_MODE_ONLY)=open: Permission denied
VSOCK ANCHOR start in pVM apk=/mnt/apk control=owner-connected
VSOCK ANCHOR cpu nproc=8 features= fp asimd evtstrm aes pmull sha1 sha2 crc32 atomics fphp asimdhp cpuid asimdrdm jscvt fcma lrcpc dcpop sha3 sm3 sm4 asimddp sha512 s…(308)
VSOCK ATTEST no BOUND: certificate only, nothing signed
VSOCK ATTEST status=The remote attestation completes successfully. code=0
VSOCK ATTEST certs=5
VSOCK CERT0 bytes=567 chunks=2
VSOCK CERT0[0] 30820233308201d9a003020102021100e5c18e60fbd537c6fa3f7eee0afa6b14300a06082a8648ce3d0403023039310c300a060355040a13034156463129302706035504031320373662666…(1033)
VSOCK CERT0[1] 23d4cbc3cc59e56f9b59da2e24d0bfb59f99909902210088ad45a07826d8c3cd689c575ac28b68a41ed7ced696f31e58a5322b7ad4de65
VSOCK CERT1 bytes=501 chunks=1
VSOCK CERT1[0] 308201f130820197a003020102021076bfa19ea075cbc0eeffa67fd2075e6f300a06082a8648ce3d040302302931133011060355040a130a476f6f676c65204c4c433112301006035504031…(1011)
VSOCK CERT2 bytes=754 chunks=2
VSOCK CERT2[0] 308202ee30820275a0030201020213380c9a70b7517476eb7163f9efd6f188702ce8300a06082a8648ce3d040303302931133011060355040a130a476f6f676c65204c4c433112301006035…(1033)
VSOCK CERT2[1] 047b30793077a075a0738671687474703a2f2f7072697661746563612d636f6e74656e742d36393865313061392d303030302d323237362d626431302d3838336432346632653637632e737…(493)
VSOCK CERT3 bytes=618 chunks=2
VSOCK CERT3[0] 30820266308201eba003020102021100924250191903e3ba65320efd6a2085fb300a06082a8648ce3d0403033052311c301a06035504030c134b6579204174746573746174696f6e2043413…(1033)
VSOCK CERT3[1] 69003066023100f4dbc058fab59924fd523ff5373c4939c04d5a3de504a052d30c350ac748c75ecc3d6255f7e2ec6e3792cfa41873548e023100b017cd6a2d3d15a1bd4a07d10829375034f…(221)
VSOCK CERT4 bytes=550 chunks=2
VSOCK CERT4[0] 30820222308201a8a00302010202110084a9d0297b0eb58ae7ff0e80de760605300a06082a8648ce3d0403033052311c301a06035504030c134b6579204174746573746174696f6e2043413…(1033)
VSOCK CERT4[1] 46445889b5010e393a7ffacd46731798b91db387ff34950caef6f0050a3e84e005dcfa8b2646
VSOCK ATTEST end
MODEL already in the VM's encrypted storage (3204 MiB), not streamed
VSOCK ENGINE model 3204 MiB already in the VM's encrypted storage
VSOCK MODEL table: 601 tensors, header 15819080 bytes retained, data at 15819104, digests from the pin's own read (arm_sha2)
VSOCK MODEL ok 5bf274a5a82cc4fbb05d7a35d2566dc2074eaef8f64a2741ec812dc65089fc48 (unpinned: hashed only)
LOCAL plan: /data/user/0/host.enclave.anchor.avf/files/model.gguf (3204 MiB), 6 threads, ctx 4096, scripted turns
LOCAL loading: the VM is staging and loading the model
VSOCK ANCHOR local mode: the whole model runs in this VM
VSOCK MODEL ok 5bf274a5a82cc4fbb05d7a35d2566dc2074eaef8f64a2741ec812dc65089fc48 (staged already, unchanged)
TPU worker: thread priority -19, ADPF hint session held
TPU worker: 35 compiled blocks loaded in 574 ms
TPU bundle sha256=b9a24410c23b639fc654c73e8f645ca72d7827d50db45d8dde097abd1ca26358 (hashed in 1611 ms)
TPU bench (ms per Run, min/mean): L0.qkv 0.78/1.06 L0.qkv+3ms-gap 0.91/1.15 L0.o 0.83/1.08 L0.o+3ms-gap 0.88/1.48 L0.gu 1.78/2.03 L0.gu+3ms-gap 1.81/2.30 L0.down 1.00/1.31 L0.down+3ms-gap 1.37/1.95 L20.qkv 0.52/1.21 L20.qkv+3ms-gap 0.89/1.32 L20.o 0.93/1.18 L20.o+3ms-gap 0.92/1.45 L20.gu 2.94/3.25 L20.gu+3ms-gap 3.36/3.88 L20.down 1.78/2.11 L20.down+3ms-gap 2.12/2.71
TPU worker: link poll before sleeping 0 us
TPU worker: serving masked rows
TPU bundle already in the VM's encrypted storage (1757 MiB, same sha256), not streamed
VSOCK LOCAL tpu.bundle: already in the encrypted store (1757 MiB, sha256 b9a24410c23b639f..., re-hashed in 24.6 s)
VSOCK LOCAL tpu: worker connected; masked rows only cross this link
VSOCK LOCAL linkbench: 8 MiB, medians of 7 COMPLETE alternating pairs (a failed phase abandons the comparison, so these are not selected timings). ONE link 174 ms (48.1 MB/s, spread 55-213); the SAME 8 MiB split over 2 links 151 ms (55.6 MB/s, spread 34-214); scaling 1.15x (1.00 means the boundary serialises, 2.00 means it is fully per-connection). TRANSPORT ONLY: this is not the masked exchange path and says nothing yet about decode
VSOCK LOCAL exbench R=1 gap_us=0 waitall=0: 100 round trips, min 0.463 med 0.894 p90 1.287 mean 1.015 ms, 1.00 reads per reply (request 7424 B, reply 24512 B; TRANSPORT ONLY, no TPU, no mask)
VSOCK LOCAL exbench R=2 gap_us=0 waitall=0: 100 round trips, min 0.557 med 1.005 p90 1.962 mean 1.179 ms, 1.00 reads per reply (request 14848 B, reply 49024 B; TRANSPORT ONLY, no TPU, no mask)
VSOCK LOCAL exbench R=4 gap_us=0 waitall=0: 100 round trips, min 1.038 med 2.153 p90 3.783 mean 2.318 ms, 1.88 reads per reply (request 29696 B, reply 98048 B; TRANSPORT ONLY, no TPU, no mask)
VSOCK LOCAL exbench R=8 gap_us=0 waitall=0: 100 round trips, min 0.995 med 2.535 p90 4.933 mean 2.726 ms, 3.46 reads per reply (request 59392 B, reply 196096 B; TRANSPORT ONLY, no TPU, no mask)
VSOCK LOCAL exbench R=16 gap_us=0 waitall=0: 100 round trips, min 2.235 med 3.058 p90 4.934 mean 3.494 ms, 7.48 reads per reply (request 118784 B, reply 392192 B; TRANSPORT ONLY, no TPU, no mask)
VSOCK LOCAL exbench R=16 gap_us=0 waitall=0: 100 round trips, min 2.429 med 5.585 p90 9.892 mean 6.100 ms, 7.69 reads per reply (request 118784 B, reply 392192 B; TRANSPORT ONLY, no TPU, no mask)
VSOCK LOCAL exbench R=8 gap_us=0 waitall=0: 100 round trips, min 1.004 med 3.230 p90 9.191 mean 4.440 ms, 2.84 reads per reply (request 59392 B, reply 196096 B; TRANSPORT ONLY, no TPU, no mask)
VSOCK LOCAL exbench R=4 gap_us=0 waitall=0: 100 round trips, min 0.886 med 2.528 p90 7.667 mean 3.548 ms, 1.58 reads per reply (request 29696 B, reply 98048 B; TRANSPORT ONLY, no TPU, no mask)
VSOCK LOCAL exbench R=2 gap_us=0 waitall=0: 100 round trips, min 1.004 med 2.826 p90 9.482 mean 4.049 ms, 1.32 reads per reply (request 14848 B, reply 49024 B; TRANSPORT ONLY, no TPU, no mask)
VSOCK LOCAL exbench R=1 gap_us=0 waitall=0: 100 round trips, min 0.419 med 0.875 p90 1.883 mean 1.370 ms, 1.02 reads per reply (request 7424 B, reply 24512 B; TRANSPORT ONLY, no TPU, no mask)
VSOCK LOCAL exbench R=1 gap_us=800 waitall=0: 100 round trips, min 0.673 med 1.322 p90 2.800 mean 1.996 ms, 1.00 reads per reply (request 7424 B, reply 24512 B; TRANSPORT ONLY, no TPU, no mask)
VSOCK LOCAL exbench R=2 gap_us=800 waitall=0: 100 round trips, min 1.516 med 3.173 p90 8.758 mean 4.246 ms, 1.28 reads per reply (request 14848 B, reply 49024 B; TRANSPORT ONLY, no TPU, no mask)
VSOCK LOCAL exbench R=4 gap_us=800 waitall=0: 100 round trips, min 0.870 med 2.603 p90 6.251 mean 3.187 ms, 1.91 reads per reply (request 29696 B, reply 98048 B; TRANSPORT ONLY, no TPU, no mask)
VSOCK LOCAL exbench R=8 gap_us=800 waitall=0: 100 round trips, min 1.610 med 3.459 p90 7.503 mean 4.113 ms, 2.53 reads per reply (request 59392 B, reply 196096 B; TRANSPORT ONLY, no TPU, no mask)
VSOCK LOCAL exbench R=16 gap_us=800 waitall=0: 100 round trips, min 1.672 med 6.499 p90 12.065 mean 7.098 ms, 5.87 reads per reply (request 118784 B, reply 392192 B; TRANSPORT ONLY, no TPU, no mask)
VSOCK LOCAL exbench R=16 gap_us=800 waitall=0: 100 round trips, min 2.191 med 6.111 p90 11.369 mean 6.787 ms, 5.29 reads per reply (request 118784 B, reply 392192 B; TRANSPORT ONLY, no TPU, no mask)
VSOCK LOCAL exbench R=8 gap_us=800 waitall=0: 100 round trips, min 1.223 med 2.878 p90 7.398 mean 3.758 ms, 2.88 reads per reply (request 59392 B, reply 196096 B; TRANSPORT ONLY, no TPU, no mask)
VSOCK LOCAL exbench R=4 gap_us=800 waitall=0: 100 round trips, min 1.138 med 3.146 p90 6.591 mean 3.734 ms, 1.81 reads per reply (request 29696 B, reply 98048 B; TRANSPORT ONLY, no TPU, no mask)
VSOCK LOCAL exbench R=2 gap_us=800 waitall=0: 100 round trips, min 1.425 med 2.995 p90 8.671 mean 4.042 ms, 1.16 reads per reply (request 14848 B, reply 49024 B; TRANSPORT ONLY, no TPU, no mask)
VSOCK LOCAL exbench R=1 gap_us=800 waitall=0: 100 round trips, min 0.694 med 1.412 p90 4.332 mean 2.390 ms, 1.02 reads per reply (request 7424 B, reply 24512 B; TRANSPORT ONLY, no TPU, no mask)
VSOCK LOCAL exbench R=1 gap_us=0 waitall=1: 100 round trips, min 0.604 med 1.111 p90 2.993 mean 2.175 ms, 1.00 reads per reply (request 7424 B, reply 24512 B; TRANSPORT ONLY, no TPU, no mask)
VSOCK LOCAL exbench R=2 gap_us=0 waitall=1: 100 round trips, min 1.004 med 3.940 p90 12.284 mean 5.103 ms, 1.00 reads per reply (request 14848 B, reply 49024 B; TRANSPORT ONLY, no TPU, no mask)
VSOCK LOCAL exbench R=4 gap_us=0 waitall=1: 100 round trips, min 0.847 med 2.107 p90 8.474 mean 3.194 ms, 1.00 reads per reply (request 29696 B, reply 98048 B; TRANSPORT ONLY, no TPU, no mask)
VSOCK LOCAL exbench R=8 gap_us=0 waitall=1: 100 round trips, min 1.218 med 2.962 p90 8.396 mean 4.223 ms, 1.00 reads per reply (request 59392 B, reply 196096 B; TRANSPORT ONLY, no TPU, no mask)
VSOCK LOCAL exbench: ABANDONED at R=16 gap=0 waitall=1 (a round trip failed; the stream cannot be resynchronised)
LINKBENCH 0: closed after 29360128 bytes
LINKBENCH 1: java.io.IOException: write failed: EPIPE (Broken pipe)
VSOCK LOCAL listening on vsock 7781 for the conversation; model 3360161216 bytes, 6 threads, ctx 4096
VSOCK LOCAL tpu: backend loaded, bundle open, worker link set (5 rows per exchange)
VSOCK LOCAL verified loader: 602 tensors (3504.4 MiB) hashed against the staged table before use: 71 repacked from verified bytes, 531 plain CPU
VSOCK LOCAL context ready: ctx 4096, 6 threads (decode 2), persistent pool=yes (poll 50), model loaded in 47.1 s
VSOCK LOCAL tpu: lane bundle paged in from the encrypted store in 2.0 s (NOT locked: it can be evicted) | mem available 1932 MiB, page cache 1899 MiB, major faults 95
VSOCK LOCAL tpu: minted 64 pad positions per group in 0.8 s (75.3 positions per second on 6 threads) | mem available 1709 MiB, page cache 1899 MiB, major faults 95
VSOCK LOCAL tpu: build config repair=1 verify=1 inject=0 corr_threads=1 spin_us=0 (built Sep 22 2026 20:52:44)
VSOCK LOCAL tpu: vsock credit window 262144 -> 1048576 bytes
LOCAL ready: {ctx=4096, threads=6, vocab=262144, model=5bf274a5a82cc4fbb05d7a35d2566dc2074eaef8f64a2741ec812dc65089fc48, load_s=47.1}
LOCAL ask sha256=7ee99b6a047a8042e6e4d45685016af25eb85b6494c5195c1e76a6d32e46eba1 bytes=61
VSOCK LOCAL turn 1: status=eos prefill_tokens=23 prefill_tok_s=43.10 decode_tokens=1 decode_tok_s=0.63 ctx_used=24 ctx=4096
LOCAL turn 1 window boottime_ms start=288552587 first=288553126 end=288554717
LOCAL turn 1 Q: What is the capital of France? Reply with only the city name.
VSOCK LOCAL tpu turn 1: exchanges=140 (140.0/token) ms per exchange: mask 0.137 link 9.670 (corr 0.593 mint 0.000 wait 8.253) unmask 0.498 | rx/exch 1.54 | KB/token out 1039 in 3432 | pads inline 0 (0.0 ms each) bank_min 63 | cancel n=878590 max=0.0007 rms=0.00006 LSB | verify n=410 bad=0 max=0 rms=0.000 (output LSB over 205 paired samples: max 0.000 rms 0.000) rails(-32768/-32767/+32767)=1/0/1 | outliers kept 6808 saturated 2 (CLIPPED 2 [hi 0 lo 2] REPAIRED, FALSE-RAILS 0, recomp 2, max excess 5004, max err 48.9 LSB) redrawn 0 | mem available 1701 MiB, page cache 1899 MiB, major faults 108
VSOCK LOCAL tpu turn 1: ms per exchange, split: of unmask, verification dots 0.050 | after it, releasing the pads 0.060 | between exchanges (the VM's own graph work) 0.721
VSOCK LOCAL tpu turn 1: exchanges by duration (<25us <100us <400us <1.6ms longer): unmask 4 57 57 14 8 | between exchanges 2 35 45 35 22
LOCAL turn 1 A: Paris
LOCAL turn 1 STATS {status=eos, prefill_tokens=23, prefill_tok_s=43.10, decode_tokens=1, decode_tok_s=0.63, ctx_used=24, ctx=4096}
LOCAL done: 1 scripted turns
VSOCK LOCAL engine ending after 1 turns
VSOCK LOCAL exit 0
VSOCK END
CONTROL closed after 45 lines
CAPTURE END label=exb-1 lines=115 bytes=14296 status=complete
