CAPTURE BEGIN label=cj-1row path=/data/user/0/host.enclave.anchor.avf/files/capture/cj-1row.log cap_bytes=16777216
HOST start payload=libanchor.so debug=0 mem=8192MiB worker=127.0.0.1:9500 mode=local host=Main
GATE device=Pixel 10 Pro XL sdk=37 vendor_api_level=202504 board_api_level=202604
GATE capabilities=3 protected_vm=true remote_attestation=true updatable_vm=true
GATE SUPPORTED
HOST VirtualMachineConfig.Builder ALL: setApkPath setConnectVmConsole setConsoleInputDevice setCpuTopology setCustomImageConfig setDebugLevel setDisableUpdatability setEncryptedStorageBytes setMemoryBytes setOs setPayloadBinaryName setPayloadConfigPath setProtectedVm setShouldBoostUclamp setShouldRamdump setShouldUseHugepages setVendorDiskImage setVmConsoleInputSupported setVmOutputCaptured 
HOST VirtualMachine ALL: $r8$lambda$jE9hC_Yw8T-C1lFix_Seicfe55E addDisplay binderFromPreconnectedClient clearCallback close connectToVsockServer connectVsock enableTestAttestation equals getActualMemoryBalloonBytes getCid getClass getConfig getConsoleInput getConsoleOutput getDisplays getGuestAgent getLogOutput getName getRootDir getStatus hashCode notify notifyAll removeDisplay resume run sendKeyEvent sendLidEvent sendMouseEvent sendMultiTouchEvent sendTabletModeEvent sendTrackpadEvent setCallback setConfig setMemoryBalloon setMemoryBalloonByPercent setTouchScale stop suspend toDescriptor toString wait wait wait 
HOST AVF feature com.android.kvm.NETWORK: true
HOST vCPU uclamp boost: requested
HOST encrypted storage 6144 MiB: set
HOST config protected=true debug=0
HOST VM instance 'anchorlocal' mem=8192 MiB storage=6144 MiB
HOST VM instance 'anchorlocal' EFFECTIVE mem=7168 MiB storage=6144 MiB (requested mem=8192 storage=6144)
HOST vm.run() returned, status=1
VM cb onGuestAgentRegistered
VM payload started
VM payload ready
PADS send cap: guest=0 cache=0
PADS direct fill: enabled=0
CONTROL connected
VSOCK SPKI 302a300506032b65700321008ca483d54829652dcf3d5a166e6a886de6f9e207e62fce517e030e831d005ab7
VSOCK PADKEY 6f4eec4865ca87487507f35c8b0377fd9d19382ac0828cb25dc42df033d2dd52
CONTROL challenge=8043bae7751c1e8d3a04d5d60dda80455cb485c4a67df652ddee1527e188a64b
VSOCK PINS mode=dev ledger=app model=unpinned prefix=app sha256=arm_sha2
VSOCK STORAGE /mnt/encryptedstore fstype=0xef53 total=5983 MiB avail=781 MiB fs-verity=refused: Permission denied userfaultfd=Operation not permitted ram=7011 MiB vm-…(190)
VSOCK STORAGE2 selinux=u:r:microdroid_app:s0 measure=Permission denied enable-after-chmod=Permission denied authfs=0 authfs_service=0 /dev/fuse=1(Permission denied)
VSOCK STORAGE2 mount=[/dev/block/mapper/crypt /mnt/encryptedstore ext4 rw,fscontext=u:object_r:encryptedstore_fs:s0,context=u:object_r:encryptedstore_file:s0,nosuid,n…(193)
VSOCK STORAGE3 userfaultfd(USER_MODE_ONLY)=open: Permission denied
VSOCK ANCHOR start in pVM apk=/mnt/apk control=owner-connected
VSOCK ANCHOR cpu nproc=8 features= fp asimd evtstrm aes pmull sha1 sha2 crc32 atomics fphp asimdhp cpuid asimdrdm jscvt fcma lrcpc dcpop sha3 sm3 sm4 asimddp sha512 s…(308)
VSOCK ATTEST no BOUND: certificate only, nothing signed
VSOCK ATTEST status=The remote attestation completes successfully. code=0
VSOCK ATTEST certs=5
VSOCK CERT0 bytes=567 chunks=2
VSOCK CERT0[0] 30820233308201d8a00302010202107d91468713d41baf287be2732a9a0a2f300a06082a8648ce3d0403023039310c300a060355040a1303415646312930270603550403132037366266613…(1033)
VSOCK CERT0[1] 8fb84d2312fdbe5447830931679eac90dc2e8485022100c3d54967638dec4e1b0a3a0be2d31b34a115771449c5c3eebfbef24d17215b57
VSOCK CERT1 bytes=501 chunks=1
VSOCK CERT1[0] 308201f130820197a003020102021076bfa19ea075cbc0eeffa67fd2075e6f300a06082a8648ce3d040302302931133011060355040a130a476f6f676c65204c4c433112301006035504031…(1011)
VSOCK CERT2 bytes=754 chunks=2
VSOCK CERT2[0] 308202ee30820275a0030201020213380c9a70b7517476eb7163f9efd6f188702ce8300a06082a8648ce3d040303302931133011060355040a130a476f6f676c65204c4c433112301006035…(1033)
VSOCK CERT2[1] 047b30793077a075a0738671687474703a2f2f7072697661746563612d636f6e74656e742d36393865313061392d303030302d323237362d626431302d3838336432346632653637632e737…(493)
VSOCK CERT3 bytes=618 chunks=2
VSOCK CERT3[0] 30820266308201eba003020102021100924250191903e3ba65320efd6a2085fb300a06082a8648ce3d0403033052311c301a06035504030c134b6579204174746573746174696f6e2043413…(1033)
VSOCK CERT3[1] 69003066023100f4dbc058fab59924fd523ff5373c4939c04d5a3de504a052d30c350ac748c75ecc3d6255f7e2ec6e3792cfa41873548e023100b017cd6a2d3d15a1bd4a07d10829375034f…(221)
VSOCK CERT4 bytes=550 chunks=2
VSOCK CERT4[0] 30820222308201a8a00302010202110084a9d0297b0eb58ae7ff0e80de760605300a06082a8648ce3d0403033052311c301a06035504030c134b6579204174746573746174696f6e2043413…(1033)
VSOCK CERT4[1] 46445889b5010e393a7ffacd46731798b91db387ff34950caef6f0050a3e84e005dcfa8b2646
VSOCK ATTEST end
MODEL already in the VM's encrypted storage (3204 MiB), not streamed
VSOCK ENGINE model 3204 MiB already in the VM's encrypted storage
VSOCK MODEL table: 601 tensors, header 15819080 bytes retained, data at 15819104, digests from the pin's own read (arm_sha2)
VSOCK MODEL ok 5bf274a5a82cc4fbb05d7a35d2566dc2074eaef8f64a2741ec812dc65089fc48 (unpinned: hashed only)
LOCAL plan: /data/user/0/host.enclave.anchor.avf/files/model.gguf (3204 MiB), 6 threads, ctx 4096, scripted turns
LOCAL loading: the VM is staging and loading the model
VSOCK ANCHOR local mode: the whole model runs in this VM
VSOCK MODEL ok 5bf274a5a82cc4fbb05d7a35d2566dc2074eaef8f64a2741ec812dc65089fc48 (staged already, unchanged)
TPU worker: thread priority -19, ADPF hint session held
TPU worker: 35 compiled blocks loaded in 667 ms
TPU bundle sha256=b9a24410c23b639fc654c73e8f645ca72d7827d50db45d8dde097abd1ca26358 (hashed in 1725 ms)
TPU bench (ms per Run, min/mean): L0.qkv 0.80/1.08 L0.qkv+3ms-gap 0.89/1.37 L0.o 0.84/1.26 L0.o+3ms-gap 1.05/1.95 L0.gu 2.06/2.23 L0.gu+3ms-gap 1.63/2.15 L0.down 1.10/1.31 L0.down+3ms-gap 1.27/1.63 L20.qkv 0.47/1.13 L20.qkv+3ms-gap 1.12/1.52 L20.o 0.52/1.13 L20.o+3ms-gap 1.24/1.63 L20.gu 2.90/3.19 L20.gu+3ms-gap 2.68/3.44 L20.down 1.88/2.11 L20.down+3ms-gap 2.26/2.61
TPU worker: link poll before sleeping 0 us
TPU worker: serving masked rows
TPU bundle already in the VM's encrypted storage (1757 MiB, same sha256), not streamed
VSOCK LOCAL tpu.bundle: already in the encrypted store (1757 MiB, sha256 b9a24410c23b639f..., re-hashed in 25.5 s)
VSOCK LOCAL tpu: worker connected; masked rows only cross this link
VSOCK LOCAL listening on vsock 7781 for the conversation; model 3360161216 bytes, 6 threads, ctx 4096
VSOCK LOCAL tpu: backend loaded, bundle open, worker link set (5 rows per exchange)
VSOCK LOCAL verified loader: 602 tensors (3504.4 MiB) hashed against the staged table before use: 71 repacked from verified bytes, 531 plain CPU
VSOCK LOCAL context ready: ctx 4096, 6 threads (decode 2), persistent pool=yes (poll 50), model loaded in 52.0 s
VSOCK LOCAL tpu: lane bundle paged in from the encrypted store in 1.8 s (NOT locked: it can be evicted) | mem available 1929 MiB, page cache 1901 MiB, major faults 94
VSOCK LOCAL tpu: minted 64 pad positions per group in 0.9 s (74.8 positions per second on 6 threads) | mem available 1711 MiB, page cache 1901 MiB, major faults 94
VSOCK LOCAL tpu: build config repair=1 verify=1 inject=0 corr_threads=1 spin_us=0 (built Sep 22 2026 23:20:54)
VSOCK LOCAL tpu: vsock credit window 262144 -> 1048576 bytes
LOCAL ready: {ctx=4096, threads=6, vocab=262144, model=5bf274a5a82cc4fbb05d7a35d2566dc2074eaef8f64a2741ec812dc65089fc48, load_s=52.0}
LOCAL ask sha256=6bf5a86a36dfa49ab1342314d8c00ea776e9530b42789a2a420969f463a5f9cb bytes=101
LOCAL turn 1 window boottime_ms start=289935954 first=289936491 end=289988242
VSOCK LOCAL turn 1: status=eos prefill_tokens=28 prefill_tok_s=52.64 decode_tokens=57 decode_tok_s=1.10 ctx_used=85 ctx=4096
VSOCK LOCAL tpu turn 1: exchanges=7980 (140.0/token) ms per exchange: mask 0.102 link 5.508 (corr 0.070 mint 0.000 wait 5.226) unmask 0.271 | rx/exch 1.66 | KB/token out 1039 in 3432 | pads inline 0 (0.0 ms each) bank_min 7 | cancel n=50079678 max=0.0010 rms=0.00006 LSB | verify n=23370 bad=1 max=1 rms=0.007 (output LSB over 11685 paired samples: max 0.010 rms 0.000) rails(-32768/-32767/+32767)=36/0/30 | outliers kept 374305 saturated 66 (CLIPPED 66 [hi 0 lo 66] REPAIRED, FALSE-RAILS 0, recomp 66, max excess 20138, max err 196.7 LSB) redrawn 0 | mem available 1746 MiB, page cache 1902 MiB, major faults 108
VSOCK LOCAL tpu turn 1: ms per exchange, split: of unmask, verification dots 0.052 | after it, releasing the pads 0.069 | between exchanges (the VM's own graph work) 0.531 | of wait, joining the correction after the reply 0.546 | out-of-lane entries per exchange 46.9
LOCAL turn 1 Q: Write a Python function called reverse_string that returns its argument reversed. Give only the code.
VSOCK LOCAL tpu turn 1: exchanges by duration (<25us <100us <400us <1.6ms longer): unmask 28 3410 3068 1392 82 | between exchanges 77 1969 4502 1250 181
LOCAL turn 1 A: ```python\ndef reverse_string(s):\n  """\n  Reverses the given string.\n\n  Args:\n    s: The string to be reversed.\n\n  Returns:\n    The reversed string.\n  """\n  return s[::-1]\n```
LOCAL turn 1 STATS {status=eos, prefill_tokens=28, prefill_tok_s=52.64, decode_tokens=57, decode_tok_s=1.10, ctx_used=85, ctx=4096}
LOCAL done: 1 scripted turns
VSOCK LOCAL engine ending after 1 turns
VSOCK LOCAL exit 0
VSOCK END
CONTROL closed after 19 lines
CAPTURE END label=cj-1row lines=87 bytes=9320 status=complete
