Archive member included to satisfy reference by file (symbol)

/home/steven/Projects/optee-anchor-spike/optee_os/out/arm-plat-vexpress/export-ta_arm64/lib/libutils.a(bget_malloc.o)
                              ./anchor-core.o (malloc)
/home/steven/Projects/optee-anchor-spike/optee_os/out/arm-plat-vexpress/export-ta_arm64/lib/libutils.a(stack_check.o)
                              ./anchor_ta.o (__stack_chk_fail)
/home/steven/Projects/optee-anchor-spike/optee_os/out/arm-plat-vexpress/export-ta_arm64/lib/libutils.a(memcmp.o)
                              ./anchor-core.o (memcmp)
/home/steven/Projects/optee-anchor-spike/optee_os/out/arm-plat-vexpress/export-ta_arm64/lib/libutils.a(memcpy.o)
                              ./anchor-core.o (memcpy)
/home/steven/Projects/optee-anchor-spike/optee_os/out/arm-plat-vexpress/export-ta_arm64/lib/libutils.a(memset.o)
                              ./anchor-core.o (memset)
/home/steven/Projects/optee-anchor-spike/optee_os/out/arm-plat-vexpress/export-ta_arm64/lib/libutils.a(trace.o)
                              /home/steven/Projects/optee-anchor-spike/optee_os/out/arm-plat-vexpress/export-ta_arm64/lib/libutils.a(stack_check.o) (trace_printf)
/home/steven/Projects/optee-anchor-spike/optee_os/out/arm-plat-vexpress/export-ta_arm64/lib/libutils.a(snprintk.o)
                              /home/steven/Projects/optee-anchor-spike/optee_os/out/arm-plat-vexpress/export-ta_arm64/lib/libutils.a(trace.o) (vsnprintk)
/home/steven/Projects/optee-anchor-spike/optee_os/out/arm-plat-vexpress/export-ta_arm64/lib/libutils.a(memchr.o)
                              /home/steven/Projects/optee-anchor-spike/optee_os/out/arm-plat-vexpress/export-ta_arm64/lib/libutils.a(snprintk.o) (memchr)
/home/steven/Projects/optee-anchor-spike/optee_os/out/arm-plat-vexpress/export-ta_arm64/lib/libutils.a(strlen.o)
                              /home/steven/Projects/optee-anchor-spike/optee_os/out/arm-plat-vexpress/export-ta_arm64/lib/libutils.a(snprintk.o) (strlen)
/home/steven/Projects/optee-anchor-spike/optee_os/out/arm-plat-vexpress/export-ta_arm64/lib/libutee.a(assert.o)
                              /home/steven/Projects/optee-anchor-spike/optee_os/out/arm-plat-vexpress/export-ta_arm64/lib/libutils.a(bget_malloc.o) (_assert_log)
/home/steven/Projects/optee-anchor-spike/optee_os/out/arm-plat-vexpress/export-ta_arm64/lib/libutee.a(trace_ext.o)
                              /home/steven/Projects/optee-anchor-spike/optee_os/out/arm-plat-vexpress/export-ta_arm64/lib/libutils.a(trace.o) (trace_ext_puts)
/home/steven/Projects/optee-anchor-spike/optee_os/out/arm-plat-vexpress/export-ta_arm64/lib/libutee.a(tee_api.o)
                              ./anchor_ta.o (TEE_MemMove)
/home/steven/Projects/optee-anchor-spike/optee_os/out/arm-plat-vexpress/export-ta_arm64/lib/libutee.a(tee_api_operations.o)
                              ./anchor_ta.o (TEE_GenerateRandom)
/home/steven/Projects/optee-anchor-spike/optee_os/out/arm-plat-vexpress/export-ta_arm64/lib/libutee.a(tee_api_panic.o)
                              /home/steven/Projects/optee-anchor-spike/optee_os/out/arm-plat-vexpress/export-ta_arm64/lib/libutee.a(tee_api.o) (TEE_Panic)
/home/steven/Projects/optee-anchor-spike/optee_os/out/arm-plat-vexpress/export-ta_arm64/lib/libutee.a(tee_system_pta.o)
                              /home/steven/Projects/optee-anchor-spike/optee_os/out/arm-plat-vexpress/export-ta_arm64/lib/libutee.a(tee_api.o) (tee_map_zi)
/home/steven/Projects/optee-anchor-spike/optee_os/out/arm-plat-vexpress/export-ta_arm64/lib/libutee.a(user_ta_entry.o)
                              ./user_ta_header.o (__utee_entry)
/home/steven/Projects/optee-anchor-spike/optee_os/out/arm-plat-vexpress/export-ta_arm64/lib/libutee.a(utee_syscalls_a64.o)
                              /home/steven/Projects/optee-anchor-spike/optee_os/out/arm-plat-vexpress/export-ta_arm64/lib/libutils.a(stack_check.o) (_utee_panic)
/home/steven/Projects/optee-anchor-spike/optee_os/out/arm-plat-vexpress/export-ta_arm64/lib/libutee.a(abort.o)
                              /home/steven/Projects/optee-anchor-spike/optee_os/out/arm-plat-vexpress/export-ta_arm64/lib/libutee.a(user_ta_entry.o) (abort)
/home/steven/Projects/optee-anchor-spike/optee_os/out/arm-plat-vexpress/export-ta_arm64/lib/libutee.a(tee_api_arith_mpi.o)
                              /home/steven/Projects/optee-anchor-spike/optee_os/out/arm-plat-vexpress/export-ta_arm64/lib/libutee.a(user_ta_entry.o) (_TEE_MathAPI_Init)
/home/steven/Projects/optee-anchor-spike/optee_os/out/arm-plat-vexpress/export-ta_arm64/lib/libutee.a(tee_api_objects.o)
                              /home/steven/Projects/optee-anchor-spike/optee_os/out/arm-plat-vexpress/export-ta_arm64/lib/libutee.a(tee_api_operations.o) (__utee_from_attr)
/home/steven/Projects/optee-anchor-spike/optee_os/out/arm-plat-vexpress/export-ta_arm64/lib/libutee.a(tee_api_property.o)
[...]
Memory Configuration

Name             Origin             Length             Attributes
*default*        0x0000000000000000 0xffffffffffffffff

Linker script and memory map


.text           0x0000000000000000    0x19338
                0x0000000000000000                __text_start = .
 *(SORT_BY_ALIGNMENT(.text) SORT_BY_ALIGNMENT(.text.*))
 .text          0x0000000000000000     0x47ec ./shielded-simd.o
                0x0000000000000000                sh_simd_generic_pad_planes
                0x0000000000000530                sh_simd_generic_mask_planes
                0x0000000000001020                sh_simd_generic_unmask
                0x0000000000001200                sh_simd_generic_encode
                0x0000000000001228                sh_simd_generic_descale
                0x0000000000001260                sh_simd_generic_fv_dot
                0x00000000000013e4                sh_simd_generic_fv_dot_x
                0x0000000000001564                sh_simd_generic_fv_prepare
                0x0000000000001e00                sh_simd_generic_refill
                0x0000000000002c48                sh_simd_generic_fv_dots
                0x0000000000002ee4                sh_simd_generic_fv_dots_x
                0x0000000000003168                sh_simd_generic_unmask_fv
                0x00000000000036d0                sh_simd_generic_unmask24
                0x00000000000039a0                sh_simd_generic_unmask24_fv
                0x0000000000004000                sh_simd_generic_outlier_add
 *fill*         0x00000000000047ec       0x14 
 .text          0x0000000000004800      0x10c /home/steven/Projects/optee-anchor-spike/optee_os/out/arm-plat-vexpress/export-ta_arm64/lib/libutils.a(memcpy.o)
                0x0000000000004800                memcpy
 .text          0x000000000000490c      0x46c ./anchor_ta.o
                0x0000000000004928                TA_CreateEntryPoint
                0x0000000000004930                TA_DestroyEntryPoint
                0x0000000000004934                TA_OpenSessionEntryPoint
                0x000000000000493c                TA_CloseSessionEntryPoint
                0x0000000000004974                TA_InvokeCommandEntryPoint
 .text          0x0000000000004d78      0xe10 ./anchor-core.o
                0x0000000000004d78                an_create
                0x0000000000004de4                an_destroy
                0x0000000000004ec4                an_add_weight
                0x0000000000004fd0                an_prepare
                0x0000000000005294                an_pad_gen
                0x0000000000005680                an_pad_ready
                0x000000000000569c                an_mask
                0x0000000000005730                an_finish
                0x0000000000005934                an_check_local
                0x0000000000005a10                an_peak_abs_y
                0x0000000000005a70                an_y_digest
                0x0000000000005ae4                an_stats
                0x0000000000005b10                an_footprint
 .text          0x0000000000005b88      0x2ec ./shielded-field.o
                0x0000000000005b88                sh_balanced
                0x0000000000005bbc                sh_residue
                0x0000000000005bf0                sh_crt
                0x0000000000005d64                sh_weights_fit_byte
                0x0000000000005d9c                sh_float_to_half
 .text          0x0000000000005e74       0x88 ./user_ta_header.o
                0x0000000000005e74                __ta_entry
                0x0000000000005ef4                tahead_get_trace_level
 .text          0x0000000000005efc     0x1460 /home/steven/Projects/optee-anchor-spike/optee_os/out/arm-plat-vexpress/export-ta_arm64/lib/libutils.a(bget_malloc.o)
                0x000000000000600c                bget
                0x0000000000006320                bgetz
                0x00000000000063a8                brel
                0x00000000000066b4                bgetr
                0x0000000000006780                bpool
                0x000000000000686c                bstats
                0x0000000000006990                bget_main_test
                0x0000000000006c60                malloc_reset_stats
                0x0000000000006c78                raw_malloc_flags
                0x0000000000006df4                raw_memalign
                0x0000000000006e18                raw_malloc
                0x0000000000006e3c                raw_free
                0x0000000000006e80                raw_calloc
                0x0000000000006ea4                raw_realloc
                0x0000000000006ec8                free_flags
                0x0000000000006ee4                malloc
                0x0000000000006f10                malloc_flags
                0x0000000000006f34                calloc
                0x0000000000006f60                realloc
                0x0000000000006f8c                memalign
                0x0000000000006fb8                aligned_alloc
                0x0000000000006ff4                free
                0x0000000000007000                free_wipe
                0x000000000000700c                raw_malloc_get_ctx_size
                0x0000000000007014                raw_malloc_init_ctx
                0x0000000000007040                raw_malloc_add_pool
                0x0000000000007130                raw_malloc_buffer_overlaps_heap
                0x00000000000071a0                raw_malloc_buffer_is_within_alloced
                0x00000000000072bc                raw_malloc_get_stats
                0x0000000000007300                malloc_get_stats
                0x0000000000007314                malloc_add_pool
                0x000000000000732c                malloc_buffer_is_within_alloced
                0x0000000000007344                malloc_buffer_overlaps_heap
 .text          0x000000000000735c       0x30 /home/steven/Projects/optee-anchor-spike/optee_os/out/arm-plat-vexpress/export-ta_arm64/lib/libutils.a(stack_check.o)
                0x000000000000735c                __stack_chk_fail
 .text          0x000000000000738c       0x34 /home/steven/Projects/optee-anchor-spike/optee_os/out/arm-plat-vexpress/export-ta_arm64/lib/libutils.a(memcmp.o)
                0x000000000000738c                memcmp
 .text          0x00000000000073c0       0x1c /home/steven/Projects/optee-anchor-spike/optee_os/out/arm-plat-vexpress/export-ta_arm64/lib/libutils.a(memset.o)
                0x00000000000073c0                memset
 .text          0x00000000000073dc      0x328 /home/steven/Projects/optee-anchor-spike/optee_os/out/arm-plat-vexpress/export-ta_arm64/lib/libutils.a(trace.o)
                0x00000000000073dc                trace_set_level
                0x00000000000073f8                trace_get_level
                0x0000000000007408                trace_vprintf
                0x0000000000007628                trace_printf
                0x0000000000007700                dhex_dump
 .text          0x0000000000007704      0xe38 /home/steven/Projects/optee-anchor-spike/optee_os/out/arm-plat-vexpress/export-ta_arm64/lib/libutils.a(snprintk.o)
                0x0000000000007704                __vsnprintf
                0x00000000000077cc                vsnprintk
                0x0000000000007824                snprintk
                0x00000000000084f0                __vsprintf
 .text          0x000000000000853c       0x2c /home/steven/Projects/optee-anchor-spike/optee_os/out/arm-plat-vexpress/export-ta_arm64/lib/libutils.a(memchr.o)
                0x000000000000853c                memchr
 .text          0x0000000000008568       0x1c /home/steven/Projects/optee-anchor-spike/optee_os/out/arm-plat-vexpress/export-ta_arm64/lib/libutils.a(strlen.o)
                0x0000000000008568                strlen
 .text          0x0000000000008584       0x58 /home/steven/Projects/optee-anchor-spike/optee_os/out/arm-plat-vexpress/export-ta_arm64/lib/libutee.a(assert.o)
                0x0000000000008584                _assert_log
                0x00000000000085c8                _assert_break
 .text          0x00000000000085dc      0x1d4 /home/steven/Projects/optee-anchor-spike/optee_os/out/arm-plat-vexpress/export-ta_arm64/lib/libutee.a(trace_ext.o)
                0x00000000000085dc                trace_ext_puts
                0x0000000000008604                trace_ext_get_thread_id
                0x000000000000860c                printf
                0x00000000000086f8                puts
                0x0000000000008738                putchar
 .text          0x00000000000087b0     0x10d0 /home/steven/Projects/optee-anchor-spike/optee_os/out/arm-plat-vexpress/export-ta_arm64/lib/libutee.a(tee_api.o)
                0x0000000000008b44                TEE_CloseTASession
                0x0000000000008b6c                TEE_GetCancellationFlag
                0x0000000000008bd4                TEE_UnmaskCancellation
                0x0000000000008c3c                TEE_MaskCancellation
                0x0000000000008ca4                TEE_CheckMemoryAccessRights
                0x0000000000008ed0                TEE_OpenTASession
                0x0000000000009030                __GP11_TEE_OpenTASession
                0x0000000000009180                TEE_InvokeTACommand
                0x0000000000009310                __GP11_TEE_InvokeTACommand
                0x0000000000009490                __GP11_TEE_CheckMemoryAccessRights
                0x0000000000009498                TEE_SetInstanceData
                0x00000000000094a4                TEE_GetInstanceData
                0x00000000000094b0                TEE_MemMove
                0x00000000000094b4                __GP11_TEE_MemMove
                0x00000000000094bc                TEE_MemCompare
                0x00000000000094c0                __GP11_TEE_MemCompare
                0x00000000000094c8                TEE_MemFill
                0x00000000000094cc                __GP11_TEE_MemFill
                0x00000000000094d4                TEE_GetSystemTime
                0x00000000000094fc                TEE_Wait
                0x0000000000009538                TEE_GetTAPersistentTime
                0x00000000000095b0                TEE_SetTAPersistentTime
                0x00000000000095f4                TEE_GetREETime
                0x000000000000961c                TEE_Malloc
                0x000000000000972c                __GP11_TEE_Malloc
                0x0000000000009734                TEE_Free
                0x0000000000009790                TEE_Realloc
                0x0000000000009860                __GP11_TEE_Realloc
                0x0000000000009868                TEE_CacheClean
                0x0000000000009870                TEE_CacheFlush
                0x0000000000009878                TEE_CacheInvalidate
 .text          0x0000000000009880     0x45c8 /home/steven/Projects/optee-anchor-spike/optee_os/out/arm-plat-vexpress/export-ta_arm64/lib/libutee.a(tee_api_operations.o)
                0x0000000000009fec                TEE_FreeOperation
                0x000000000000a02c                TEE_AllocateOperation
                0x000000000000ab80                __GP11_TEE_FreeOperation
                0x000000000000abac                TEE_GetOperationInfo
                0x000000000000ac00                TEE_GetOperationInfoMultiple
                0x000000000000adb4                __GP11_TEE_GetOperationInfoMultiple
                0x000000000000ae48                TEE_ResetOperation
                0x000000000000ae84                TEE_SetOperationKey
                0x000000000000aec0                __GP11_TEE_SetOperationKey
                0x000000000000aefc                __GP11_TEE_SetOperationKey2
                0x000000000000b124                TEE_SetOperationKey2
                0x000000000000b144                TEE_CopyOperation
                0x000000000000b2a0                TEE_DigestUpdate
                0x000000000000b310                __GP11_TEE_DigestUpdate
                0x000000000000b318                TEE_DigestDoFinal
                0x000000000000b48c                __GP11_TEE_DigestDoFinal
                0x000000000000b538                TEE_DigestExtract
                0x000000000000b6e8                TEE_CipherInit
                0x000000000000b7c4                __GP11_TEE_CipherInit
                0x000000000000b7cc                TEE_CipherUpdate
                0x000000000000b9bc                __GP11_TEE_CipherUpdate
                0x000000000000ba68                TEE_CipherDoFinal
                0x000000000000bc80                __GP11_TEE_CipherDoFinal
                0x000000000000bd38                TEE_MACInit
                0x000000000000bddc                __GP11_TEE_MACInit
                0x000000000000bde4                TEE_MACUpdate
                0x000000000000be84                __GP11_TEE_MACUpdate
                0x000000000000be8c                TEE_MACComputeFinal
                0x000000000000bfa4                __GP11_TEE_MACComputeFinal
                0x000000000000c050                TEE_MACCompareFinal
                0x000000000000c178                __GP11_TEE_MACCompareFinal
                0x000000000000c184                TEE_AEInit
                0x000000000000c248                __GP11_TEE_AEInit
                0x000000000000c258                TEE_AEUpdateAAD
                0x000000000000c2f4                __GP11_TEE_AEUpdateAAD
                0x000000000000c388                TEE_AEUpdate
                0x000000000000c454                __GP11_TEE_AEUpdate
                0x000000000000c55c                TEE_AEEncryptFinal
                0x000000000000c760                __GP11_TEE_AEEncryptFinal
                0x000000000000c840                TEE_AEDecryptFinal
                0x000000000000ca10                __GP11_TEE_AEDecryptFinal
                0x000000000000cad4                TEE_AsymmetricEncrypt
                0x000000000000cc64                __GP11_TEE_AsymmetricEncrypt
                0x000000000000cddc                TEE_AsymmetricDecrypt
                0x000000000000cf70                __GP11_TEE_AsymmetricDecrypt
                0x000000000000d0ec                TEE_AsymmetricSignDigest
                0x000000000000d25c                __GP11_TEE_AsymmetricSignDigest
                0x000000000000d3cc                TEE_AsymmetricVerifyDigest
                0x000000000000d528                __GP11_TEE_AsymmetricVerifyDigest
                0x000000000000d684                TEE_DeriveKey
                0x000000000000d800                __GP11_TEE_DeriveKey
                0x000000000000d97c                TEE_GenerateRandom
                0x000000000000d99c                __GP11_TEE_GenerateRandom
                0x000000000000d9a4                rand
                0x000000000000da08                TEE_IsAlgorithmSupported
 .text          0x000000000000de48      0x1b8 /home/steven/Projects/optee-anchor-spike/optee_os/out/arm-plat-vexpress/export-ta_arm64/lib/libutee.a(tee_api_panic.o)
                0x000000000000de64                TEE_Panic
                0x000000000000de74                __utee_check_outbuf_annotation
                0x000000000000ded0                __utee_check_gp11_outbuf_annotation
                0x000000000000df2c                __utee_check_instring_annotation
                0x000000000000df6c                __utee_check_outstring_annotation
                0x000000000000df70                __utee_check_gp11_outstring_annotation
                0x000000000000df74                __utee_check_out_annotation
                0x000000000000dfa0                __utee_check_attr_in_annotation
                0x000000000000dfd0                __utee_check_gp11_attr_in_annotation
                0x000000000000dfd4                __utee_check_inout_annotation
 .text          0x000000000000e000      0x33c /home/steven/Projects/optee-anchor-spike/optee_os/out/arm-plat-vexpress/export-ta_arm64/lib/libutee.a(tee_system_pta.o)
                0x000000000000e084                tee_map_zi_va
                0x000000000000e14c                tee_map_zi
                0x000000000000e15c                tee_unmap
                0x000000000000e224                tee_invoke_supp_plugin
 .text          0x000000000000e33c      0x770 /home/steven/Projects/optee-anchor-spike/optee_os/out/arm-plat-vexpress/export-ta_arm64/lib/libutee.a(user_ta_entry.o)
                0x000000000000e610                __utee_call_elf_init_fn
                0x000000000000e764                __utee_call_elf_fini_fn
                0x000000000000e808                __utee_entry
 .text._utee_panic
                0x000000000000eaac        0xc /home/steven/Projects/optee-anchor-spike/optee_os/out/arm-plat-vexpress/export-ta_arm64/lib/libutee.a(utee_syscalls_a64.o)
                0x000000000000eaac                _utee_panic
 .text._utee_return
                0x000000000000eab8        0xc /home/steven/Projects/optee-anchor-spike/optee_os/out/arm-plat-vexpress/export-ta_arm64/lib/libutee.a(utee_syscalls_a64.o)
                0x000000000000eab8                _utee_return
 .text._utee_log
                0x000000000000eac4        0xc /home/steven/Projects/optee-anchor-spike/optee_os/out/arm-plat-vexpress/export-ta_arm64/lib/libutee.a(utee_syscalls_a64.o)
                0x000000000000eac4                _utee_log
 .text.__utee_panic
                0x000000000000ead0        0xc /home/steven/Projects/optee-anchor-spike/optee_os/out/arm-plat-vexpress/export-ta_arm64/lib/libutee.a(utee_syscalls_a64.o)
                0x000000000000ead0                __utee_panic
 .text._utee_get_property
                0x000000000000eadc        0xc /home/steven/Projects/optee-anchor-spike/optee_os/out/arm-plat-vexpress/export-ta_arm64/lib/libutee.a(utee_syscalls_a64.o)
                0x000000000000eadc                _utee_get_property
 .text._utee_get_property_name_to_index
                0x000000000000eae8        0xc /home/steven/Projects/optee-anchor-spike/optee_os/out/arm-plat-vexpress/export-ta_arm64/lib/libutee.a(utee_syscalls_a64.o)
                0x000000000000eae8                _utee_get_property_name_to_index
 .text._utee_open_ta_session
                0x000000000000eaf4        0xc /home/steven/Projects/optee-anchor-spike/optee_os/out/arm-plat-vexpress/export-ta_arm64/lib/libutee.a(utee_syscalls_a64.o)
                0x000000000000eaf4                _utee_open_ta_session
 .text._utee_close_ta_session
                0x000000000000eb00        0xc /home/steven/Projects/optee-anchor-spike/optee_os/out/arm-plat-vexpress/export-ta_arm64/lib/libutee.a(utee_syscalls_a64.o)
                0x000000000000eb00                _utee_close_ta_session
 .text._utee_invoke_ta_command
                0x000000000000eb0c        0xc /home/steven/Projects/optee-anchor-spike/optee_os/out/arm-plat-vexpress/export-ta_arm64/lib/libutee.a(utee_syscalls_a64.o)
                0x000000000000eb0c                _utee_invoke_ta_command
 .text._utee_get_cancellation_flag
                0x000000000000eb18        0xc /home/steven/Projects/optee-anchor-spike/optee_os/out/arm-plat-vexpress/export-ta_arm64/lib/libutee.a(utee_syscalls_a64.o)
                0x000000000000eb18                _utee_get_cancellation_flag
 .text._utee_check_access_rights
                0x000000000000eb24        0xc /home/steven/Projects/optee-anchor-spike/optee_os/out/arm-plat-vexpress/export-ta_arm64/lib/libutee.a(utee_syscalls_a64.o)
                0x000000000000eb24                _utee_check_access_rights
 .text._utee_unmask_cancellation
                0x000000000000eb30        0xc /home/steven/Projects/optee-anchor-spike/optee_os/out/arm-plat-vexpress/export-ta_arm64/lib/libutee.a(utee_syscalls_a64.o)
                0x000000000000eb30                _utee_unmask_cancellation
 .text._utee_mask_cancellation
                0x000000000000eb3c        0xc /home/steven/Projects/optee-anchor-spike/optee_os/out/arm-plat-vexpress/export-ta_arm64/lib/libutee.a(utee_syscalls_a64.o)
                0x000000000000eb3c                _utee_mask_cancellation
 .text._utee_wait
                0x000000000000eb48        0xc /home/steven/Projects/optee-anchor-spike/optee_os/out/arm-plat-vexpress/export-ta_arm64/lib/libutee.a(utee_syscalls_a64.o)
                0x000000000000eb48                _utee_wait
 .text._utee_get_time
                0x000000000000eb54        0xc /home/steven/Projects/optee-anchor-spike/optee_os/out/arm-plat-vexpress/export-ta_arm64/lib/libutee.a(utee_syscalls_a64.o)
                0x000000000000eb54                _utee_get_time
 .text._utee_set_ta_time
                0x000000000000eb60        0xc /home/steven/Projects/optee-anchor-spike/optee_os/out/arm-plat-vexpress/export-ta_arm64/lib/libutee.a(utee_syscalls_a64.o)
                0x000000000000eb60                _utee_set_ta_time
 .text._utee_cryp_state_alloc
                0x000000000000eb6c        0xc /home/steven/Projects/optee-anchor-spike/optee_os/out/arm-plat-vexpress/export-ta_arm64/lib/libutee.a(utee_syscalls_a64.o)
                0x000000000000eb6c                _utee_cryp_state_alloc
 .text._utee_cryp_state_copy
                0x000000000000eb78        0xc /home/steven/Projects/optee-anchor-spike/optee_os/out/arm-plat-vexpress/export-ta_arm64/lib/libutee.a(utee_syscalls_a64.o)
                0x000000000000eb78                _utee_cryp_state_copy
 .text._utee_cryp_state_free
                0x000000000000eb84        0xc /home/steven/Projects/optee-anchor-spike/optee_os/out/arm-plat-vexpress/export-ta_arm64/lib/libutee.a(utee_syscalls_a64.o)
                0x000000000000eb84                _utee_cryp_state_free
 .text._utee_hash_init
                0x000000000000eb90        0xc /home/steven/Projects/optee-anchor-spike/optee_os/out/arm-plat-vexpress/export-ta_arm64/lib/libutee.a(utee_syscalls_a64.o)
                0x000000000000eb90                _utee_hash_init
 .text._utee_hash_update
                0x000000000000eb9c        0xc /home/steven/Projects/optee-anchor-spike/optee_os/out/arm-plat-vexpress/export-ta_arm64/lib/libutee.a(utee_syscalls_a64.o)
                0x000000000000eb9c                _utee_hash_update
 .text._utee_hash_final
                0x000000000000eba8        0xc /home/steven/Projects/optee-anchor-spike/optee_os/out/arm-plat-vexpress/export-ta_arm64/lib/libutee.a(utee_syscalls_a64.o)
                0x000000000000eba8                _utee_hash_final
 .text._utee_cipher_init
                0x000000000000ebb4        0xc /home/steven/Projects/optee-anchor-spike/optee_os/out/arm-plat-vexpress/export-ta_arm64/lib/libutee.a(utee_syscalls_a64.o)
                0x000000000000ebb4                _utee_cipher_init
 .text._utee_cipher_update
                0x000000000000ebc0        0xc /home/steven/Projects/optee-anchor-spike/optee_os/out/arm-plat-vexpress/export-ta_arm64/lib/libutee.a(utee_syscalls_a64.o)
                0x000000000000ebc0                _utee_cipher_update
 .text._utee_cipher_final
                0x000000000000ebcc        0xc /home/steven/Projects/optee-anchor-spike/optee_os/out/arm-plat-vexpress/export-ta_arm64/lib/libutee.a(utee_syscalls_a64.o)
                0x000000000000ebcc                _utee_cipher_final
 .text._utee_cryp_obj_get_info
                0x000000000000ebd8        0xc /home/steven/Projects/optee-anchor-spike/optee_os/out/arm-plat-vexpress/export-ta_arm64/lib/libutee.a(utee_syscalls_a64.o)
                0x000000000000ebd8                _utee_cryp_obj_get_info
 .text._utee_cryp_obj_restrict_usage
                0x000000000000ebe4        0xc /home/steven/Projects/optee-anchor-spike/optee_os/out/arm-plat-vexpress/export-ta_arm64/lib/libutee.a(utee_syscalls_a64.o)
                0x000000000000ebe4                _utee_cryp_obj_restrict_usage
 .text._utee_cryp_obj_get_attr
                0x000000000000ebf0        0xc /home/steven/Projects/optee-anchor-spike/optee_os/out/arm-plat-vexpress/export-ta_arm64/lib/libutee.a(utee_syscalls_a64.o)
                0x000000000000ebf0                _utee_cryp_obj_get_attr
 .text._utee_cryp_obj_alloc
                0x000000000000ebfc        0xc /home/steven/Projects/optee-anchor-spike/optee_os/out/arm-plat-vexpress/export-ta_arm64/lib/libutee.a(utee_syscalls_a64.o)
                0x000000000000ebfc                _utee_cryp_obj_alloc
 .text._utee_cryp_obj_close
                0x000000000000ec08        0xc /home/steven/Projects/optee-anchor-spike/optee_os/out/arm-plat-vexpress/export-ta_arm64/lib/libutee.a(utee_syscalls_a64.o)
                0x000000000000ec08                _utee_cryp_obj_close
 .text._utee_cryp_obj_reset
                0x000000000000ec14        0xc /home/steven/Projects/optee-anchor-spike/optee_os/out/arm-plat-vexpress/export-ta_arm64/lib/libutee.a(utee_syscalls_a64.o)
                0x000000000000ec14                _utee_cryp_obj_reset
 .text._utee_cryp_obj_populate
                0x000000000000ec20        0xc /home/steven/Projects/optee-anchor-spike/optee_os/out/arm-plat-vexpress/export-ta_arm64/lib/libutee.a(utee_syscalls_a64.o)
                0x000000000000ec20                _utee_cryp_obj_populate
 .text._utee_cryp_obj_copy
                0x000000000000ec2c        0xc /home/steven/Projects/optee-anchor-spike/optee_os/out/arm-plat-vexpress/export-ta_arm64/lib/libutee.a(utee_syscalls_a64.o)
                0x000000000000ec2c                _utee_cryp_obj_copy
 .text._utee_cryp_derive_key
                0x000000000000ec38        0xc /home/steven/Projects/optee-anchor-spike/optee_os/out/arm-plat-vexpress/export-ta_arm64/lib/libutee.a(utee_syscalls_a64.o)
                0x000000000000ec38                _utee_cryp_derive_key
 .text._utee_cryp_random_number_generate
                0x000000000000ec44        0xc /home/steven/Projects/optee-anchor-spike/optee_os/out/arm-plat-vexpress/export-ta_arm64/lib/libutee.a(utee_syscalls_a64.o)
                0x000000000000ec44                _utee_cryp_random_number_generate
 .text._utee_authenc_init
                0x000000000000ec50        0xc /home/steven/Projects/optee-anchor-spike/optee_os/out/arm-plat-vexpress/export-ta_arm64/lib/libutee.a(utee_syscalls_a64.o)
                0x000000000000ec50                _utee_authenc_init
 .text._utee_authenc_update_aad
                0x000000000000ec5c        0xc /home/steven/Projects/optee-anchor-spike/optee_os/out/arm-plat-vexpress/export-ta_arm64/lib/libutee.a(utee_syscalls_a64.o)
                0x000000000000ec5c                _utee_authenc_update_aad
 .text._utee_authenc_update_payload
                0x000000000000ec68        0xc /home/steven/Projects/optee-anchor-spike/optee_os/out/arm-plat-vexpress/export-ta_arm64/lib/libutee.a(utee_syscalls_a64.o)
                0x000000000000ec68                _utee_authenc_update_payload
 .text._utee_authenc_enc_final
                0x000000000000ec74        0xc /home/steven/Projects/optee-anchor-spike/optee_os/out/arm-plat-vexpress/export-ta_arm64/lib/libutee.a(utee_syscalls_a64.o)
                0x000000000000ec74                _utee_authenc_enc_final
 .text._utee_authenc_dec_final
                0x000000000000ec80        0xc /home/steven/Projects/optee-anchor-spike/optee_os/out/arm-plat-vexpress/export-ta_arm64/lib/libutee.a(utee_syscalls_a64.o)
                0x000000000000ec80                _utee_authenc_dec_final
 .text._utee_asymm_operate
                0x000000000000ec8c        0xc /home/steven/Projects/optee-anchor-spike/optee_os/out/arm-plat-vexpress/export-ta_arm64/lib/libutee.a(utee_syscalls_a64.o)
                0x000000000000ec8c                _utee_asymm_operate
 .text._utee_asymm_verify
                0x000000000000ec98        0xc /home/steven/Projects/optee-anchor-spike/optee_os/out/arm-plat-vexpress/export-ta_arm64/lib/libutee.a(utee_syscalls_a64.o)
                0x000000000000ec98                _utee_asymm_verify
 .text._utee_storage_obj_open
                0x000000000000eca4        0xc /home/steven/Projects/optee-anchor-spike/optee_os/out/arm-plat-vexpress/export-ta_arm64/lib/libutee.a(utee_syscalls_a64.o)
                0x000000000000eca4                _utee_storage_obj_open
 .text._utee_storage_obj_create
                0x000000000000ecb0        0xc /home/steven/Projects/optee-anchor-spike/optee_os/out/arm-plat-vexpress/export-ta_arm64/lib/libutee.a(utee_syscalls_a64.o)
                0x000000000000ecb0                _utee_storage_obj_create
 .text._utee_storage_obj_del
                0x000000000000ecbc        0xc /home/steven/Projects/optee-anchor-spike/optee_os/out/arm-plat-vexpress/export-ta_arm64/lib/libutee.a(utee_syscalls_a64.o)
                0x000000000000ecbc                _utee_storage_obj_del
 .text._utee_storage_obj_rename
                0x000000000000ecc8        0xc /home/steven/Projects/optee-anchor-spike/optee_os/out/arm-plat-vexpress/export-ta_arm64/lib/libutee.a(utee_syscalls_a64.o)
                0x000000000000ecc8                _utee_storage_obj_rename
 .text._utee_storage_alloc_enum
                0x000000000000ecd4        0xc /home/steven/Projects/optee-anchor-spike/optee_os/out/arm-plat-vexpress/export-ta_arm64/lib/libutee.a(utee_syscalls_a64.o)
                0x000000000000ecd4                _utee_storage_alloc_enum
 .text._utee_storage_free_enum
                0x000000000000ece0        0xc /home/steven/Projects/optee-anchor-spike/optee_os/out/arm-plat-vexpress/export-ta_arm64/lib/libutee.a(utee_syscalls_a64.o)
                0x000000000000ece0                _utee_storage_free_enum
 .text._utee_storage_reset_enum
                0x000000000000ecec        0xc /home/steven/Projects/optee-anchor-spike/optee_os/out/arm-plat-vexpress/export-ta_arm64/lib/libutee.a(utee_syscalls_a64.o)
                0x000000000000ecec                _utee_storage_reset_enum
 .text._utee_storage_start_enum
                0x000000000000ecf8        0xc /home/steven/Projects/optee-anchor-spike/optee_os/out/arm-plat-vexpress/export-ta_arm64/lib/libutee.a(utee_syscalls_a64.o)
                0x000000000000ecf8                _utee_storage_start_enum
 .text._utee_storage_next_enum
                0x000000000000ed04        0xc /home/steven/Projects/optee-anchor-spike/optee_os/out/arm-plat-vexpress/export-ta_arm64/lib/libutee.a(utee_syscalls_a64.o)
                0x000000000000ed04                _utee_storage_next_enum
 .text._utee_storage_obj_read
                0x000000000000ed10        0xc /home/steven/Projects/optee-anchor-spike/optee_os/out/arm-plat-vexpress/export-ta_arm64/lib/libutee.a(utee_syscalls_a64.o)
                0x000000000000ed10                _utee_storage_obj_read
 .text._utee_storage_obj_write
                0x000000000000ed1c        0xc /home/steven/Projects/optee-anchor-spike/optee_os/out/arm-plat-vexpress/export-ta_arm64/lib/libutee.a(utee_syscalls_a64.o)
                0x000000000000ed1c                _utee_storage_obj_write
 .text._utee_storage_obj_trunc
                0x000000000000ed28        0xc /home/steven/Projects/optee-anchor-spike/optee_os/out/arm-plat-vexpress/export-ta_arm64/lib/libutee.a(utee_syscalls_a64.o)
                0x000000000000ed28                _utee_storage_obj_trunc
 .text._utee_storage_obj_seek
                0x000000000000ed34        0xc /home/steven/Projects/optee-anchor-spike/optee_os/out/arm-plat-vexpress/export-ta_arm64/lib/libutee.a(utee_syscalls_a64.o)
                0x000000000000ed34                _utee_storage_obj_seek
 .text._utee_cryp_obj_generate_key
                0x000000000000ed40        0xc /home/steven/Projects/optee-anchor-spike/optee_os/out/arm-plat-vexpress/export-ta_arm64/lib/libutee.a(utee_syscalls_a64.o)
                0x000000000000ed40                _utee_cryp_obj_generate_key
 .text._utee_cache_operation
                0x000000000000ed4c        0xc /home/steven/Projects/optee-anchor-spike/optee_os/out/arm-plat-vexpress/export-ta_arm64/lib/libutee.a(utee_syscalls_a64.o)
                0x000000000000ed4c                _utee_cache_operation
 .text.unlikely
                0x000000000000ed58       0x20 /home/steven/Projects/optee-anchor-spike/optee_os/out/arm-plat-vexpress/export-ta_arm64/lib/libutee.a(abort.o)
                0x000000000000ed58                abort
 .text          0x000000000000ed78     0x2220 /home/steven/Projects/optee-anchor-spike/optee_os/out/arm-plat-vexpress/export-ta_arm64/lib/libutee.a(tee_api_arith_mpi.o)
                0x000000000000f5dc                _TEE_MathAPI_Init
                0x000000000000f62c                TEE_BigIntInit
                0x000000000000f68c                __GP11_TEE_BigIntInit
                0x000000000000f694                TEE_BigIntConvertFromOctetString
                0x000000000000f764                __GP11_TEE_BigIntConvertFromOctetString
                0x000000000000f76c                TEE_BigIntConvertToOctetString
                0x000000000000f83c                __GP11_TEE_BigIntConvertToOctetString
                0x000000000000f8a8                TEE_BigIntConvertFromS32
                0x000000000000f964                TEE_BigIntConvertToS32
                0x000000000000fa28                TEE_BigIntCmp
                0x000000000000fac8                TEE_BigIntCmpS32
                0x000000000000fd34                TEE_BigIntShiftRight
                0x000000000000fedc                __GP11_TEE_BigIntShiftRight
                0x000000000000fee4                TEE_BigIntGetBit
                0x000000000000ff70                TEE_BigIntGetBitCount
                0x000000000000fff0                TEE_BigIntSetBit
                0x00000000000100a4                TEE_BigIntAssign
                0x00000000000100f4                TEE_BigIntAbs
                0x0000000000010120                TEE_BigIntAdd
                0x000000000001012c                TEE_BigIntSub
                0x0000000000010138                TEE_BigIntNeg
                0x0000000000010224                TEE_BigIntMul
                0x0000000000010344                TEE_BigIntSquare
                0x000000000001034c                TEE_BigIntDiv
                0x0000000000010508                TEE_BigIntMod
                0x0000000000010574                TEE_BigIntAddMod
                0x0000000000010580                TEE_BigIntSubMod
                0x000000000001058c                TEE_BigIntMulMod
                0x0000000000010598                TEE_BigIntSquareMod
                0x00000000000105a4                TEE_BigIntInvMod
                0x00000000000106fc                TEE_BigIntRelativePrime
                0x000000000001080c                TEE_BigIntExpMod
                0x00000000000109e4                TEE_BigIntComputeExtendedGcd
                0x0000000000010c5c                TEE_BigIntIsProbablePrime
                0x0000000000010cfc                TEE_BigIntInitFMM
                0x0000000000010d00                __GP11_TEE_BigIntInitFMM
                0x0000000000010d08                TEE_BigIntInitFMMContext
                0x0000000000010d0c                __GP11_TEE_BigIntInitFMMContext
                0x0000000000010d14                TEE_BigIntInitFMMContext1
                0x0000000000010d1c                TEE_BigIntFMMSizeInU32
                0x0000000000010d2c                __GP11_TEE_BigIntFMMSizeInU32
                0x0000000000010d44                TEE_BigIntFMMContextSizeInU32
                0x0000000000010d4c                __GP11_TEE_BigIntFMMContextSizeInU32
                0x0000000000010d64                TEE_BigIntConvertToFMM
                0x0000000000010d68                TEE_BigIntConvertFromFMM
                0x0000000000010e44                TEE_BigIntComputeFMM
 .text          0x0000000000010f98     0x1a9c /home/steven/Projects/optee-anchor-spike/optee_os/out/arm-plat-vexpress/export-ta_arm64/lib/libutee.a(tee_api_objects.o)
                0x0000000000010f98                __utee_from_attr
                0x0000000000010fe8                __utee_from_gp11_attr
                0x0000000000011038                TEE_GetObjectInfo
                0x00000000000110ec                __GP11_TEE_GetObjectInfo
                0x00000000000111a8                TEE_GetObjectInfo1
                0x0000000000011250                __GP11_TEE_GetObjectInfo1
                0x0000000000011300                TEE_RestrictObjectUsage1
                0x0000000000011344                TEE_RestrictObjectUsage
                0x00000000000113dc                TEE_GetObjectBufferAttribute
                0x00000000000114ec                __GP11_TEE_GetObjectBufferAttribute
                0x0000000000011590                TEE_GetObjectValueAttribute
                0x00000000000116d0                TEE_CloseObject
                0x00000000000116f8                __GP11_TEE_AllocateTransientObject
                0x00000000000117b4                TEE_AllocateTransientObject
                0x00000000000117d0                TEE_FreeTransientObject
                0x0000000000011868                TEE_ResetTransientObject
                0x0000000000011900                TEE_PopulateTransientObject
                0x0000000000011a14                __GP11_TEE_PopulateTransientObject
                0x0000000000011b28                TEE_InitRefAttribute
                0x0000000000011b74                __GP11_TEE_InitRefAttribute
                0x0000000000011bc4                TEE_InitValueAttribute
                0x0000000000011c10                __GP11_TEE_InitValueAttribute
                0x0000000000011c5c                TEE_CopyObjectAttributes1
                0x0000000000011d5c                TEE_CopyObjectAttributes
                0x0000000000011df8                TEE_GenerateKey
                0x0000000000011ecc                __GP11_TEE_GenerateKey
                0x0000000000011fa0                TEE_OpenPersistentObject
                0x000000000001209c                __GP11_TEE_OpenPersistentObject
                0x00000000000120a4                TEE_CreatePersistentObject
                0x00000000000121f0                __GP11_TEE_CreatePersistentObject
                0x000000000001226c                TEE_CloseAndDeletePersistentObject1
                0x00000000000122b4                TEE_CloseAndDeletePersistentObject
                0x00000000000122e0                TEE_RenamePersistentObject
                0x000000000001233c                __GP11_TEE_RenamePersistentObject
                0x0000000000012344                TEE_AllocatePersistentObjectEnumerator
                0x00000000000123dc                TEE_FreePersistentObjectEnumerator
                0x0000000000012404                TEE_ResetPersistentObjectEnumerator
                0x000000000001242c                TEE_StartPersistentObjectEnumerator
                0x000000000001247c                TEE_GetNextPersistentObject
                0x0000000000012594                __GP11_TEE_GetNextPersistentObject
                0x00000000000126b4                TEE_ReadObjectData
                0x0000000000012784                __GP11_TEE_ReadObjectData
                0x0000000000012828                TEE_WriteObjectData
                0x00000000000128a0                __GP11_TEE_WriteObjectData
                0x00000000000128a8                TEE_TruncateObjectData
                0x0000000000012904                __GP11_TEE_TruncateObjectData
                0x000000000001290c                TEE_SeekObjectData
                0x0000000000012a2c                __GP11_TEE_SeekObjectData
 .text          0x0000000000012a34     0x1000 /home/steven/Projects/optee-anchor-spike/optee_os/out/arm-plat-vexpress/export-ta_arm64/lib/libutee.a(tee_api_property.o)
                0x0000000000012e08                TEE_GetPropertyAsString
                0x000000000001307c                __GP11_TEE_GetPropertyAsString
                0x0000000000013120                TEE_GetPropertyAsBool
                0x00000000000131fc                TEE_GetPropertyAsU32
                0x00000000000132e8                TEE_GetPropertyAsU64
                0x00000000000133d4                __GP11_TEE_GetPropertyAsBinaryBlock
                0x00000000000134c4                TEE_GetPropertyAsBinaryBlock
                0x0000000000013568                TEE_GetPropertyAsUUID
                0x0000000000013654                TEE_GetPropertyAsIdentity
                0x0000000000013740                TEE_ResetPropertyEnumerator
                0x000000000001374c                TEE_AllocatePropertyEnumerator
                0x0000000000013794                TEE_FreePropertyEnumerator
                0x0000000000013798                TEE_StartPropertyEnumerator
                0x00000000000137a8                __GP11_TEE_GetPropertyName
                0x00000000000138cc                TEE_GetPropertyName
                0x0000000000013960                TEE_GetNextProperty
 .text          0x0000000000013a34      0x374 /home/steven/Projects/optee-anchor-spike/optee_os/out/arm-plat-vexpress/export-ta_arm64/lib/libutee.a(tcb.o)
                0x0000000000013a34                __utee_tcb_init
                0x0000000000013c98                __tls_get_addr
                0x0000000000013cb4                dl_iterate_phdr
 .text          0x0000000000013da8     0x36a4 /home/steven/Projects/optee-anchor-spike/optee_os/out/arm-plat-vexpress/export-ta_arm64/lib/libmbedtls.a(bignum.o)
                0x0000000000013e00                mbedtls_mpi_lt_mpi_ct
                0x0000000000013ee4                mbedtls_mpi_init
                0x0000000000013ef8                mbedtls_mpi_init_mempool
                0x0000000000013f20                mbedtls_mpi_free
                0x0000000000013f88                mbedtls_mpi_grow
                0x0000000000014078                mbedtls_mpi_safe_cond_assign
                0x0000000000014118                mbedtls_mpi_safe_cond_swap
                0x0000000000014234                mbedtls_mpi_shrink
                0x0000000000014360                mbedtls_mpi_copy
                0x000000000001443c                mbedtls_mpi_swap
                0x00000000000144d0                mbedtls_mpi_lset
                0x000000000001453c                mbedtls_mpi_get_bit
                0x0000000000014568                mbedtls_mpi_set_bit
                0x00000000000145f4                mbedtls_mpi_lsb
                0x0000000000014638                mbedtls_mpi_bitlen
                0x0000000000014644                mbedtls_mpi_size
                0x0000000000014660                mbedtls_mpi_read_binary_le
                0x00000000000146c0                mbedtls_mpi_read_binary
                0x0000000000014720                mbedtls_mpi_write_binary_le
                0x0000000000014734                mbedtls_mpi_write_binary
                0x0000000000014748                mbedtls_mpi_shift_l
                0x00000000000147ac                mbedtls_mpi_shift_r
                0x00000000000147dc                mbedtls_mpi_cmp_abs
                0x000000000001487c                mbedtls_mpi_cmp_mpi
                0x0000000000014958                mbedtls_mpi_cmp_int
                0x00000000000149d8                mbedtls_mpi_add_abs
                0x0000000000014ad0                mbedtls_mpi_sub_abs
                0x0000000000014c98                mbedtls_mpi_add_mpi
                0x0000000000014ca0                mbedtls_mpi_sub_mpi
                0x0000000000014ca8                mbedtls_mpi_add_int
                0x0000000000014d28                mbedtls_mpi_sub_int
                0x0000000000014da8                mbedtls_mpi_mul_mpi
                0x0000000000014f3c                mbedtls_mpi_mul_int
                0x0000000000014ff8                mbedtls_mpi_read_string
                0x000000000001525c                mbedtls_mpi_div_mpi
                0x0000000000015758                mbedtls_mpi_div_int
                0x00000000000157d8                mbedtls_mpi_mod_mpi
                0x0000000000015b9c                mbedtls_mpi_mod_int
                0x0000000000015c34                mbedtls_mpi_write_string
                0x0000000000015f8c                mbedtls_mpi_montg_init
                0x0000000000015fb4                mbedtls_mpi_montmul
                0x0000000000015fdc                mbedtls_mpi_montred
                0x0000000000016058                mbedtls_mpi_exp_mod
                0x0000000000016068                mbedtls_mpi_exp_mod_unsafe
                0x000000000001607c                mbedtls_mpi_gcd_modinv_odd
                0x00000000000162b0                mbedtls_mpi_gcd
                0x000000000001649c                mbedtls_mpi_fill_random
                0x00000000000167b8                mbedtls_mpi_random
                0x0000000000016850                mbedtls_mpi_inv_mod_odd
                0x0000000000016948                mbedtls_mpi_inv_mod_even_in_range
                0x0000000000016a90                mbedtls_mpi_inv_mod
                0x0000000000016c00                mbedtls_mpi_is_prime_ext
                0x0000000000016cf0                mbedtls_mpi_gen_prime
                0x000000000001703c                mbedtls_mpi_self_test
 .text          0x000000000001744c     0x13f8 /home/steven/Projects/optee-anchor-spike/optee_os/out/arm-plat-vexpress/export-ta_arm64/lib/libmbedtls.a(bignum_core.o)
                0x00000000000174c0                mbedtls_mpi_core_clz
                0x00000000000174cc                mbedtls_mpi_core_bitlen
                0x0000000000017520                mbedtls_mpi_core_bigendian_to_host
                0x0000000000017554                mbedtls_mpi_core_uint_le_mpi
                0x00000000000175ac                mbedtls_mpi_core_lt_ct
                0x000000000001762c                mbedtls_mpi_core_cond_assign
                0x0000000000017678                mbedtls_mpi_core_cond_swap
                0x00000000000176e0                mbedtls_mpi_core_read_le
                0x000000000001776c                mbedtls_mpi_core_read_be
                0x00000000000177fc                mbedtls_mpi_core_write_le
                0x00000000000178a8                mbedtls_mpi_core_write_be
                0x0000000000017960                mbedtls_mpi_core_shift_r
                0x0000000000017a00                mbedtls_mpi_core_shift_l
                0x0000000000017a94                mbedtls_mpi_core_add
                0x0000000000017ad0                mbedtls_mpi_core_add_if
                0x0000000000017b2c                mbedtls_mpi_core_sub
                0x0000000000017b70                mbedtls_mpi_core_mla
                0x0000000000017d34                mbedtls_mpi_core_mul
                0x0000000000017db8                mbedtls_mpi_core_montmul_init
                0x0000000000017dec                mbedtls_mpi_core_montmul
                0x00000000000181c0                mbedtls_mpi_core_get_mont_r2_unsafe
                0x0000000000018228                mbedtls_mpi_core_fill_random
                0x00000000000182d8                mbedtls_mpi_core_random
                0x00000000000183dc                mbedtls_mpi_core_exp_mod_working_limbs
                0x0000000000018404                mbedtls_mpi_core_exp_mod
                0x000000000001842c                mbedtls_mpi_core_exp_mod_unsafe
                0x0000000000018458                mbedtls_mpi_core_sub_int
                0x0000000000018488                mbedtls_mpi_core_check_zero_ct
                0x00000000000184ac                mbedtls_mpi_core_to_mont_rep
                0x00000000000184c8                mbedtls_mpi_core_from_mont_rep
                0x000000000001853c                mbedtls_mpi_core_gcd_modinv_odd
 .text          0x0000000000018844      0x468 /home/steven/Projects/optee-anchor-spike/optee_os/out/arm-plat-vexpress/export-ta_arm64/lib/libmbedtls.a(constant_time.o)
                0x00000000000188b8                mbedtls_ct_memcmp
                0x00000000000188ec                mbedtls_ct_memcmp_partial
                0x0000000000018974                mbedtls_ct_memmove_left
                0x0000000000018a14                mbedtls_ct_memcpy_if
                0x0000000000018b38                mbedtls_ct_memcpy_offset
                0x0000000000018bc8                mbedtls_ct_zeroize_if
 .text          0x0000000000018cac       0x60 /home/steven/Projects/optee-anchor-spike/optee_os/out/arm-plat-vexpress/export-ta_arm64/lib/libmbedtls.a(platform_util.o)
                0x0000000000018cac                mbedtls_platform_zeroize
                0x0000000000018ce4                mbedtls_zeroize_and_free
 .text          0x0000000000018d0c      0x120 /home/steven/Projects/optee-anchor-spike/optee_os/out/arm-plat-vexpress/export-ta_arm64/lib/libutils.a(snprintf.o)
                0x0000000000018d0c                snprintf
                0x0000000000018dd4                vsnprintf
 .text          0x0000000000018e2c       0x58 /home/steven/Projects/optee-anchor-spike/optee_os/out/arm-plat-vexpress/export-ta_arm64/lib/libutils.a(memmove.o)
                0x0000000000018e2c                memmove
 .text          0x0000000000018e84       0x24 /home/steven/Projects/optee-anchor-spike/optee_os/out/arm-plat-vexpress/export-ta_arm64/lib/libutils.a(strcmp.o)
                0x0000000000018e84                strcmp
 .text          0x0000000000018ea8       0x38 /home/steven/Projects/optee-anchor-spike/optee_os/out/arm-plat-vexpress/export-ta_arm64/lib/libutils.a(strlcpy.o)
                0x0000000000018ea8                strlcpy
 .text          0x0000000000018ee0      0x198 /home/steven/Projects/optee-anchor-spike/optee_os/out/arm-plat-vexpress/export-ta_arm64/lib/libutils.a(mempool.o)
                0x0000000000018ee0                mempool_alloc_pool
                0x0000000000018fa8                mempool_alloc
                0x000000000001900c                mempool_calloc
                0x000000000001905c                mempool_free
 .text          0x0000000000019078       0x70 /home/steven/Projects/optee-anchor-spike/optee_os/out/arm-plat-vexpress/export-ta_arm64/lib/libutils.a(consttime_memcmp.o)
                0x0000000000019078                consttime_memcmp
 .text          0x00000000000190e8      0x250 /home/steven/Projects/optee-anchor-spike/optee_os/out/arm-plat-vexpress/export-ta_arm64/lib/libutils.a(base64.o)
                0x00000000000190e8                base64_enc_len
                0x0000000000019100                base64_enc
                0x0000000000019214                base64_dec
 .text          0x0000000000019338        0x0 /home/steven/Projects/optee-anchor-spike/optee_os/out/arm-plat-vexpress/export-ta_arm64/lib/libutee.a(utee_syscalls_a64.o)
 .text          0x0000000000019338        0x0 /home/steven/Projects/optee-anchor-spike/optee_os/out/arm-plat-vexpress/export-ta_arm64/lib/libutee.a(abort.o)
 *(SORT_BY_ALIGNMENT(.stub))
 *(SORT_BY_ALIGNMENT(.glue_7))
 *(SORT_BY_ALIGNMENT(.glue_7t))
 *(SORT_BY_ALIGNMENT(.gnu.linkonce.t.*))
 *(SORT_BY_ALIGNMENT(.vfp11_veneer))
                0x0000000000019338                __text_end = .

.note.gnu.property
 *(SORT_BY_ALIGNMENT(.note.gnu.property))

.plt            0x0000000000019338        0x0
 *(SORT_BY_ALIGNMENT(.plt))
 .plt           0x0000000000019338        0x0 ./anchor_ta.o

.eh_frame_hdr
 *(SORT_BY_ALIGNMENT(.eh_frame_hdr))
 *(SORT_BY_ALIGNMENT(.eh_frame_entry) SORT_BY_ALIGNMENT(.eh_frame_entry.*))

.eh_frame       0x0000000000019338     0x4848
 *(SORT_BY_ALIGNMENT(.eh_frame))
 .eh_frame      0x0000000000019338       0xd8 ./anchor_ta.o
 .eh_frame      0x0000000000019410      0x240 ./anchor-core.o
                                        0x250 (size before relaxing)
 .eh_frame      0x0000000000019650      0x3d0 ./shielded-simd.o
                                        0x3e8 (size before relaxing)
 .eh_frame      0x0000000000019a20       0x68 ./shielded-field.o
                                         0x78 (size before relaxing)
 .eh_frame      0x0000000000019a88       0x40 ./user_ta_header.o
                                         0x50 (size before relaxing)
 .eh_frame      0x0000000000019ac8      0x478 /home/steven/Projects/optee-anchor-spike/optee_os/out/arm-plat-vexpress/export-ta_arm64/lib/libutils.a(bget_malloc.o)
                                        0x488 (size before relaxing)
 .eh_frame      0x0000000000019f40       0x18 /home/steven/Projects/optee-anchor-spike/optee_os/out/arm-plat-vexpress/export-ta_arm64/lib/libutils.a(stack_check.o)
                                         0x30 (size before relaxing)
 .eh_frame      0x0000000000019f58       0x18 /home/steven/Projects/optee-anchor-spike/optee_os/out/arm-plat-vexpress/export-ta_arm64/lib/libutils.a(memcmp.o)
                                         0x28 (size before relaxing)
 .eh_frame      0x0000000000019f70       0x18 /home/steven/Projects/optee-anchor-spike/optee_os/out/arm-plat-vexpress/export-ta_arm64/lib/libutils.a(memcpy.o)
                                         0x28 (size before relaxing)
 .eh_frame      0x0000000000019f88       0x18 /home/steven/Projects/optee-anchor-spike/optee_os/out/arm-plat-vexpress/export-ta_arm64/lib/libutils.a(memset.o)
                                         0x28 (size before relaxing)
 .eh_frame      0x0000000000019fa0       0xb8 /home/steven/Projects/optee-anchor-spike/optee_os/out/arm-plat-vexpress/export-ta_arm64/lib/libutils.a(trace.o)
                                         0xc8 (size before relaxing)
 .eh_frame      0x000000000001a058       0xf0 /home/steven/Projects/optee-anchor-spike/optee_os/out/arm-plat-vexpress/export-ta_arm64/lib/libutils.a(snprintk.o)
                                        0x108 (size before relaxing)
 .eh_frame      0x000000000001a148       0x18 /home/steven/Projects/optee-anchor-spike/optee_os/out/arm-plat-vexpress/export-ta_arm64/lib/libutils.a(memchr.o)
                                         0x28 (size before relaxing)
 .eh_frame      0x000000000001a160       0x18 /home/steven/Projects/optee-anchor-spike/optee_os/out/arm-plat-vexpress/export-ta_arm64/lib/libutils.a(strlen.o)
                                         0x28 (size before relaxing)
 .eh_frame      0x000000000001a178       0x38 /home/steven/Projects/optee-anchor-spike/optee_os/out/arm-plat-vexpress/export-ta_arm64/lib/libutee.a(assert.o)
                                         0x50 (size before relaxing)
 .eh_frame      0x000000000001a1b0       0xa8 /home/steven/Projects/optee-anchor-spike/optee_os/out/arm-plat-vexpress/export-ta_arm64/lib/libutee.a(trace_ext.o)
                                         0xc0 (size before relaxing)
 .eh_frame      0x000000000001a258      0x570 /home/steven/Projects/optee-anchor-spike/optee_os/out/arm-plat-vexpress/export-ta_arm64/lib/libutee.a(tee_api.o)
                                        0x588 (size before relaxing)
 .eh_frame      0x000000000001a7c8      0xb08 /home/steven/Projects/optee-anchor-spike/optee_os/out/arm-plat-vexpress/export-ta_arm64/lib/libutee.a(tee_api_operations.o)
                                        0xb18 (size before relaxing)
 .eh_frame      0x000000000001b2d0      0x180 /home/steven/Projects/optee-anchor-spike/optee_os/out/arm-plat-vexpress/export-ta_arm64/lib/libutee.a(tee_api_panic.o)
                                        0x190 (size before relaxing)
 .eh_frame      0x000000000001b450       0xd8 /home/steven/Projects/optee-anchor-spike/optee_os/out/arm-plat-vexpress/export-ta_arm64/lib/libutee.a(tee_system_pta.o)
                                         0xf0 (size before relaxing)
 .eh_frame      0x000000000001b528      0x150 /home/steven/Projects/optee-anchor-spike/optee_os/out/arm-plat-vexpress/export-ta_arm64/lib/libutee.a(user_ta_entry.o)
                                        0x168 (size before relaxing)
 .eh_frame      0x000000000001b678       0x18 /home/steven/Projects/optee-anchor-spike/optee_os/out/arm-plat-vexpress/export-ta_arm64/lib/libutee.a(abort.o)
                                         0x30 (size before relaxing)
 .eh_frame      0x000000000001b690      0x7e8 /home/steven/Projects/optee-anchor-spike/optee_os/out/arm-plat-vexpress/export-ta_arm64/lib/libutee.a(tee_api_arith_mpi.o)
                                        0x800 (size before relaxing)
 .eh_frame      0x000000000001be78      0x770 /home/steven/Projects/optee-anchor-spike/optee_os/out/arm-plat-vexpress/export-ta_arm64/lib/libutee.a(tee_api_objects.o)
                                        0x788 (size before relaxing)
 .eh_frame      0x000000000001c5e8      0x310 /home/steven/Projects/optee-anchor-spike/optee_os/out/arm-plat-vexpress/export-ta_arm64/lib/libutee.a(tee_api_property.o)
                                        0x328 (size before relaxing)
 .eh_frame      0x000000000001c8f8       0x90 /home/steven/Projects/optee-anchor-spike/optee_os/out/arm-plat-vexpress/export-ta_arm64/lib/libutee.a(tcb.o)
                                         0xa0 (size before relaxing)
 .eh_frame      0x000000000001c988      0xa28 /home/steven/Projects/optee-anchor-spike/optee_os/out/arm-plat-vexpress/export-ta_arm64/lib/libmbedtls.a(bignum.o)
                                        0xa40 (size before relaxing)
 .eh_frame      0x000000000001d3b0      0x4a0 /home/steven/Projects/optee-anchor-spike/optee_os/out/arm-plat-vexpress/export-ta_arm64/lib/libmbedtls.a(bignum_core.o)
                                        0x4b0 (size before relaxing)
 .eh_frame      0x000000000001d850      0x148 /home/steven/Projects/optee-anchor-spike/optee_os/out/arm-plat-vexpress/export-ta_arm64/lib/libmbedtls.a(constant_time.o)
                                        0x160 (size before relaxing)
 .eh_frame      0x000000000001d998       0x48 /home/steven/Projects/optee-anchor-spike/optee_os/out/arm-plat-vexpress/export-ta_arm64/lib/libmbedtls.a(platform_util.o)
                                         0x60 (size before relaxing)
 .eh_frame      0x000000000001d9e0       0x58 /home/steven/Projects/optee-anchor-spike/optee_os/out/arm-plat-vexpress/export-ta_arm64/lib/libutils.a(snprintf.o)
                                         0x70 (size before relaxing)
 .eh_frame      0x000000000001da38       0x18 /home/steven/Projects/optee-anchor-spike/optee_os/out/arm-plat-vexpress/export-ta_arm64/lib/libutils.a(memmove.o)
                                         0x28 (size before relaxing)
 .eh_frame      0x000000000001da50       0x18 /home/steven/Projects/optee-anchor-spike/optee_os/out/arm-plat-vexpress/export-ta_arm64/lib/libutils.a(strcmp.o)
                                         0x28 (size before relaxing)
 .eh_frame      0x000000000001da68       0x18 /home/steven/Projects/optee-anchor-spike/optee_os/out/arm-plat-vexpress/export-ta_arm64/lib/libutils.a(strlcpy.o)
                                         0x28 (size before relaxing)
 .eh_frame      0x000000000001da80       0x88 /home/steven/Projects/optee-anchor-spike/optee_os/out/arm-plat-vexpress/export-ta_arm64/lib/libutils.a(mempool.o)
                                         0xa0 (size before relaxing)
 .eh_frame      0x000000000001db08       0x20 /home/steven/Projects/optee-anchor-spike/optee_os/out/arm-plat-vexpress/export-ta_arm64/lib/libutils.a(consttime_memcmp.o)
                                         0x30 (size before relaxing)
 .eh_frame      0x000000000001db28       0x58 /home/steven/Projects/optee-anchor-spike/optee_os/out/arm-plat-vexpress/export-ta_arm64/lib/libutils.a(base64.o)
                                         0x70 (size before relaxing)
 *(SORT_BY_ALIGNMENT(.eh_frame.*))

.gcc_except_table
 *(SORT_BY_ALIGNMENT(.gcc_except_table) SORT_BY_ALIGNMENT(.gcc_except_table.*))

.rodata         0x000000000001db80     0x134b
 *(SORT_BY_ALIGNMENT(.gnu.linkonce.r.*))
 *(SORT_BY_ALIGNMENT(.rodata) SORT_BY_ALIGNMENT(.rodata.*))
 .rodata.cst16  0x000000000001db80       0xc0 ./shielded-simd.o
 .rodata./home/steven/Projects/optee-anchor-spike/optee_os/out/arm-plat-vexpress/export-ta_arm64/src/user_ta_header.c
                0x000000000001dc40       0x33 ./user_ta_header.o
                0x000000000001dc40                ta_num_props
                0x000000000001dc60                __ta_no_share_heap_size
                0x000000000001dc68                ta_heap_size
                0x000000000001dc70                trace_ext_prefix
 *fill*         0x000000000001dc73        0x5 
 .rodata.lib/libutee/tee_api.c
                0x000000000001dc78       0x18 /home/steven/Projects/optee-anchor-spike/optee_os/out/arm-plat-vexpress/export-ta_arm64/lib/libutee.a(tee_api.o)
 .rodata.shielded-field.c
                0x000000000001dc90        0xc ./shielded-field.o
                0x000000000001dc90                sh_primes
 .rodata.lib/libutils/ext/snprintk.c
                0x000000000001dc9c       0xac /home/steven/Projects/optee-anchor-spike/optee_os/out/arm-plat-vexpress/export-ta_arm64/lib/libutils.a(snprintk.o)
 .rodata.lib/libutee/tee_api_operations.c
                0x000000000001dd48       0x75 /home/steven/Projects/optee-anchor-spike/optee_os/out/arm-plat-vexpress/export-ta_arm64/lib/libutee.a(tee_api_operations.o)
 *fill*         0x000000000001ddbd        0x3 
 .rodata.lib/libutee/tee_system_pta.c
                0x000000000001ddc0       0x31 /home/steven/Projects/optee-anchor-spike/optee_os/out/arm-plat-vexpress/export-ta_arm64/lib/libutee.a(tee_system_pta.o)
 *fill*         0x000000000001ddf1        0x3 
 .rodata.lib/libutee/tee_api_property.c
                0x000000000001ddf4       0x10 /home/steven/Projects/optee-anchor-spike/optee_os/out/arm-plat-vexpress/export-ta_arm64/lib/libutee.a(tee_api_property.o)
 .rodata.lib/libmbedtls/mbedtls/library/bignum.c
                0x000000000001de04       0xcc /home/steven/Projects/optee-anchor-spike/optee_os/out/arm-plat-vexpress/export-ta_arm64/lib/libmbedtls.a(bignum.o)
 .rodata.str1.1./home/steven/Projects/optee-anchor-spike/optee_os/out/arm-plat-vexpress/export-ta_arm64/src/user_ta_header.c
                0x000000000001ded0      0xd8a ./user_ta_header.o
                                        0x115 (size before relaxing)
 .rodata.str1.1.lib/libutils/isoc/bget_malloc.c
                0x000000000001ec5a      0x3ef /home/steven/Projects/optee-anchor-spike/optee_os/out/arm-plat-vexpress/export-ta_arm64/lib/libutils.a(bget_malloc.o)
 .rodata.lib/libutils/isoc/bget_malloc.c
                0x000000000001ec5a       0x7b /home/steven/Projects/optee-anchor-spike/optee_os/out/arm-plat-vexpress/export-ta_arm64/lib/libutils.a(bget_malloc.o)
 .rodata.str1.1.lib/libutils/isoc/stack_check.c
                0x000000000001ecd5       0x18 /home/steven/Projects/optee-anchor-spike/optee_os/out/arm-plat-vexpress/export-ta_arm64/lib/libutils.a(stack_check.o)
 .rodata.str1.1.lib/libutils/ext/trace.c
                0x000000000001ecd5       0x1b /home/steven/Projects/optee-anchor-spike/optee_os/out/arm-plat-vexpress/export-ta_arm64/lib/libutils.a(trace.o)
 .rodata.lib/libutils/ext/trace.c
                0x000000000001ecd5        0x5 /home/steven/Projects/optee-anchor-spike/optee_os/out/arm-plat-vexpress/export-ta_arm64/lib/libutils.a(trace.o)
 .rodata.str1.1.lib/libutils/ext/snprintk.c
                0x000000000001ecda       0x38 /home/steven/Projects/optee-anchor-spike/optee_os/out/arm-plat-vexpress/export-ta_arm64/lib/libutils.a(snprintk.o)
 .rodata.str1.1.lib/libutee/assert.c
                0x000000000001ecda       0x27 /home/steven/Projects/optee-anchor-spike/optee_os/out/arm-plat-vexpress/export-ta_arm64/lib/libutee.a(assert.o)
 .rodata.str1.1.lib/libutee/trace_ext.c
                0x000000000001ecda        0x2 /home/steven/Projects/optee-anchor-spike/optee_os/out/arm-plat-vexpress/export-ta_arm64/lib/libutee.a(trace_ext.o)
 .rodata.str1.1.lib/libutee/tee_api.c
                0x000000000001ecda       0x11 /home/steven/Projects/optee-anchor-spike/optee_os/out/arm-plat-vexpress/export-ta_arm64/lib/libutee.a(tee_api.o)
 .rodata.str1.1.lib/libutee/tee_api_operations.c
                0x000000000001ecda       0x8a /home/steven/Projects/optee-anchor-spike/optee_os/out/arm-plat-vexpress/export-ta_arm64/lib/libutee.a(tee_api_operations.o)
 .rodata.str1.1.lib/libutee/tee_system_pta.c
                0x000000000001ecda       0x55 /home/steven/Projects/optee-anchor-spike/optee_os/out/arm-plat-vexpress/export-ta_arm64/lib/libutee.a(tee_system_pta.o)
 .rodata.str1.1.lib/libutee/user_ta_entry.c
                0x000000000001ecda       0x4f /home/steven/Projects/optee-anchor-spike/optee_os/out/arm-plat-vexpress/export-ta_arm64/lib/libutee.a(user_ta_entry.o)
 .rodata.lib/libutee/user_ta_entry.c
                0x000000000001ecda       0x16 /home/steven/Projects/optee-anchor-spike/optee_os/out/arm-plat-vexpress/export-ta_arm64/lib/libutee.a(user_ta_entry.o)
 .rodata.str1.1.lib/libutee/abort.c
                0x000000000001ecf0        0x7 /home/steven/Projects/optee-anchor-spike/optee_os/out/arm-plat-vexpress/export-ta_arm64/lib/libutee.a(abort.o)
 .rodata.str1.1.lib/libutee/tee_api_arith_mpi.c
                0x000000000001ecf0       0xc9 /home/steven/Projects/optee-anchor-spike/optee_os/out/arm-plat-vexpress/export-ta_arm64/lib/libutee.a(tee_api_arith_mpi.o)
 .rodata.lib/libutee/tee_api_arith_mpi.c
                0x000000000001ecf0      0x14e /home/steven/Projects/optee-anchor-spike/optee_os/out/arm-plat-vexpress/export-ta_arm64/lib/libutee.a(tee_api_arith_mpi.o)
 .rodata.str1.1.lib/libutee/tee_api_property.c
                0x000000000001ee3e       0x88 /home/steven/Projects/optee-anchor-spike/optee_os/out/arm-plat-vexpress/export-ta_arm64/lib/libutee.a(tee_api_property.o)
 .rodata.str1.1.lib/libutee/tcb.c
                0x000000000001ee3e       0x8d /home/steven/Projects/optee-anchor-spike/optee_os/out/arm-plat-vexpress/export-ta_arm64/lib/libutee.a(tcb.o)
 .rodata.lib/libutee/tcb.c
                0x000000000001ee3e       0x20 /home/steven/Projects/optee-anchor-spike/optee_os/out/arm-plat-vexpress/export-ta_arm64/lib/libutee.a(tcb.o)
 .rodata.str1.1.lib/libmbedtls/mbedtls/library/bignum.c
                0x000000000001ee5e      0x45d /home/steven/Projects/optee-anchor-spike/optee_os/out/arm-plat-vexpress/export-ta_arm64/lib/libmbedtls.a(bignum.o)
 .rodata.str1.1.lib/libutils/ext/mempool.c
                0x000000000001ee5e       0x89 /home/steven/Projects/optee-anchor-spike/optee_os/out/arm-plat-vexpress/export-ta_arm64/lib/libutils.a(mempool.o)
 .rodata.lib/libutils/ext/mempool.c
                0x000000000001ee5e       0x2c /home/steven/Projects/optee-anchor-spike/optee_os/out/arm-plat-vexpress/export-ta_arm64/lib/libutils.a(mempool.o)
 .rodata.lib/libutils/ext/base64.c
                0x000000000001ee8a       0x41 /home/steven/Projects/optee-anchor-spike/optee_os/out/arm-plat-vexpress/export-ta_arm64/lib/libutils.a(base64.o)

.gnu.version_d  0x000000000001eed0        0x0
 .gnu.version_d
                0x000000000001eed0        0x0 ./anchor_ta.o

.gnu.version    0x000000000001eecc        0x0
 .gnu.version   0x000000000001eecc        0x0 ./anchor_ta.o

.gnu.version_r  0x000000000001eed0        0x0
 .gnu.version_r
                0x000000000001eed0        0x0 ./anchor_ta.o

.gnu.hash       0x000000000001eed0       0x34
 .gnu.hash      0x000000000001eed0       0x34 ./anchor_ta.o

.ta_head        0x000000000001ef08       0x20
 .ta_head       0x000000000001ef08       0x20 ./user_ta_header.o
                0x000000000001ef08                ta_head

.ARM.extab
 *(SORT_BY_ALIGNMENT(.ARM.extab*) SORT_BY_ALIGNMENT(.gnu.linkonce.armextab.*))
                [!provide]                        PROVIDE (__exidx_start = .)

.ARM.exidx
 *(SORT_BY_ALIGNMENT(.ARM.exidx*) SORT_BY_ALIGNMENT(.gnu.linkonce.armexidx.*))
                [!provide]                        PROVIDE (__exidx_end = .)

.ctors
 *(SORT_BY_ALIGNMENT(.ctors))

.dtors
 *(SORT_BY_ALIGNMENT(.dtors))

.dynsym         0x000000000001ef28       0xa8
 *(SORT_BY_ALIGNMENT(.dynsym))
 .dynsym        0x000000000001ef28       0xa8 ./anchor_ta.o

.dynstr         0x000000000001efd0       0x36
 *(SORT_BY_ALIGNMENT(.dynstr))
 .dynstr        0x000000000001efd0       0x36 ./anchor_ta.o

.hash           0x000000000001f008       0x30
 *(SORT_BY_ALIGNMENT(.hash))
 .hash          0x000000000001f008       0x30 ./anchor_ta.o

.rela.dyn       0x000000000001f038      0x348
 .rela.data.rel.ro
                0x000000000001f038       0x18 ./anchor_ta.o
 .rela.ifunc    0x000000000001f050        0x0 ./anchor_ta.o
 .rela.data.rel.ro.local
                0x000000000001f050      0x2a0 ./anchor_ta.o
 .rela.data.rel.local
                0x000000000001f2f0       0x90 ./anchor_ta.o
                0x0000000000020000                . = ALIGN (0x1000)

.dynamic        0x0000000000020000      0x110
 *(SORT_BY_ALIGNMENT(.dynamic))
 .dynamic       0x0000000000020000      0x110 ./anchor_ta.o
                0x0000000000020000                _DYNAMIC

.tdata
 *(SORT_BY_ALIGNMENT(.tdata) SORT_BY_ALIGNMENT(.tdata.*) SORT_BY_ALIGNMENT(.gnu.linkonce.td.*))

.tbss
 *(SORT_BY_ALIGNMENT(.tbss) SORT_BY_ALIGNMENT(.tbss.*) SORT_BY_ALIGNMENT(.gnu.linkonce.tb.*))
 *(SORT_BY_ALIGNMENT(.tcommon))

.got            0x0000000000020110       0xd8
 *(SORT_BY_ALIGNMENT(.got.plt))
 .got.plt       0x0000000000020110       0x18 ./anchor_ta.o
 *(SORT_BY_ALIGNMENT(.got))
 .got           0x0000000000020128       0xc0 ./anchor_ta.o
                0x0000000000020128                _GLOBAL_OFFSET_TABLE_

.rel.text
 *(SORT_BY_ALIGNMENT(.rel.text))
 *(SORT_BY_ALIGNMENT(.rel.gnu.linkonce.t*))

.rela.text
 *(SORT_BY_ALIGNMENT(.rela.text))
 *(SORT_BY_ALIGNMENT(.rela.gnu.linkonce.t*))

.rel.data
 *(SORT_BY_ALIGNMENT(.rel.data))
 *(SORT_BY_ALIGNMENT(.rel.gnu.linkonce.d*))

.rela.data
 *(SORT_BY_ALIGNMENT(.rela.data))
 *(SORT_BY_ALIGNMENT(.rela.gnu.linkonce.d*))

.rel.tdata
 *(SORT_BY_ALIGNMENT(.rel.tdata) SORT_BY_ALIGNMENT(.rel.tdata.*) SORT_BY_ALIGNMENT(.rel.gnu.linkonce.td.*))

.rela.tdata
 *(SORT_BY_ALIGNMENT(.rela.tdata) SORT_BY_ALIGNMENT(.rela.tdata.*) SORT_BY_ALIGNMENT(.rela.gnu.linkonce.td.*))

.rel.tbss
 *(SORT_BY_ALIGNMENT(.rel.tbss) SORT_BY_ALIGNMENT(.rel.tbss.*) SORT_BY_ALIGNMENT(.rel.gnu.linkonce.tb.*))

.rela.tbss
 *(SORT_BY_ALIGNMENT(.rela.tbss) SORT_BY_ALIGNMENT(.rela.tbss.*) SORT_BY_ALIGNMENT(.rela.gnu.linkonce.tb.*))

.rel.rodata
 *(SORT_BY_ALIGNMENT(.rel.rodata))
 *(SORT_BY_ALIGNMENT(.rel.gnu.linkonce.r*))

.rela.rodata
 *(SORT_BY_ALIGNMENT(.rela.rodata))
 *(SORT_BY_ALIGNMENT(.rela.gnu.linkonce.r*))

.rel.dyn
 *(SORT_BY_ALIGNMENT(.rel.dyn))

.rel.got
 *(SORT_BY_ALIGNMENT(.rel.got))

.rela.got       0x00000000000201e8      0x228
 *(SORT_BY_ALIGNMENT(.rela.got))
 .rela.got      0x00000000000201e8      0x228 ./anchor_ta.o

.rel.ctors
 *(SORT_BY_ALIGNMENT(.rel.ctors))

.rela.ctors
 *(SORT_BY_ALIGNMENT(.rela.ctors))

.rel.dtors
 *(SORT_BY_ALIGNMENT(.rel.dtors))

.rela.dtors
 *(SORT_BY_ALIGNMENT(.rela.dtors))

.rel.init
 *(SORT_BY_ALIGNMENT(.rel.init))

.rela.init
 *(SORT_BY_ALIGNMENT(.rela.init))

.rel.fini
 *(SORT_BY_ALIGNMENT(.rel.fini))

.rela.fini
 *(SORT_BY_ALIGNMENT(.rela.fini))

.rel.bss
 *(SORT_BY_ALIGNMENT(.rel.bss))

.rela.bss       0x0000000000020410        0x0
 *(SORT_BY_ALIGNMENT(.rela.bss))
 .rela.bss      0x0000000000020410        0x0 ./anchor_ta.o

.rel.plt
 *(SORT_BY_ALIGNMENT(.rel.plt))

.rela.plt       0x0000000000020410        0x0
 *(SORT_BY_ALIGNMENT(.rela.plt))
 .rela.plt      0x0000000000020410        0x0 ./anchor_ta.o

.data           0x0000000000020410      0x25c
 *(SORT_BY_ALIGNMENT(.data) SORT_BY_ALIGNMENT(.data.*) SORT_BY_ALIGNMENT(.gnu.linkonce.d.*))
 .data.rel.ro.local
                0x0000000000020410       0xf0 ./user_ta_header.o
                0x0000000000020410                ta_props
 .data          0x0000000000020500        0x8 /home/steven/Projects/optee-anchor-spike/optee_os/out/arm-plat-vexpress/export-ta_arm64/lib/libutils.a(bget_malloc.o)
 .data.rel.local
                0x0000000000020508       0xd0 /home/steven/Projects/optee-anchor-spike/optee_os/out/arm-plat-vexpress/export-ta_arm64/lib/libutils.a(bget_malloc.o)
 .data          0x00000000000205d8        0x8 /home/steven/Projects/optee-anchor-spike/optee_os/out/arm-plat-vexpress/export-ta_arm64/lib/libutils.a(stack_check.o)
                0x00000000000205d8                __stack_chk_guard
 .data.rel.local
                0x00000000000205e0       0x20 /home/steven/Projects/optee-anchor-spike/optee_os/out/arm-plat-vexpress/export-ta_arm64/lib/libutee.a(user_ta_entry.o)
 .data.rel.ro.local
                0x0000000000020600       0x60 /home/steven/Projects/optee-anchor-spike/optee_os/out/arm-plat-vexpress/export-ta_arm64/lib/libutee.a(tee_api_property.o)
                0x0000000000020600                tee_props
 .data.rel.ro   0x0000000000020660        0x8 /home/steven/Projects/optee-anchor-spike/optee_os/out/arm-plat-vexpress/export-ta_arm64/lib/libmbedtls.a(platform_util.o)
 .data          0x0000000000020668        0x4 ./user_ta_header.o
                0x0000000000020668                trace_level
 .data          0x000000000002066c        0x0 ./anchor_ta.o
 .data.rel.ro   0x000000000002066c        0x0 ./anchor_ta.o
 .data          0x000000000002066c        0x0 ./anchor-core.o
 .data          0x000000000002066c        0x0 ./shielded-simd.o
 .data          0x000000000002066c        0x0 ./shielded-field.o
 .data          0x000000000002066c        0x0 /home/steven/Projects/optee-anchor-spike/optee_os/out/arm-plat-vexpress/export-ta_arm64/lib/libutils.a(memcmp.o)
 .data          0x000000000002066c        0x0 /home/steven/Projects/optee-anchor-spike/optee_os/out/arm-plat-vexpress/export-ta_arm64/lib/libutils.a(memcpy.o)
 .data          0x000000000002066c        0x0 /home/steven/Projects/optee-anchor-spike/optee_os/out/arm-plat-vexpress/export-ta_arm64/lib/libutils.a(memset.o)
 .data          0x000000000002066c        0x0 /home/steven/Projects/optee-anchor-spike/optee_os/out/arm-plat-vexpress/export-ta_arm64/lib/libutils.a(trace.o)
 .data          0x000000000002066c        0x0 /home/steven/Projects/optee-anchor-spike/optee_os/out/arm-plat-vexpress/export-ta_arm64/lib/libutils.a(snprintk.o)
 .data          0x000000000002066c        0x0 /home/steven/Projects/optee-anchor-spike/optee_os/out/arm-plat-vexpress/export-ta_arm64/lib/libutils.a(memchr.o)
 .data          0x000000000002066c        0x0 /home/steven/Projects/optee-anchor-spike/optee_os/out/arm-plat-vexpress/export-ta_arm64/lib/libutils.a(strlen.o)
 .data          0x000000000002066c        0x0 /home/steven/Projects/optee-anchor-spike/optee_os/out/arm-plat-vexpress/export-ta_arm64/lib/libutee.a(assert.o)
 .data          0x000000000002066c        0x0 /home/steven/Projects/optee-anchor-spike/optee_os/out/arm-plat-vexpress/export-ta_arm64/lib/libutee.a(trace_ext.o)
 .data          0x000000000002066c        0x0 /home/steven/Projects/optee-anchor-spike/optee_os/out/arm-plat-vexpress/export-ta_arm64/lib/libutee.a(tee_api.o)
 .data          0x000000000002066c        0x0 /home/steven/Projects/optee-anchor-spike/optee_os/out/arm-plat-vexpress/export-ta_arm64/lib/libutee.a(tee_api_operations.o)
 .data          0x000000000002066c        0x0 /home/steven/Projects/optee-anchor-spike/optee_os/out/arm-plat-vexpress/export-ta_arm64/lib/libutee.a(tee_api_panic.o)
 .data          0x000000000002066c        0x0 /home/steven/Projects/optee-anchor-spike/optee_os/out/arm-plat-vexpress/export-ta_arm64/lib/libutee.a(tee_system_pta.o)
 .data          0x000000000002066c        0x0 /home/steven/Projects/optee-anchor-spike/optee_os/out/arm-plat-vexpress/export-ta_arm64/lib/libutee.a(user_ta_entry.o)
 .data          0x000000000002066c        0x0 /home/steven/Projects/optee-anchor-spike/optee_os/out/arm-plat-vexpress/export-ta_arm64/lib/libutee.a(utee_syscalls_a64.o)
 .data          0x000000000002066c        0x0 /home/steven/Projects/optee-anchor-spike/optee_os/out/arm-plat-vexpress/export-ta_arm64/lib/libutee.a(abort.o)
 .data          0x000000000002066c        0x0 /home/steven/Projects/optee-anchor-spike/optee_os/out/arm-plat-vexpress/export-ta_arm64/lib/libutee.a(tee_api_arith_mpi.o)
 .data          0x000000000002066c        0x0 /home/steven/Projects/optee-anchor-spike/optee_os/out/arm-plat-vexpress/export-ta_arm64/lib/libutee.a(tee_api_objects.o)
 .data          0x000000000002066c        0x0 /home/steven/Projects/optee-anchor-spike/optee_os/out/arm-plat-vexpress/export-ta_arm64/lib/libutee.a(tee_api_property.o)
 .data          0x000000000002066c        0x0 /home/steven/Projects/optee-anchor-spike/optee_os/out/arm-plat-vexpress/export-ta_arm64/lib/libutee.a(tcb.o)
 .data          0x000000000002066c        0x0 /home/steven/Projects/optee-anchor-spike/optee_os/out/arm-plat-vexpress/export-ta_arm64/lib/libmbedtls.a(bignum.o)
 .data          0x000000000002066c        0x0 /home/steven/Projects/optee-anchor-spike/optee_os/out/arm-plat-vexpress/export-ta_arm64/lib/libmbedtls.a(bignum_core.o)
 .data          0x000000000002066c        0x0 /home/steven/Projects/optee-anchor-spike/optee_os/out/arm-plat-vexpress/export-ta_arm64/lib/libmbedtls.a(constant_time.o)
 .data          0x000000000002066c        0x0 /home/steven/Projects/optee-anchor-spike/optee_os/out/arm-plat-vexpress/export-ta_arm64/lib/libmbedtls.a(platform_util.o)
 .data          0x000000000002066c        0x0 /home/steven/Projects/optee-anchor-spike/optee_os/out/arm-plat-vexpress/export-ta_arm64/lib/libutils.a(snprintf.o)
 .data          0x000000000002066c        0x0 /home/steven/Projects/optee-anchor-spike/optee_os/out/arm-plat-vexpress/export-ta_arm64/lib/libutils.a(memmove.o)
 .data          0x000000000002066c        0x0 /home/steven/Projects/optee-anchor-spike/optee_os/out/arm-plat-vexpress/export-ta_arm64/lib/libutils.a(strcmp.o)
 .data          0x000000000002066c        0x0 /home/steven/Projects/optee-anchor-spike/optee_os/out/arm-plat-vexpress/export-ta_arm64/lib/libutils.a(strlcpy.o)
 .data          0x000000000002066c        0x0 /home/steven/Projects/optee-anchor-spike/optee_os/out/arm-plat-vexpress/export-ta_arm64/lib/libutils.a(mempool.o)
 .data          0x000000000002066c        0x0 /home/steven/Projects/optee-anchor-spike/optee_os/out/arm-plat-vexpress/export-ta_arm64/lib/libutils.a(consttime_memcmp.o)
 .data          0x000000000002066c        0x0 /home/steven/Projects/optee-anchor-spike/optee_os/out/arm-plat-vexpress/export-ta_arm64/lib/libutils.a(base64.o)

.bss            0x0000000000020670  0x18038d8
 *(SORT_BY_ALIGNMENT(.bss) SORT_BY_ALIGNMENT(.bss.*) SORT_BY_ALIGNMENT(.gnu.linkonce.b.*) SORT_BY_ALIGNMENT(COMMON))
 .bss           0x0000000000020670       0x18 ./anchor_ta.o
 .bss           0x0000000000020688        0x8 /home/steven/Projects/optee-anchor-spike/optee_os/out/arm-plat-vexpress/export-ta_arm64/lib/libutils.a(bget_malloc.o)
 .bss           0x0000000000020690       0x10 /home/steven/Projects/optee-anchor-spike/optee_os/out/arm-plat-vexpress/export-ta_arm64/lib/libutee.a(tee_api.o)
 .bss           0x00000000000206a0        0x8 /home/steven/Projects/optee-anchor-spike/optee_os/out/arm-plat-vexpress/export-ta_arm64/lib/libutee.a(tee_system_pta.o)
 .bss           0x00000000000206a8       0x6c /home/steven/Projects/optee-anchor-spike/optee_os/out/arm-plat-vexpress/export-ta_arm64/lib/libutee.a(user_ta_entry.o)
                0x00000000000206b8                __elf_phdr_info
                0x00000000000206c8                __ta_no_share_malloc_ctx
                0x00000000000206d0                ta_params
                0x0000000000020710                ta_param_types
 *fill*         0x0000000000020714        0x4 
 .bss           0x0000000000020718     0x3800 /home/steven/Projects/optee-anchor-spike/optee_os/out/arm-plat-vexpress/export-ta_arm64/lib/libutee.a(tee_api_arith_mpi.o)
 .bss           0x0000000000023f18       0x10 /home/steven/Projects/optee-anchor-spike/optee_os/out/arm-plat-vexpress/export-ta_arm64/lib/libutee.a(tcb.o)
 .bss           0x0000000000023f28        0x8 /home/steven/Projects/optee-anchor-spike/optee_os/out/arm-plat-vexpress/export-ta_arm64/lib/libmbedtls.a(bignum.o)
                0x0000000000023f28                mbedtls_mpi_mempool
 .bss           0x0000000000023f30        0x8 /home/steven/Projects/optee-anchor-spike/optee_os/out/arm-plat-vexpress/export-ta_arm64/lib/libmbedtls.a(constant_time.o)
                0x0000000000023f30                mbedtls_ct_zero
 .bss           0x0000000000023f38        0x8 ./shielded-field.o
 .bss           0x0000000000023f40        0x0 ./anchor-core.o
 .bss           0x0000000000023f40        0x0 ./shielded-simd.o
 .bss           0x0000000000023f40  0x1800001 ./user_ta_header.o
                0x0000000000023f41                ta_heap
                0x0000000000023f41                __ta_no_share_heap
 .bss           0x0000000001823f41        0x0 /home/steven/Projects/optee-anchor-spike/optee_os/out/arm-plat-vexpress/export-ta_arm64/lib/libutils.a(stack_check.o)
 .bss           0x0000000001823f41        0x0 /home/steven/Projects/optee-anchor-spike/optee_os/out/arm-plat-vexpress/export-ta_arm64/lib/libutils.a(memcmp.o)
 .bss           0x0000000001823f41        0x0 /home/steven/Projects/optee-anchor-spike/optee_os/out/arm-plat-vexpress/export-ta_arm64/lib/libutils.a(memcpy.o)
 .bss           0x0000000001823f41        0x0 /home/steven/Projects/optee-anchor-spike/optee_os/out/arm-plat-vexpress/export-ta_arm64/lib/libutils.a(memset.o)
 .bss           0x0000000001823f41        0x0 /home/steven/Projects/optee-anchor-spike/optee_os/out/arm-plat-vexpress/export-ta_arm64/lib/libutils.a(trace.o)
 .bss           0x0000000001823f41        0x0 /home/steven/Projects/optee-anchor-spike/optee_os/out/arm-plat-vexpress/export-ta_arm64/lib/libutils.a(snprintk.o)
 .bss           0x0000000001823f41        0x0 /home/steven/Projects/optee-anchor-spike/optee_os/out/arm-plat-vexpress/export-ta_arm64/lib/libutils.a(memchr.o)
 .bss           0x0000000001823f41        0x0 /home/steven/Projects/optee-anchor-spike/optee_os/out/arm-plat-vexpress/export-ta_arm64/lib/libutils.a(strlen.o)
 .bss           0x0000000001823f41        0x0 /home/steven/Projects/optee-anchor-spike/optee_os/out/arm-plat-vexpress/export-ta_arm64/lib/libutee.a(assert.o)
 .bss           0x0000000001823f41        0x0 /home/steven/Projects/optee-anchor-spike/optee_os/out/arm-plat-vexpress/export-ta_arm64/lib/libutee.a(trace_ext.o)
 .bss           0x0000000001823f41        0x0 /home/steven/Projects/optee-anchor-spike/optee_os/out/arm-plat-vexpress/export-ta_arm64/lib/libutee.a(tee_api_operations.o)
 .bss           0x0000000001823f41        0x0 /home/steven/Projects/optee-anchor-spike/optee_os/out/arm-plat-vexpress/export-ta_arm64/lib/libutee.a(tee_api_panic.o)
 .bss           0x0000000001823f41        0x0 /home/steven/Projects/optee-anchor-spike/optee_os/out/arm-plat-vexpress/export-ta_arm64/lib/libutee.a(utee_syscalls_a64.o)
 .bss           0x0000000001823f41        0x0 /home/steven/Projects/optee-anchor-spike/optee_os/out/arm-plat-vexpress/export-ta_arm64/lib/libutee.a(abort.o)
 .bss           0x0000000001823f41        0x0 /home/steven/Projects/optee-anchor-spike/optee_os/out/arm-plat-vexpress/export-ta_arm64/lib/libutee.a(tee_api_objects.o)
 .bss           0x0000000001823f41        0x0 /home/steven/Projects/optee-anchor-spike/optee_os/out/arm-plat-vexpress/export-ta_arm64/lib/libutee.a(tee_api_property.o)
 .bss           0x0000000001823f41        0x0 /home/steven/Projects/optee-anchor-spike/optee_os/out/arm-plat-vexpress/export-ta_arm64/lib/libmbedtls.a(bignum_core.o)
 .bss           0x0000000001823f41        0x0 /home/steven/Projects/optee-anchor-spike/optee_os/out/arm-plat-vexpress/export-ta_arm64/lib/libmbedtls.a(platform_util.o)
 .bss           0x0000000001823f41        0x0 /home/steven/Projects/optee-anchor-spike/optee_os/out/arm-plat-vexpress/export-ta_arm64/lib/libutils.a(snprintf.o)
 .bss           0x0000000001823f41        0x0 /home/steven/Projects/optee-anchor-spike/optee_os/out/arm-plat-vexpress/export-ta_arm64/lib/libutils.a(memmove.o)
 .bss           0x0000000001823f41        0x0 /home/steven/Projects/optee-anchor-spike/optee_os/out/arm-plat-vexpress/export-ta_arm64/lib/libutils.a(strcmp.o)
 .bss           0x0000000001823f41        0x0 /home/steven/Projects/optee-anchor-spike/optee_os/out/arm-plat-vexpress/export-ta_arm64/lib/libutils.a(strlcpy.o)
 .bss           0x0000000001823f41        0x0 /home/steven/Projects/optee-anchor-spike/optee_os/out/arm-plat-vexpress/export-ta_arm64/lib/libutils.a(mempool.o)
 .bss           0x0000000001823f41        0x0 /home/steven/Projects/optee-anchor-spike/optee_os/out/arm-plat-vexpress/export-ta_arm64/lib/libutils.a(consttime_memcmp.o)
 .bss           0x0000000001823f41        0x0 /home/steven/Projects/optee-anchor-spike/optee_os/out/arm-plat-vexpress/export-ta_arm64/lib/libutils.a(base64.o)
                0x0000000001823f48                . = ALIGN (0x8)
 *fill*         0x0000000001823f41        0x7 
                0x0000000001823f48                __ftrace_buf_start = .
                0x0000000001823f48                . = (. + DEFINED (_mcount)?0x800:0x0)
                0x0000000001823f48                __ftrace_buf_end = .

.dynbss         0x0000000001823f48        0x0
 .dynbss        0x0000000001823f48        0x0 ./anchor_ta.o

/DISCARD/
 *(SORT_BY_ALIGNMENT(.interp))
LOAD ./anchor_ta.o
LOAD ./anchor-core.o
LOAD ./shielded-simd.o
LOAD ./shielded-field.o
LOAD ./user_ta_header.o
START GROUP
LOAD /home/steven/Projects/optee-anchor-spike/optee_os/out/arm-plat-vexpress/export-ta_arm64/lib/libutils.a
LOAD /home/steven/Projects/optee-anchor-spike/optee_os/out/arm-plat-vexpress/export-ta_arm64/lib/libutee.a
LOAD /home/steven/Projects/optee-anchor-spike/optee_os/out/arm-plat-vexpress/export-ta_arm64/lib/libmbedtls.a
LOAD /home/steven/Projects/optee-anchor-spike/optee_os/out/arm-plat-vexpress/export-ta_arm64/lib/libdl.a
END GROUP
LOAD /home/steven/Projects/optee-anchor-spike/toolchains/aarch64/bin/../lib/gcc/aarch64-none-linux-gnu/14.3.1/libgcc.a
LOAD /home/steven/Projects/optee-anchor-spike/optee_os/out/arm-plat-vexpress/export-ta_arm64/lib/libutils.a
OUTPUT(6e3f9c52-8d41-4c07-9ab2-5ed01a847c33.elf elf64-littleaarch64)
LOAD linker stubs

.debug_info     0x0000000000000000    0x2b355
 .debug_info    0x0000000000000000      0xb37 ./anchor_ta.o
 .debug_info    0x0000000000000b37     0x13ab ./anchor-core.o
 .debug_info    0x0000000000001ee2     0x1ee2 ./shielded-simd.o
 .debug_info    0x0000000000003dc4      0x4db ./shielded-field.o
 .debug_info    0x000000000000429f      0x529 ./user_ta_header.o
 .debug_info    0x00000000000047c8     0x420e /home/steven/Projects/optee-anchor-spike/optee_os/out/arm-plat-vexpress/export-ta_arm64/lib/libutils.a(bget_malloc.o)
 .debug_info    0x00000000000089d6      0x144 /home/steven/Projects/optee-anchor-spike/optee_os/out/arm-plat-vexpress/export-ta_arm64/lib/libutils.a(stack_check.o)
 .debug_info    0x0000000000008b1a       0xef /home/steven/Projects/optee-anchor-spike/optee_os/out/arm-plat-vexpress/export-ta_arm64/lib/libutils.a(memcmp.o)
 .debug_info    0x0000000000008c09      0x130 /home/steven/Projects/optee-anchor-spike/optee_os/out/arm-plat-vexpress/export-ta_arm64/lib/libutils.a(memcpy.o)
 .debug_info    0x0000000000008d39       0xd3 /home/steven/Projects/optee-anchor-spike/optee_os/out/arm-plat-vexpress/export-ta_arm64/lib/libutils.a(memset.o)
 .debug_info    0x0000000000008e0c      0x70f /home/steven/Projects/optee-anchor-spike/optee_os/out/arm-plat-vexpress/export-ta_arm64/lib/libutils.a(trace.o)
 .debug_info    0x000000000000951b      0x935 /home/steven/Projects/optee-anchor-spike/optee_os/out/arm-plat-vexpress/export-ta_arm64/lib/libutils.a(snprintk.o)
 .debug_info    0x0000000000009e50       0xff /home/steven/Projects/optee-anchor-spike/optee_os/out/arm-plat-vexpress/export-ta_arm64/lib/libutils.a(memchr.o)
 .debug_info    0x0000000000009f4f       0xbf /home/steven/Projects/optee-anchor-spike/optee_os/out/arm-plat-vexpress/export-ta_arm64/lib/libutils.a(strlen.o)
 .debug_info    0x000000000000a00e      0x1b5 /home/steven/Projects/optee-anchor-spike/optee_os/out/arm-plat-vexpress/export-ta_arm64/lib/libutee.a(assert.o)
 .debug_info    0x000000000000a1c3      0x3d7 /home/steven/Projects/optee-anchor-spike/optee_os/out/arm-plat-vexpress/export-ta_arm64/lib/libutee.a(trace_ext.o)
 .debug_info    0x000000000000a59a     0x272a /home/steven/Projects/optee-anchor-spike/optee_os/out/arm-plat-vexpress/export-ta_arm64/lib/libutee.a(tee_api.o)
 .debug_info    0x000000000000ccc4     0x5c47 /home/steven/Projects/optee-anchor-spike/optee_os/out/arm-plat-vexpress/export-ta_arm64/lib/libutee.a(tee_api_operations.o)
 .debug_info    0x000000000001290b      0xa03 /home/steven/Projects/optee-anchor-spike/optee_os/out/arm-plat-vexpress/export-ta_arm64/lib/libutee.a(tee_api_panic.o)
 .debug_info    0x000000000001330e      0x94e /home/steven/Projects/optee-anchor-spike/optee_os/out/arm-plat-vexpress/export-ta_arm64/lib/libutee.a(tee_system_pta.o)
 .debug_info    0x0000000000013c5c     0x1752 /home/steven/Projects/optee-anchor-spike/optee_os/out/arm-plat-vexpress/export-ta_arm64/lib/libutee.a(user_ta_entry.o)
 .debug_info    0x00000000000153ae      0x3b5 /home/steven/Projects/optee-anchor-spike/optee_os/out/arm-plat-vexpress/export-ta_arm64/lib/libutee.a(utee_syscalls_a64.o)
 .debug_info    0x0000000000015763       0xf1 /home/steven/Projects/optee-anchor-spike/optee_os/out/arm-plat-vexpress/export-ta_arm64/lib/libutee.a(abort.o)
 .debug_info    0x0000000000015854     0x523d /home/steven/Projects/optee-anchor-spike/optee_os/out/arm-plat-vexpress/export-ta_arm64/lib/libutee.a(tee_api_arith_mpi.o)
 .debug_info    0x000000000001aa91     0x2efa /home/steven/Projects/optee-anchor-spike/optee_os/out/arm-plat-vexpress/export-ta_arm64/lib/libutee.a(tee_api_objects.o)
 .debug_info    0x000000000001d98b     0x1985 /home/steven/Projects/optee-anchor-spike/optee_os/out/arm-plat-vexpress/export-ta_arm64/lib/libutee.a(tee_api_property.o)
 .debug_info    0x000000000001f310      0x8b9 /home/steven/Projects/optee-anchor-spike/optee_os/out/arm-plat-vexpress/export-ta_arm64/lib/libutee.a(tcb.o)
 .debug_info    0x000000000001fbc9     0x5bbc /home/steven/Projects/optee-anchor-spike/optee_os/out/arm-plat-vexpress/export-ta_arm64/lib/libmbedtls.a(bignum.o)
 .debug_info    0x0000000000025785     0x3921 /home/steven/Projects/optee-anchor-spike/optee_os/out/arm-plat-vexpress/export-ta_arm64/lib/libmbedtls.a(bignum_core.o)
 .debug_info    0x00000000000290a6      0xf5f /home/steven/Projects/optee-anchor-spike/optee_os/out/arm-plat-vexpress/export-ta_arm64/lib/libmbedtls.a(constant_time.o)
 .debug_info    0x000000000002a005      0x259 /home/steven/Projects/optee-anchor-spike/optee_os/out/arm-plat-vexpress/export-ta_arm64/lib/libmbedtls.a(platform_util.o)
 .debug_info    0x000000000002a25e      0x29f /home/steven/Projects/optee-anchor-spike/optee_os/out/arm-plat-vexpress/export-ta_arm64/lib/libutils.a(snprintf.o)
 .debug_info    0x000000000002a4fd       0xfb /home/steven/Projects/optee-anchor-spike/optee_os/out/arm-plat-vexpress/export-ta_arm64/lib/libutils.a(memmove.o)
 .debug_info    0x000000000002a5f8       0xb4 /home/steven/Projects/optee-anchor-spike/optee_os/out/arm-plat-vexpress/export-ta_arm64/lib/libutils.a(strcmp.o)
 .debug_info    0x000000000002a6ac      0x123 /home/steven/Projects/optee-anchor-spike/optee_os/out/arm-plat-vexpress/export-ta_arm64/lib/libutils.a(strlcpy.o)
 .debug_info    0x000000000002a7cf      0x71b /home/steven/Projects/optee-anchor-spike/optee_os/out/arm-plat-vexpress/export-ta_arm64/lib/libutils.a(mempool.o)
 .debug_info    0x000000000002aeea      0x132 /home/steven/Projects/optee-anchor-spike/optee_os/out/arm-plat-vexpress/export-ta_arm64/lib/libutils.a(consttime_memcmp.o)
 .debug_info    0x000000000002b01c      0x339 /home/steven/Projects/optee-anchor-spike/optee_os/out/arm-plat-vexpress/export-ta_arm64/lib/libutils.a(base64.o)

.debug_abbrev   0x0000000000000000     0x5cad
 .debug_abbrev  0x0000000000000000      0x31b ./anchor_ta.o
 .debug_abbrev  0x000000000000031b      0x3b3 ./anchor-core.o
 .debug_abbrev  0x00000000000006ce      0x3b0 ./shielded-simd.o
 .debug_abbrev  0x0000000000000a7e      0x199 ./shielded-field.o
 .debug_abbrev  0x0000000000000c17      0x1fb ./user_ta_header.o
 .debug_abbrev  0x0000000000000e12      0x584 /home/steven/Projects/optee-anchor-spike/optee_os/out/arm-plat-vexpress/export-ta_arm64/lib/libutils.a(bget_malloc.o)
 .debug_abbrev  0x0000000000001396       0xb2 /home/steven/Projects/optee-anchor-spike/optee_os/out/arm-plat-vexpress/export-ta_arm64/lib/libutils.a(stack_check.o)
 .debug_abbrev  0x0000000000001448       0x95 /home/steven/Projects/optee-anchor-spike/optee_os/out/arm-plat-vexpress/export-ta_arm64/lib/libutils.a(memcmp.o)
 .debug_abbrev  0x00000000000014dd       0xbb /home/steven/Projects/optee-anchor-spike/optee_os/out/arm-plat-vexpress/export-ta_arm64/lib/libutils.a(memcpy.o)
 .debug_abbrev  0x0000000000001598       0xa3 /home/steven/Projects/optee-anchor-spike/optee_os/out/arm-plat-vexpress/export-ta_arm64/lib/libutils.a(memset.o)
 .debug_abbrev  0x000000000000163b      0x2bf /home/steven/Projects/optee-anchor-spike/optee_os/out/arm-plat-vexpress/export-ta_arm64/lib/libutils.a(trace.o)
 .debug_abbrev  0x00000000000018fa      0x2f9 /home/steven/Projects/optee-anchor-spike/optee_os/out/arm-plat-vexpress/export-ta_arm64/lib/libutils.a(snprintk.o)
 .debug_abbrev  0x0000000000001bf3       0xb4 /home/steven/Projects/optee-anchor-spike/optee_os/out/arm-plat-vexpress/export-ta_arm64/lib/libutils.a(memchr.o)
 .debug_abbrev  0x0000000000001ca7       0x85 /home/steven/Projects/optee-anchor-spike/optee_os/out/arm-plat-vexpress/export-ta_arm64/lib/libutils.a(strlen.o)
 .debug_abbrev  0x0000000000001d2c       0xbd /home/steven/Projects/optee-anchor-spike/optee_os/out/arm-plat-vexpress/export-ta_arm64/lib/libutee.a(assert.o)
 .debug_abbrev  0x0000000000001de9      0x1c4 /home/steven/Projects/optee-anchor-spike/optee_os/out/arm-plat-vexpress/export-ta_arm64/lib/libutee.a(trace_ext.o)
 .debug_abbrev  0x0000000000001fad      0x55e /home/steven/Projects/optee-anchor-spike/optee_os/out/arm-plat-vexpress/export-ta_arm64/lib/libutee.a(tee_api.o)
 .debug_abbrev  0x000000000000250b      0x530 /home/steven/Projects/optee-anchor-spike/optee_os/out/arm-plat-vexpress/export-ta_arm64/lib/libutee.a(tee_api_operations.o)
 .debug_abbrev  0x0000000000002a3b      0x21f /home/steven/Projects/optee-anchor-spike/optee_os/out/arm-plat-vexpress/export-ta_arm64/lib/libutee.a(tee_api_panic.o)