Archive member included to satisfy reference by file (symbol)

/home/steven/Projects/optee-anchor-spike/optee_os/out/arm-plat-vexpress/export-ta_arm64/lib/libutils.a(bget_malloc.o)
                              ./anchor-core.o (malloc)
/home/steven/Projects/optee-anchor-spike/optee_os/out/arm-plat-vexpress/export-ta_arm64/lib/libutils.a(stack_check.o)
                              ./anchor_ta.o (__stack_chk_fail)
/home/steven/Projects/optee-anchor-spike/optee_os/out/arm-plat-vexpress/export-ta_arm64/lib/libutils.a(memcmp.o)
                              ./anchor-core.o (memcmp)
/home/steven/Projects/optee-anchor-spike/optee_os/out/arm-plat-vexpress/export-ta_arm64/lib/libutils.a(memcpy.o)
                              ./anchor-core.o (memcpy)
/home/steven/Projects/optee-anchor-spike/optee_os/out/arm-plat-vexpress/export-ta_arm64/lib/libutils.a(memset.o)
                              ./anchor-core.o (memset)
/home/steven/Projects/optee-anchor-spike/optee_os/out/arm-plat-vexpress/export-ta_arm64/lib/libutils.a(trace.o)
                              /home/steven/Projects/optee-anchor-spike/optee_os/out/arm-plat-vexpress/export-ta_arm64/lib/libutils.a(stack_check.o) (trace_printf)
/home/steven/Projects/optee-anchor-spike/optee_os/out/arm-plat-vexpress/export-ta_arm64/lib/libutils.a(snprintk.o)
                              /home/steven/Projects/optee-anchor-spike/optee_os/out/arm-plat-vexpress/export-ta_arm64/lib/libutils.a(trace.o) (vsnprintk)
/home/steven/Projects/optee-anchor-spike/optee_os/out/arm-plat-vexpress/export-ta_arm64/lib/libutils.a(memchr.o)
                              /home/steven/Projects/optee-anchor-spike/optee_os/out/arm-plat-vexpress/export-ta_arm64/lib/libutils.a(snprintk.o) (memchr)
/home/steven/Projects/optee-anchor-spike/optee_os/out/arm-plat-vexpress/export-ta_arm64/lib/libutils.a(strlen.o)
                              /home/steven/Projects/optee-anchor-spike/optee_os/out/arm-plat-vexpress/export-ta_arm64/lib/libutils.a(snprintk.o) (strlen)
/home/steven/Projects/optee-anchor-spike/optee_os/out/arm-plat-vexpress/export-ta_arm64/lib/libutee.a(assert.o)
                              /home/steven/Projects/optee-anchor-spike/optee_os/out/arm-plat-vexpress/export-ta_arm64/lib/libutils.a(bget_malloc.o) (_assert_log)
/home/steven/Projects/optee-anchor-spike/optee_os/out/arm-plat-vexpress/export-ta_arm64/lib/libutee.a(trace_ext.o)
                              /home/steven/Projects/optee-anchor-spike/optee_os/out/arm-plat-vexpress/export-ta_arm64/lib/libutils.a(trace.o) (trace_ext_puts)
/home/steven/Projects/optee-anchor-spike/optee_os/out/arm-plat-vexpress/export-ta_arm64/lib/libutee.a(tee_api.o)
                              ./anchor_ta.o (TEE_MemMove)
/home/steven/Projects/optee-anchor-spike/optee_os/out/arm-plat-vexpress/export-ta_arm64/lib/libutee.a(tee_api_operations.o)
                              ./anchor_ta.o (TEE_GenerateRandom)
/home/steven/Projects/optee-anchor-spike/optee_os/out/arm-plat-vexpress/export-ta_arm64/lib/libutee.a(tee_api_panic.o)
                              /home/steven/Projects/optee-anchor-spike/optee_os/out/arm-plat-vexpress/export-ta_arm64/lib/libutee.a(tee_api.o) (TEE_Panic)
/home/steven/Projects/optee-anchor-spike/optee_os/out/arm-plat-vexpress/export-ta_arm64/lib/libutee.a(tee_system_pta.o)
                              /home/steven/Projects/optee-anchor-spike/optee_os/out/arm-plat-vexpress/export-ta_arm64/lib/libutee.a(tee_api.o) (tee_map_zi)
/home/steven/Projects/optee-anchor-spike/optee_os/out/arm-plat-vexpress/export-ta_arm64/lib/libutee.a(user_ta_entry.o)
                              ./user_ta_header.o (__utee_entry)
/home/steven/Projects/optee-anchor-spike/optee_os/out/arm-plat-vexpress/export-ta_arm64/lib/libutee.a(utee_syscalls_a64.o)
                              /home/steven/Projects/optee-anchor-spike/optee_os/out/arm-plat-vexpress/export-ta_arm64/lib/libutils.a(stack_check.o) (_utee_panic)
/home/steven/Projects/optee-anchor-spike/optee_os/out/arm-plat-vexpress/export-ta_arm64/lib/libutee.a(abort.o)
                              /home/steven/Projects/optee-anchor-spike/optee_os/out/arm-plat-vexpress/export-ta_arm64/lib/libutee.a(user_ta_entry.o) (abort)
/home/steven/Projects/optee-anchor-spike/optee_os/out/arm-plat-vexpress/export-ta_arm64/lib/libutee.a(tee_api_arith_mpi.o)
                              /home/steven/Projects/optee-anchor-spike/optee_os/out/arm-plat-vexpress/export-ta_arm64/lib/libutee.a(user_ta_entry.o) (_TEE_MathAPI_Init)
/home/steven/Projects/optee-anchor-spike/optee_os/out/arm-plat-vexpress/export-ta_arm64/lib/libutee.a(tee_api_objects.o)
                              /home/steven/Projects/optee-anchor-spike/optee_os/out/arm-plat-vexpress/export-ta_arm64/lib/libutee.a(tee_api_operations.o) (__utee_from_attr)
/home/steven/Projects/optee-anchor-spike/optee_os/out/arm-plat-vexpress/export-ta_arm64/lib/libutee.a(tee_api_property.o)
[...]
Memory Configuration

Name             Origin             Length             Attributes
*default*        0x0000000000000000 0xffffffffffffffff

Linker script and memory map


.text           0x0000000000000000    0x19358
                0x0000000000000000                __text_start = .
 *(SORT_BY_ALIGNMENT(.text) SORT_BY_ALIGNMENT(.text.*))
 .text          0x0000000000000000     0x480c ./shielded-simd.o
                0x0000000000000000                sh_simd_generic_pad_planes
                0x0000000000000530                sh_simd_generic_mask_planes
                0x0000000000001020                sh_simd_generic_unmask
                0x0000000000001200                sh_simd_generic_encode
                0x0000000000001228                sh_simd_generic_descale
                0x0000000000001260                sh_simd_generic_fv_dot
                0x00000000000013e4                sh_simd_generic_fv_dot_x
                0x0000000000001564                sh_simd_generic_fv_prepare
                0x0000000000001e00                sh_simd_generic_refill
                0x0000000000002c60                sh_simd_generic_fv_dots
                0x0000000000002ee8                sh_simd_generic_fv_dots_x
                0x0000000000003184                sh_simd_generic_unmask_fv
                0x00000000000036f0                sh_simd_generic_unmask24
                0x00000000000039c0                sh_simd_generic_unmask24_fv
                0x0000000000004020                sh_simd_generic_outlier_add
 *fill*         0x000000000000480c       0x14 
 .text          0x0000000000004820      0x10c /home/steven/Projects/optee-anchor-spike/optee_os/out/arm-plat-vexpress/export-ta_arm64/lib/libutils.a(memcpy.o)
                0x0000000000004820                memcpy
 .text          0x000000000000492c      0x46c ./anchor_ta.o
                0x0000000000004948                TA_CreateEntryPoint
                0x0000000000004950                TA_DestroyEntryPoint
                0x0000000000004954                TA_OpenSessionEntryPoint
                0x000000000000495c                TA_CloseSessionEntryPoint
                0x0000000000004994                TA_InvokeCommandEntryPoint
 .text          0x0000000000004d98      0xe10 ./anchor-core.o
                0x0000000000004d98                an_create
                0x0000000000004e04                an_destroy
                0x0000000000004ee4                an_add_weight
                0x0000000000004ff0                an_prepare
                0x00000000000052b4                an_pad_gen
                0x00000000000056a0                an_pad_ready
                0x00000000000056bc                an_mask
                0x0000000000005750                an_finish
                0x0000000000005954                an_check_local
                0x0000000000005a30                an_peak_abs_y
                0x0000000000005a90                an_y_digest
                0x0000000000005b04                an_stats
                0x0000000000005b30                an_footprint
 .text          0x0000000000005ba8      0x2ec ./shielded-field.o
                0x0000000000005ba8                sh_balanced
                0x0000000000005bdc                sh_residue
                0x0000000000005c10                sh_crt
                0x0000000000005d84                sh_weights_fit_byte
                0x0000000000005dbc                sh_float_to_half
 .text          0x0000000000005e94       0x88 ./user_ta_header.o
                0x0000000000005e94                __ta_entry
                0x0000000000005f14                tahead_get_trace_level
 .text          0x0000000000005f1c     0x1460 /home/steven/Projects/optee-anchor-spike/optee_os/out/arm-plat-vexpress/export-ta_arm64/lib/libutils.a(bget_malloc.o)
                0x000000000000602c                bget
                0x0000000000006340                bgetz
                0x00000000000063c8                brel
                0x00000000000066d4                bgetr
                0x00000000000067a0                bpool
                0x000000000000688c                bstats
                0x00000000000069b0                bget_main_test
                0x0000000000006c80                malloc_reset_stats
                0x0000000000006c98                raw_malloc_flags
                0x0000000000006e14                raw_memalign
                0x0000000000006e38                raw_malloc
                0x0000000000006e5c                raw_free
                0x0000000000006ea0                raw_calloc
                0x0000000000006ec4                raw_realloc
                0x0000000000006ee8                free_flags
                0x0000000000006f04                malloc
                0x0000000000006f30                malloc_flags
                0x0000000000006f54                calloc
                0x0000000000006f80                realloc
                0x0000000000006fac                memalign
                0x0000000000006fd8                aligned_alloc
                0x0000000000007014                free
                0x0000000000007020                free_wipe
                0x000000000000702c                raw_malloc_get_ctx_size
                0x0000000000007034                raw_malloc_init_ctx
                0x0000000000007060                raw_malloc_add_pool
                0x0000000000007150                raw_malloc_buffer_overlaps_heap
                0x00000000000071c0                raw_malloc_buffer_is_within_alloced
                0x00000000000072dc                raw_malloc_get_stats
                0x0000000000007320                malloc_get_stats
                0x0000000000007334                malloc_add_pool
                0x000000000000734c                malloc_buffer_is_within_alloced
                0x0000000000007364                malloc_buffer_overlaps_heap
 .text          0x000000000000737c       0x30 /home/steven/Projects/optee-anchor-spike/optee_os/out/arm-plat-vexpress/export-ta_arm64/lib/libutils.a(stack_check.o)
                0x000000000000737c                __stack_chk_fail
 .text          0x00000000000073ac       0x34 /home/steven/Projects/optee-anchor-spike/optee_os/out/arm-plat-vexpress/export-ta_arm64/lib/libutils.a(memcmp.o)
                0x00000000000073ac                memcmp
 .text          0x00000000000073e0       0x1c /home/steven/Projects/optee-anchor-spike/optee_os/out/arm-plat-vexpress/export-ta_arm64/lib/libutils.a(memset.o)
                0x00000000000073e0                memset
 .text          0x00000000000073fc      0x328 /home/steven/Projects/optee-anchor-spike/optee_os/out/arm-plat-vexpress/export-ta_arm64/lib/libutils.a(trace.o)
                0x00000000000073fc                trace_set_level
                0x0000000000007418                trace_get_level
                0x0000000000007428                trace_vprintf
                0x0000000000007648                trace_printf
                0x0000000000007720                dhex_dump
 .text          0x0000000000007724      0xe38 /home/steven/Projects/optee-anchor-spike/optee_os/out/arm-plat-vexpress/export-ta_arm64/lib/libutils.a(snprintk.o)
                0x0000000000007724                __vsnprintf
                0x00000000000077ec                vsnprintk
                0x0000000000007844                snprintk
                0x0000000000008510                __vsprintf
 .text          0x000000000000855c       0x2c /home/steven/Projects/optee-anchor-spike/optee_os/out/arm-plat-vexpress/export-ta_arm64/lib/libutils.a(memchr.o)
                0x000000000000855c                memchr
 .text          0x0000000000008588       0x1c /home/steven/Projects/optee-anchor-spike/optee_os/out/arm-plat-vexpress/export-ta_arm64/lib/libutils.a(strlen.o)
                0x0000000000008588                strlen
 .text          0x00000000000085a4       0x58 /home/steven/Projects/optee-anchor-spike/optee_os/out/arm-plat-vexpress/export-ta_arm64/lib/libutee.a(assert.o)
                0x00000000000085a4                _assert_log
                0x00000000000085e8                _assert_break
 .text          0x00000000000085fc      0x1d4 /home/steven/Projects/optee-anchor-spike/optee_os/out/arm-plat-vexpress/export-ta_arm64/lib/libutee.a(trace_ext.o)
                0x00000000000085fc                trace_ext_puts
                0x0000000000008624                trace_ext_get_thread_id
                0x000000000000862c                printf
                0x0000000000008718                puts
                0x0000000000008758                putchar
 .text          0x00000000000087d0     0x10d0 /home/steven/Projects/optee-anchor-spike/optee_os/out/arm-plat-vexpress/export-ta_arm64/lib/libutee.a(tee_api.o)
                0x0000000000008b64                TEE_CloseTASession
                0x0000000000008b8c                TEE_GetCancellationFlag
                0x0000000000008bf4                TEE_UnmaskCancellation
                0x0000000000008c5c                TEE_MaskCancellation
                0x0000000000008cc4                TEE_CheckMemoryAccessRights
                0x0000000000008ef0                TEE_OpenTASession
                0x0000000000009050                __GP11_TEE_OpenTASession
                0x00000000000091a0                TEE_InvokeTACommand
                0x0000000000009330                __GP11_TEE_InvokeTACommand
                0x00000000000094b0                __GP11_TEE_CheckMemoryAccessRights
                0x00000000000094b8                TEE_SetInstanceData
                0x00000000000094c4                TEE_GetInstanceData
                0x00000000000094d0                TEE_MemMove
                0x00000000000094d4                __GP11_TEE_MemMove
                0x00000000000094dc                TEE_MemCompare
                0x00000000000094e0                __GP11_TEE_MemCompare
                0x00000000000094e8                TEE_MemFill
                0x00000000000094ec                __GP11_TEE_MemFill
                0x00000000000094f4                TEE_GetSystemTime
                0x000000000000951c                TEE_Wait
                0x0000000000009558                TEE_GetTAPersistentTime
                0x00000000000095d0                TEE_SetTAPersistentTime
                0x0000000000009614                TEE_GetREETime
                0x000000000000963c                TEE_Malloc
                0x000000000000974c                __GP11_TEE_Malloc
                0x0000000000009754                TEE_Free
                0x00000000000097b0                TEE_Realloc
                0x0000000000009880                __GP11_TEE_Realloc
                0x0000000000009888                TEE_CacheClean
                0x0000000000009890                TEE_CacheFlush
                0x0000000000009898                TEE_CacheInvalidate
 .text          0x00000000000098a0     0x45c8 /home/steven/Projects/optee-anchor-spike/optee_os/out/arm-plat-vexpress/export-ta_arm64/lib/libutee.a(tee_api_operations.o)
                0x000000000000a00c                TEE_FreeOperation
                0x000000000000a04c                TEE_AllocateOperation
                0x000000000000aba0                __GP11_TEE_FreeOperation
                0x000000000000abcc                TEE_GetOperationInfo
                0x000000000000ac20                TEE_GetOperationInfoMultiple
                0x000000000000add4                __GP11_TEE_GetOperationInfoMultiple
                0x000000000000ae68                TEE_ResetOperation
                0x000000000000aea4                TEE_SetOperationKey
                0x000000000000aee0                __GP11_TEE_SetOperationKey
                0x000000000000af1c                __GP11_TEE_SetOperationKey2
                0x000000000000b144                TEE_SetOperationKey2
                0x000000000000b164                TEE_CopyOperation
                0x000000000000b2c0                TEE_DigestUpdate
                0x000000000000b330                __GP11_TEE_DigestUpdate
                0x000000000000b338                TEE_DigestDoFinal
                0x000000000000b4ac                __GP11_TEE_DigestDoFinal
                0x000000000000b558                TEE_DigestExtract
                0x000000000000b708                TEE_CipherInit
                0x000000000000b7e4                __GP11_TEE_CipherInit
                0x000000000000b7ec                TEE_CipherUpdate
                0x000000000000b9dc                __GP11_TEE_CipherUpdate
                0x000000000000ba88                TEE_CipherDoFinal
                0x000000000000bca0                __GP11_TEE_CipherDoFinal
                0x000000000000bd58                TEE_MACInit
                0x000000000000bdfc                __GP11_TEE_MACInit
                0x000000000000be04                TEE_MACUpdate
                0x000000000000bea4                __GP11_TEE_MACUpdate
                0x000000000000beac                TEE_MACComputeFinal
                0x000000000000bfc4                __GP11_TEE_MACComputeFinal
                0x000000000000c070                TEE_MACCompareFinal
                0x000000000000c198                __GP11_TEE_MACCompareFinal
                0x000000000000c1a4                TEE_AEInit
                0x000000000000c268                __GP11_TEE_AEInit
                0x000000000000c278                TEE_AEUpdateAAD
                0x000000000000c314                __GP11_TEE_AEUpdateAAD
                0x000000000000c3a8                TEE_AEUpdate
                0x000000000000c474                __GP11_TEE_AEUpdate
                0x000000000000c57c                TEE_AEEncryptFinal
                0x000000000000c780                __GP11_TEE_AEEncryptFinal
                0x000000000000c860                TEE_AEDecryptFinal
                0x000000000000ca30                __GP11_TEE_AEDecryptFinal
                0x000000000000caf4                TEE_AsymmetricEncrypt
                0x000000000000cc84                __GP11_TEE_AsymmetricEncrypt
                0x000000000000cdfc                TEE_AsymmetricDecrypt
                0x000000000000cf90                __GP11_TEE_AsymmetricDecrypt
                0x000000000000d10c                TEE_AsymmetricSignDigest
                0x000000000000d27c                __GP11_TEE_AsymmetricSignDigest
                0x000000000000d3ec                TEE_AsymmetricVerifyDigest
                0x000000000000d548                __GP11_TEE_AsymmetricVerifyDigest
                0x000000000000d6a4                TEE_DeriveKey
                0x000000000000d820                __GP11_TEE_DeriveKey
                0x000000000000d99c                TEE_GenerateRandom
                0x000000000000d9bc                __GP11_TEE_GenerateRandom
                0x000000000000d9c4                rand
                0x000000000000da28                TEE_IsAlgorithmSupported
 .text          0x000000000000de68      0x1b8 /home/steven/Projects/optee-anchor-spike/optee_os/out/arm-plat-vexpress/export-ta_arm64/lib/libutee.a(tee_api_panic.o)
                0x000000000000de84                TEE_Panic
                0x000000000000de94                __utee_check_outbuf_annotation
                0x000000000000def0                __utee_check_gp11_outbuf_annotation
                0x000000000000df4c                __utee_check_instring_annotation
                0x000000000000df8c                __utee_check_outstring_annotation
                0x000000000000df90                __utee_check_gp11_outstring_annotation
                0x000000000000df94                __utee_check_out_annotation
                0x000000000000dfc0                __utee_check_attr_in_annotation
                0x000000000000dff0                __utee_check_gp11_attr_in_annotation
                0x000000000000dff4                __utee_check_inout_annotation
 .text          0x000000000000e020      0x33c /home/steven/Projects/optee-anchor-spike/optee_os/out/arm-plat-vexpress/export-ta_arm64/lib/libutee.a(tee_system_pta.o)
                0x000000000000e0a4                tee_map_zi_va
                0x000000000000e16c                tee_map_zi
                0x000000000000e17c                tee_unmap
                0x000000000000e244                tee_invoke_supp_plugin
 .text          0x000000000000e35c      0x770 /home/steven/Projects/optee-anchor-spike/optee_os/out/arm-plat-vexpress/export-ta_arm64/lib/libutee.a(user_ta_entry.o)
                0x000000000000e630                __utee_call_elf_init_fn
                0x000000000000e784                __utee_call_elf_fini_fn
                0x000000000000e828                __utee_entry
 .text._utee_panic
                0x000000000000eacc        0xc /home/steven/Projects/optee-anchor-spike/optee_os/out/arm-plat-vexpress/export-ta_arm64/lib/libutee.a(utee_syscalls_a64.o)
                0x000000000000eacc                _utee_panic
 .text._utee_return
                0x000000000000ead8        0xc /home/steven/Projects/optee-anchor-spike/optee_os/out/arm-plat-vexpress/export-ta_arm64/lib/libutee.a(utee_syscalls_a64.o)
                0x000000000000ead8                _utee_return
 .text._utee_log
                0x000000000000eae4        0xc /home/steven/Projects/optee-anchor-spike/optee_os/out/arm-plat-vexpress/export-ta_arm64/lib/libutee.a(utee_syscalls_a64.o)
                0x000000000000eae4                _utee_log
 .text.__utee_panic
                0x000000000000eaf0        0xc /home/steven/Projects/optee-anchor-spike/optee_os/out/arm-plat-vexpress/export-ta_arm64/lib/libutee.a(utee_syscalls_a64.o)
                0x000000000000eaf0                __utee_panic
 .text._utee_get_property
                0x000000000000eafc        0xc /home/steven/Projects/optee-anchor-spike/optee_os/out/arm-plat-vexpress/export-ta_arm64/lib/libutee.a(utee_syscalls_a64.o)
                0x000000000000eafc                _utee_get_property
 .text._utee_get_property_name_to_index
                0x000000000000eb08        0xc /home/steven/Projects/optee-anchor-spike/optee_os/out/arm-plat-vexpress/export-ta_arm64/lib/libutee.a(utee_syscalls_a64.o)
                0x000000000000eb08                _utee_get_property_name_to_index
 .text._utee_open_ta_session
                0x000000000000eb14        0xc /home/steven/Projects/optee-anchor-spike/optee_os/out/arm-plat-vexpress/export-ta_arm64/lib/libutee.a(utee_syscalls_a64.o)
                0x000000000000eb14                _utee_open_ta_session
 .text._utee_close_ta_session
                0x000000000000eb20        0xc /home/steven/Projects/optee-anchor-spike/optee_os/out/arm-plat-vexpress/export-ta_arm64/lib/libutee.a(utee_syscalls_a64.o)
                0x000000000000eb20                _utee_close_ta_session
 .text._utee_invoke_ta_command
                0x000000000000eb2c        0xc /home/steven/Projects/optee-anchor-spike/optee_os/out/arm-plat-vexpress/export-ta_arm64/lib/libutee.a(utee_syscalls_a64.o)
                0x000000000000eb2c                _utee_invoke_ta_command
 .text._utee_get_cancellation_flag
                0x000000000000eb38        0xc /home/steven/Projects/optee-anchor-spike/optee_os/out/arm-plat-vexpress/export-ta_arm64/lib/libutee.a(utee_syscalls_a64.o)
                0x000000000000eb38                _utee_get_cancellation_flag
 .text._utee_check_access_rights
                0x000000000000eb44        0xc /home/steven/Projects/optee-anchor-spike/optee_os/out/arm-plat-vexpress/export-ta_arm64/lib/libutee.a(utee_syscalls_a64.o)
                0x000000000000eb44                _utee_check_access_rights
 .text._utee_unmask_cancellation
                0x000000000000eb50        0xc /home/steven/Projects/optee-anchor-spike/optee_os/out/arm-plat-vexpress/export-ta_arm64/lib/libutee.a(utee_syscalls_a64.o)
                0x000000000000eb50                _utee_unmask_cancellation
 .text._utee_mask_cancellation
                0x000000000000eb5c        0xc /home/steven/Projects/optee-anchor-spike/optee_os/out/arm-plat-vexpress/export-ta_arm64/lib/libutee.a(utee_syscalls_a64.o)
                0x000000000000eb5c                _utee_mask_cancellation
 .text._utee_wait
                0x000000000000eb68        0xc /home/steven/Projects/optee-anchor-spike/optee_os/out/arm-plat-vexpress/export-ta_arm64/lib/libutee.a(utee_syscalls_a64.o)
                0x000000000000eb68                _utee_wait
 .text._utee_get_time
                0x000000000000eb74        0xc /home/steven/Projects/optee-anchor-spike/optee_os/out/arm-plat-vexpress/export-ta_arm64/lib/libutee.a(utee_syscalls_a64.o)
                0x000000000000eb74                _utee_get_time
 .text._utee_set_ta_time
                0x000000000000eb80        0xc /home/steven/Projects/optee-anchor-spike/optee_os/out/arm-plat-vexpress/export-ta_arm64/lib/libutee.a(utee_syscalls_a64.o)
                0x000000000000eb80                _utee_set_ta_time
 .text._utee_cryp_state_alloc
                0x000000000000eb8c        0xc /home/steven/Projects/optee-anchor-spike/optee_os/out/arm-plat-vexpress/export-ta_arm64/lib/libutee.a(utee_syscalls_a64.o)
                0x000000000000eb8c                _utee_cryp_state_alloc
 .text._utee_cryp_state_copy
                0x000000000000eb98        0xc /home/steven/Projects/optee-anchor-spike/optee_os/out/arm-plat-vexpress/export-ta_arm64/lib/libutee.a(utee_syscalls_a64.o)
                0x000000000000eb98                _utee_cryp_state_copy
 .text._utee_cryp_state_free
                0x000000000000eba4        0xc /home/steven/Projects/optee-anchor-spike/optee_os/out/arm-plat-vexpress/export-ta_arm64/lib/libutee.a(utee_syscalls_a64.o)
                0x000000000000eba4                _utee_cryp_state_free
 .text._utee_hash_init
                0x000000000000ebb0        0xc /home/steven/Projects/optee-anchor-spike/optee_os/out/arm-plat-vexpress/export-ta_arm64/lib/libutee.a(utee_syscalls_a64.o)
                0x000000000000ebb0                _utee_hash_init
 .text._utee_hash_update
                0x000000000000ebbc        0xc /home/steven/Projects/optee-anchor-spike/optee_os/out/arm-plat-vexpress/export-ta_arm64/lib/libutee.a(utee_syscalls_a64.o)
                0x000000000000ebbc                _utee_hash_update
 .text._utee_hash_final
                0x000000000000ebc8        0xc /home/steven/Projects/optee-anchor-spike/optee_os/out/arm-plat-vexpress/export-ta_arm64/lib/libutee.a(utee_syscalls_a64.o)
                0x000000000000ebc8                _utee_hash_final
 .text._utee_cipher_init
                0x000000000000ebd4        0xc /home/steven/Projects/optee-anchor-spike/optee_os/out/arm-plat-vexpress/export-ta_arm64/lib/libutee.a(utee_syscalls_a64.o)
                0x000000000000ebd4                _utee_cipher_init
 .text._utee_cipher_update
                0x000000000000ebe0        0xc /home/steven/Projects/optee-anchor-spike/optee_os/out/arm-plat-vexpress/export-ta_arm64/lib/libutee.a(utee_syscalls_a64.o)
                0x000000000000ebe0                _utee_cipher_update
 .text._utee_cipher_final
                0x000000000000ebec        0xc /home/steven/Projects/optee-anchor-spike/optee_os/out/arm-plat-vexpress/export-ta_arm64/lib/libutee.a(utee_syscalls_a64.o)
                0x000000000000ebec                _utee_cipher_final
 .text._utee_cryp_obj_get_info
                0x000000000000ebf8        0xc /home/steven/Projects/optee-anchor-spike/optee_os/out/arm-plat-vexpress/export-ta_arm64/lib/libutee.a(utee_syscalls_a64.o)
                0x000000000000ebf8                _utee_cryp_obj_get_info
 .text._utee_cryp_obj_restrict_usage
                0x000000000000ec04        0xc /home/steven/Projects/optee-anchor-spike/optee_os/out/arm-plat-vexpress/export-ta_arm64/lib/libutee.a(utee_syscalls_a64.o)
                0x000000000000ec04                _utee_cryp_obj_restrict_usage
 .text._utee_cryp_obj_get_attr
                0x000000000000ec10        0xc /home/steven/Projects/optee-anchor-spike/optee_os/out/arm-plat-vexpress/export-ta_arm64/lib/libutee.a(utee_syscalls_a64.o)
                0x000000000000ec10                _utee_cryp_obj_get_attr
 .text._utee_cryp_obj_alloc
                0x000000000000ec1c        0xc /home/steven/Projects/optee-anchor-spike/optee_os/out/arm-plat-vexpress/export-ta_arm64/lib/libutee.a(utee_syscalls_a64.o)
                0x000000000000ec1c                _utee_cryp_obj_alloc
 .text._utee_cryp_obj_close
                0x000000000000ec28        0xc /home/steven/Projects/optee-anchor-spike/optee_os/out/arm-plat-vexpress/export-ta_arm64/lib/libutee.a(utee_syscalls_a64.o)
                0x000000000000ec28                _utee_cryp_obj_close
 .text._utee_cryp_obj_reset
                0x000000000000ec34        0xc /home/steven/Projects/optee-anchor-spike/optee_os/out/arm-plat-vexpress/export-ta_arm64/lib/libutee.a(utee_syscalls_a64.o)
                0x000000000000ec34                _utee_cryp_obj_reset
 .text._utee_cryp_obj_populate
                0x000000000000ec40        0xc /home/steven/Projects/optee-anchor-spike/optee_os/out/arm-plat-vexpress/export-ta_arm64/lib/libutee.a(utee_syscalls_a64.o)
                0x000000000000ec40                _utee_cryp_obj_populate
 .text._utee_cryp_obj_copy
                0x000000000000ec4c        0xc /home/steven/Projects/optee-anchor-spike/optee_os/out/arm-plat-vexpress/export-ta_arm64/lib/libutee.a(utee_syscalls_a64.o)
                0x000000000000ec4c                _utee_cryp_obj_copy
 .text._utee_cryp_derive_key
                0x000000000000ec58        0xc /home/steven/Projects/optee-anchor-spike/optee_os/out/arm-plat-vexpress/export-ta_arm64/lib/libutee.a(utee_syscalls_a64.o)
                0x000000000000ec58                _utee_cryp_derive_key
 .text._utee_cryp_random_number_generate
                0x000000000000ec64        0xc /home/steven/Projects/optee-anchor-spike/optee_os/out/arm-plat-vexpress/export-ta_arm64/lib/libutee.a(utee_syscalls_a64.o)
                0x000000000000ec64                _utee_cryp_random_number_generate
 .text._utee_authenc_init
                0x000000000000ec70        0xc /home/steven/Projects/optee-anchor-spike/optee_os/out/arm-plat-vexpress/export-ta_arm64/lib/libutee.a(utee_syscalls_a64.o)
                0x000000000000ec70                _utee_authenc_init
 .text._utee_authenc_update_aad
                0x000000000000ec7c        0xc /home/steven/Projects/optee-anchor-spike/optee_os/out/arm-plat-vexpress/export-ta_arm64/lib/libutee.a(utee_syscalls_a64.o)
                0x000000000000ec7c                _utee_authenc_update_aad
 .text._utee_authenc_update_payload
                0x000000000000ec88        0xc /home/steven/Projects/optee-anchor-spike/optee_os/out/arm-plat-vexpress/export-ta_arm64/lib/libutee.a(utee_syscalls_a64.o)
                0x000000000000ec88                _utee_authenc_update_payload
 .text._utee_authenc_enc_final
                0x000000000000ec94        0xc /home/steven/Projects/optee-anchor-spike/optee_os/out/arm-plat-vexpress/export-ta_arm64/lib/libutee.a(utee_syscalls_a64.o)
                0x000000000000ec94                _utee_authenc_enc_final
 .text._utee_authenc_dec_final
                0x000000000000eca0        0xc /home/steven/Projects/optee-anchor-spike/optee_os/out/arm-plat-vexpress/export-ta_arm64/lib/libutee.a(utee_syscalls_a64.o)
                0x000000000000eca0                _utee_authenc_dec_final
 .text._utee_asymm_operate
                0x000000000000ecac        0xc /home/steven/Projects/optee-anchor-spike/optee_os/out/arm-plat-vexpress/export-ta_arm64/lib/libutee.a(utee_syscalls_a64.o)
                0x000000000000ecac                _utee_asymm_operate
 .text._utee_asymm_verify
                0x000000000000ecb8        0xc /home/steven/Projects/optee-anchor-spike/optee_os/out/arm-plat-vexpress/export-ta_arm64/lib/libutee.a(utee_syscalls_a64.o)
                0x000000000000ecb8                _utee_asymm_verify
 .text._utee_storage_obj_open
                0x000000000000ecc4        0xc /home/steven/Projects/optee-anchor-spike/optee_os/out/arm-plat-vexpress/export-ta_arm64/lib/libutee.a(utee_syscalls_a64.o)
                0x000000000000ecc4                _utee_storage_obj_open
 .text._utee_storage_obj_create
                0x000000000000ecd0        0xc /home/steven/Projects/optee-anchor-spike/optee_os/out/arm-plat-vexpress/export-ta_arm64/lib/libutee.a(utee_syscalls_a64.o)
                0x000000000000ecd0                _utee_storage_obj_create
 .text._utee_storage_obj_del
                0x000000000000ecdc        0xc /home/steven/Projects/optee-anchor-spike/optee_os/out/arm-plat-vexpress/export-ta_arm64/lib/libutee.a(utee_syscalls_a64.o)
                0x000000000000ecdc                _utee_storage_obj_del
 .text._utee_storage_obj_rename
                0x000000000000ece8        0xc /home/steven/Projects/optee-anchor-spike/optee_os/out/arm-plat-vexpress/export-ta_arm64/lib/libutee.a(utee_syscalls_a64.o)
                0x000000000000ece8                _utee_storage_obj_rename
 .text._utee_storage_alloc_enum
                0x000000000000ecf4        0xc /home/steven/Projects/optee-anchor-spike/optee_os/out/arm-plat-vexpress/export-ta_arm64/lib/libutee.a(utee_syscalls_a64.o)
                0x000000000000ecf4                _utee_storage_alloc_enum
 .text._utee_storage_free_enum
                0x000000000000ed00        0xc /home/steven/Projects/optee-anchor-spike/optee_os/out/arm-plat-vexpress/export-ta_arm64/lib/libutee.a(utee_syscalls_a64.o)
                0x000000000000ed00                _utee_storage_free_enum
 .text._utee_storage_reset_enum
                0x000000000000ed0c        0xc /home/steven/Projects/optee-anchor-spike/optee_os/out/arm-plat-vexpress/export-ta_arm64/lib/libutee.a(utee_syscalls_a64.o)
                0x000000000000ed0c                _utee_storage_reset_enum
 .text._utee_storage_start_enum
                0x000000000000ed18        0xc /home/steven/Projects/optee-anchor-spike/optee_os/out/arm-plat-vexpress/export-ta_arm64/lib/libutee.a(utee_syscalls_a64.o)
                0x000000000000ed18                _utee_storage_start_enum
 .text._utee_storage_next_enum
                0x000000000000ed24        0xc /home/steven/Projects/optee-anchor-spike/optee_os/out/arm-plat-vexpress/export-ta_arm64/lib/libutee.a(utee_syscalls_a64.o)
                0x000000000000ed24                _utee_storage_next_enum
 .text._utee_storage_obj_read
                0x000000000000ed30        0xc /home/steven/Projects/optee-anchor-spike/optee_os/out/arm-plat-vexpress/export-ta_arm64/lib/libutee.a(utee_syscalls_a64.o)
                0x000000000000ed30                _utee_storage_obj_read
 .text._utee_storage_obj_write
                0x000000000000ed3c        0xc /home/steven/Projects/optee-anchor-spike/optee_os/out/arm-plat-vexpress/export-ta_arm64/lib/libutee.a(utee_syscalls_a64.o)
                0x000000000000ed3c                _utee_storage_obj_write
 .text._utee_storage_obj_trunc
                0x000000000000ed48        0xc /home/steven/Projects/optee-anchor-spike/optee_os/out/arm-plat-vexpress/export-ta_arm64/lib/libutee.a(utee_syscalls_a64.o)
                0x000000000000ed48                _utee_storage_obj_trunc
 .text._utee_storage_obj_seek
                0x000000000000ed54        0xc /home/steven/Projects/optee-anchor-spike/optee_os/out/arm-plat-vexpress/export-ta_arm64/lib/libutee.a(utee_syscalls_a64.o)
                0x000000000000ed54                _utee_storage_obj_seek
 .text._utee_cryp_obj_generate_key
                0x000000000000ed60        0xc /home/steven/Projects/optee-anchor-spike/optee_os/out/arm-plat-vexpress/export-ta_arm64/lib/libutee.a(utee_syscalls_a64.o)
                0x000000000000ed60                _utee_cryp_obj_generate_key
 .text._utee_cache_operation
                0x000000000000ed6c        0xc /home/steven/Projects/optee-anchor-spike/optee_os/out/arm-plat-vexpress/export-ta_arm64/lib/libutee.a(utee_syscalls_a64.o)
                0x000000000000ed6c                _utee_cache_operation
 .text.unlikely
                0x000000000000ed78       0x20 /home/steven/Projects/optee-anchor-spike/optee_os/out/arm-plat-vexpress/export-ta_arm64/lib/libutee.a(abort.o)
                0x000000000000ed78                abort
 .text          0x000000000000ed98     0x2220 /home/steven/Projects/optee-anchor-spike/optee_os/out/arm-plat-vexpress/export-ta_arm64/lib/libutee.a(tee_api_arith_mpi.o)
                0x000000000000f5fc                _TEE_MathAPI_Init
                0x000000000000f64c                TEE_BigIntInit
                0x000000000000f6ac                __GP11_TEE_BigIntInit
                0x000000000000f6b4                TEE_BigIntConvertFromOctetString
                0x000000000000f784                __GP11_TEE_BigIntConvertFromOctetString
                0x000000000000f78c                TEE_BigIntConvertToOctetString
                0x000000000000f85c                __GP11_TEE_BigIntConvertToOctetString
                0x000000000000f8c8                TEE_BigIntConvertFromS32
                0x000000000000f984                TEE_BigIntConvertToS32
                0x000000000000fa48                TEE_BigIntCmp
                0x000000000000fae8                TEE_BigIntCmpS32
                0x000000000000fd54                TEE_BigIntShiftRight
                0x000000000000fefc                __GP11_TEE_BigIntShiftRight
                0x000000000000ff04                TEE_BigIntGetBit
                0x000000000000ff90                TEE_BigIntGetBitCount
                0x0000000000010010                TEE_BigIntSetBit
                0x00000000000100c4                TEE_BigIntAssign
                0x0000000000010114                TEE_BigIntAbs
                0x0000000000010140                TEE_BigIntAdd
                0x000000000001014c                TEE_BigIntSub
                0x0000000000010158                TEE_BigIntNeg
                0x0000000000010244                TEE_BigIntMul
                0x0000000000010364                TEE_BigIntSquare
                0x000000000001036c                TEE_BigIntDiv
                0x0000000000010528                TEE_BigIntMod
                0x0000000000010594                TEE_BigIntAddMod
                0x00000000000105a0                TEE_BigIntSubMod
                0x00000000000105ac                TEE_BigIntMulMod
                0x00000000000105b8                TEE_BigIntSquareMod
                0x00000000000105c4                TEE_BigIntInvMod
                0x000000000001071c                TEE_BigIntRelativePrime
                0x000000000001082c                TEE_BigIntExpMod
                0x0000000000010a04                TEE_BigIntComputeExtendedGcd
                0x0000000000010c7c                TEE_BigIntIsProbablePrime
                0x0000000000010d1c                TEE_BigIntInitFMM
                0x0000000000010d20                __GP11_TEE_BigIntInitFMM
                0x0000000000010d28                TEE_BigIntInitFMMContext
                0x0000000000010d2c                __GP11_TEE_BigIntInitFMMContext
                0x0000000000010d34                TEE_BigIntInitFMMContext1
                0x0000000000010d3c                TEE_BigIntFMMSizeInU32
                0x0000000000010d4c                __GP11_TEE_BigIntFMMSizeInU32
                0x0000000000010d64                TEE_BigIntFMMContextSizeInU32
                0x0000000000010d6c                __GP11_TEE_BigIntFMMContextSizeInU32
                0x0000000000010d84                TEE_BigIntConvertToFMM
                0x0000000000010d88                TEE_BigIntConvertFromFMM
                0x0000000000010e64                TEE_BigIntComputeFMM
 .text          0x0000000000010fb8     0x1a9c /home/steven/Projects/optee-anchor-spike/optee_os/out/arm-plat-vexpress/export-ta_arm64/lib/libutee.a(tee_api_objects.o)
                0x0000000000010fb8                __utee_from_attr
                0x0000000000011008                __utee_from_gp11_attr
                0x0000000000011058                TEE_GetObjectInfo
                0x000000000001110c                __GP11_TEE_GetObjectInfo
                0x00000000000111c8                TEE_GetObjectInfo1
                0x0000000000011270                __GP11_TEE_GetObjectInfo1
                0x0000000000011320                TEE_RestrictObjectUsage1
                0x0000000000011364                TEE_RestrictObjectUsage
                0x00000000000113fc                TEE_GetObjectBufferAttribute
                0x000000000001150c                __GP11_TEE_GetObjectBufferAttribute
                0x00000000000115b0                TEE_GetObjectValueAttribute
                0x00000000000116f0                TEE_CloseObject
                0x0000000000011718                __GP11_TEE_AllocateTransientObject
                0x00000000000117d4                TEE_AllocateTransientObject
                0x00000000000117f0                TEE_FreeTransientObject
                0x0000000000011888                TEE_ResetTransientObject
                0x0000000000011920                TEE_PopulateTransientObject
                0x0000000000011a34                __GP11_TEE_PopulateTransientObject
                0x0000000000011b48                TEE_InitRefAttribute
                0x0000000000011b94                __GP11_TEE_InitRefAttribute
                0x0000000000011be4                TEE_InitValueAttribute
                0x0000000000011c30                __GP11_TEE_InitValueAttribute
                0x0000000000011c7c                TEE_CopyObjectAttributes1
                0x0000000000011d7c                TEE_CopyObjectAttributes
                0x0000000000011e18                TEE_GenerateKey
                0x0000000000011eec                __GP11_TEE_GenerateKey
                0x0000000000011fc0                TEE_OpenPersistentObject
                0x00000000000120bc                __GP11_TEE_OpenPersistentObject
                0x00000000000120c4                TEE_CreatePersistentObject
                0x0000000000012210                __GP11_TEE_CreatePersistentObject
                0x000000000001228c                TEE_CloseAndDeletePersistentObject1
                0x00000000000122d4                TEE_CloseAndDeletePersistentObject
                0x0000000000012300                TEE_RenamePersistentObject
                0x000000000001235c                __GP11_TEE_RenamePersistentObject
                0x0000000000012364                TEE_AllocatePersistentObjectEnumerator
                0x00000000000123fc                TEE_FreePersistentObjectEnumerator
                0x0000000000012424                TEE_ResetPersistentObjectEnumerator
                0x000000000001244c                TEE_StartPersistentObjectEnumerator
                0x000000000001249c                TEE_GetNextPersistentObject
                0x00000000000125b4                __GP11_TEE_GetNextPersistentObject
                0x00000000000126d4                TEE_ReadObjectData
                0x00000000000127a4                __GP11_TEE_ReadObjectData
                0x0000000000012848                TEE_WriteObjectData
                0x00000000000128c0                __GP11_TEE_WriteObjectData
                0x00000000000128c8                TEE_TruncateObjectData
                0x0000000000012924                __GP11_TEE_TruncateObjectData
                0x000000000001292c                TEE_SeekObjectData
                0x0000000000012a4c                __GP11_TEE_SeekObjectData
 .text          0x0000000000012a54     0x1000 /home/steven/Projects/optee-anchor-spike/optee_os/out/arm-plat-vexpress/export-ta_arm64/lib/libutee.a(tee_api_property.o)
                0x0000000000012e28                TEE_GetPropertyAsString
                0x000000000001309c                __GP11_TEE_GetPropertyAsString
                0x0000000000013140                TEE_GetPropertyAsBool
                0x000000000001321c                TEE_GetPropertyAsU32
                0x0000000000013308                TEE_GetPropertyAsU64
                0x00000000000133f4                __GP11_TEE_GetPropertyAsBinaryBlock
                0x00000000000134e4                TEE_GetPropertyAsBinaryBlock
                0x0000000000013588                TEE_GetPropertyAsUUID
                0x0000000000013674                TEE_GetPropertyAsIdentity
                0x0000000000013760                TEE_ResetPropertyEnumerator
                0x000000000001376c                TEE_AllocatePropertyEnumerator
                0x00000000000137b4                TEE_FreePropertyEnumerator
                0x00000000000137b8                TEE_StartPropertyEnumerator
                0x00000000000137c8                __GP11_TEE_GetPropertyName
                0x00000000000138ec                TEE_GetPropertyName
                0x0000000000013980                TEE_GetNextProperty
 .text          0x0000000000013a54      0x374 /home/steven/Projects/optee-anchor-spike/optee_os/out/arm-plat-vexpress/export-ta_arm64/lib/libutee.a(tcb.o)
                0x0000000000013a54                __utee_tcb_init
                0x0000000000013cb8                __tls_get_addr
                0x0000000000013cd4                dl_iterate_phdr
 .text          0x0000000000013dc8     0x36a4 /home/steven/Projects/optee-anchor-spike/optee_os/out/arm-plat-vexpress/export-ta_arm64/lib/libmbedtls.a(bignum.o)
                0x0000000000013e20                mbedtls_mpi_lt_mpi_ct
                0x0000000000013f04                mbedtls_mpi_init
                0x0000000000013f18                mbedtls_mpi_init_mempool
                0x0000000000013f40                mbedtls_mpi_free
                0x0000000000013fa8                mbedtls_mpi_grow
                0x0000000000014098                mbedtls_mpi_safe_cond_assign
                0x0000000000014138                mbedtls_mpi_safe_cond_swap
                0x0000000000014254                mbedtls_mpi_shrink
                0x0000000000014380                mbedtls_mpi_copy
                0x000000000001445c                mbedtls_mpi_swap
                0x00000000000144f0                mbedtls_mpi_lset
                0x000000000001455c                mbedtls_mpi_get_bit
                0x0000000000014588                mbedtls_mpi_set_bit
                0x0000000000014614                mbedtls_mpi_lsb
                0x0000000000014658                mbedtls_mpi_bitlen
                0x0000000000014664                mbedtls_mpi_size
                0x0000000000014680                mbedtls_mpi_read_binary_le
                0x00000000000146e0                mbedtls_mpi_read_binary
                0x0000000000014740                mbedtls_mpi_write_binary_le
                0x0000000000014754                mbedtls_mpi_write_binary
                0x0000000000014768                mbedtls_mpi_shift_l
                0x00000000000147cc                mbedtls_mpi_shift_r
                0x00000000000147fc                mbedtls_mpi_cmp_abs
                0x000000000001489c                mbedtls_mpi_cmp_mpi
                0x0000000000014978                mbedtls_mpi_cmp_int
                0x00000000000149f8                mbedtls_mpi_add_abs
                0x0000000000014af0                mbedtls_mpi_sub_abs
                0x0000000000014cb8                mbedtls_mpi_add_mpi
                0x0000000000014cc0                mbedtls_mpi_sub_mpi
                0x0000000000014cc8                mbedtls_mpi_add_int
                0x0000000000014d48                mbedtls_mpi_sub_int
                0x0000000000014dc8                mbedtls_mpi_mul_mpi
                0x0000000000014f5c                mbedtls_mpi_mul_int
                0x0000000000015018                mbedtls_mpi_read_string
                0x000000000001527c                mbedtls_mpi_div_mpi
                0x0000000000015778                mbedtls_mpi_div_int
                0x00000000000157f8                mbedtls_mpi_mod_mpi
                0x0000000000015bbc                mbedtls_mpi_mod_int
                0x0000000000015c54                mbedtls_mpi_write_string
                0x0000000000015fac                mbedtls_mpi_montg_init
                0x0000000000015fd4                mbedtls_mpi_montmul
                0x0000000000015ffc                mbedtls_mpi_montred
                0x0000000000016078                mbedtls_mpi_exp_mod
                0x0000000000016088                mbedtls_mpi_exp_mod_unsafe
                0x000000000001609c                mbedtls_mpi_gcd_modinv_odd
                0x00000000000162d0                mbedtls_mpi_gcd
                0x00000000000164bc                mbedtls_mpi_fill_random
                0x00000000000167d8                mbedtls_mpi_random
                0x0000000000016870                mbedtls_mpi_inv_mod_odd
                0x0000000000016968                mbedtls_mpi_inv_mod_even_in_range
                0x0000000000016ab0                mbedtls_mpi_inv_mod
                0x0000000000016c20                mbedtls_mpi_is_prime_ext
                0x0000000000016d10                mbedtls_mpi_gen_prime
                0x000000000001705c                mbedtls_mpi_self_test
 .text          0x000000000001746c     0x13f8 /home/steven/Projects/optee-anchor-spike/optee_os/out/arm-plat-vexpress/export-ta_arm64/lib/libmbedtls.a(bignum_core.o)
                0x00000000000174e0                mbedtls_mpi_core_clz
                0x00000000000174ec                mbedtls_mpi_core_bitlen
                0x0000000000017540                mbedtls_mpi_core_bigendian_to_host
                0x0000000000017574                mbedtls_mpi_core_uint_le_mpi
                0x00000000000175cc                mbedtls_mpi_core_lt_ct
                0x000000000001764c                mbedtls_mpi_core_cond_assign
                0x0000000000017698                mbedtls_mpi_core_cond_swap
                0x0000000000017700                mbedtls_mpi_core_read_le
                0x000000000001778c                mbedtls_mpi_core_read_be
                0x000000000001781c                mbedtls_mpi_core_write_le
                0x00000000000178c8                mbedtls_mpi_core_write_be
                0x0000000000017980                mbedtls_mpi_core_shift_r
                0x0000000000017a20                mbedtls_mpi_core_shift_l
                0x0000000000017ab4                mbedtls_mpi_core_add
                0x0000000000017af0                mbedtls_mpi_core_add_if
                0x0000000000017b4c                mbedtls_mpi_core_sub
                0x0000000000017b90                mbedtls_mpi_core_mla
                0x0000000000017d54                mbedtls_mpi_core_mul
                0x0000000000017dd8                mbedtls_mpi_core_montmul_init
                0x0000000000017e0c                mbedtls_mpi_core_montmul
                0x00000000000181e0                mbedtls_mpi_core_get_mont_r2_unsafe
                0x0000000000018248                mbedtls_mpi_core_fill_random
                0x00000000000182f8                mbedtls_mpi_core_random
                0x00000000000183fc                mbedtls_mpi_core_exp_mod_working_limbs
                0x0000000000018424                mbedtls_mpi_core_exp_mod
                0x000000000001844c                mbedtls_mpi_core_exp_mod_unsafe
                0x0000000000018478                mbedtls_mpi_core_sub_int
                0x00000000000184a8                mbedtls_mpi_core_check_zero_ct
                0x00000000000184cc                mbedtls_mpi_core_to_mont_rep
                0x00000000000184e8                mbedtls_mpi_core_from_mont_rep
                0x000000000001855c                mbedtls_mpi_core_gcd_modinv_odd
 .text          0x0000000000018864      0x468 /home/steven/Projects/optee-anchor-spike/optee_os/out/arm-plat-vexpress/export-ta_arm64/lib/libmbedtls.a(constant_time.o)
                0x00000000000188d8                mbedtls_ct_memcmp
                0x000000000001890c                mbedtls_ct_memcmp_partial
                0x0000000000018994                mbedtls_ct_memmove_left
                0x0000000000018a34                mbedtls_ct_memcpy_if
                0x0000000000018b58                mbedtls_ct_memcpy_offset
                0x0000000000018be8                mbedtls_ct_zeroize_if
 .text          0x0000000000018ccc       0x60 /home/steven/Projects/optee-anchor-spike/optee_os/out/arm-plat-vexpress/export-ta_arm64/lib/libmbedtls.a(platform_util.o)
                0x0000000000018ccc                mbedtls_platform_zeroize
                0x0000000000018d04                mbedtls_zeroize_and_free
 .text          0x0000000000018d2c      0x120 /home/steven/Projects/optee-anchor-spike/optee_os/out/arm-plat-vexpress/export-ta_arm64/lib/libutils.a(snprintf.o)
                0x0000000000018d2c                snprintf
                0x0000000000018df4                vsnprintf
 .text          0x0000000000018e4c       0x58 /home/steven/Projects/optee-anchor-spike/optee_os/out/arm-plat-vexpress/export-ta_arm64/lib/libutils.a(memmove.o)
                0x0000000000018e4c                memmove
 .text          0x0000000000018ea4       0x24 /home/steven/Projects/optee-anchor-spike/optee_os/out/arm-plat-vexpress/export-ta_arm64/lib/libutils.a(strcmp.o)
                0x0000000000018ea4                strcmp
 .text          0x0000000000018ec8       0x38 /home/steven/Projects/optee-anchor-spike/optee_os/out/arm-plat-vexpress/export-ta_arm64/lib/libutils.a(strlcpy.o)
                0x0000000000018ec8                strlcpy
 .text          0x0000000000018f00      0x198 /home/steven/Projects/optee-anchor-spike/optee_os/out/arm-plat-vexpress/export-ta_arm64/lib/libutils.a(mempool.o)
                0x0000000000018f00                mempool_alloc_pool
                0x0000000000018fc8                mempool_alloc
                0x000000000001902c                mempool_calloc
                0x000000000001907c                mempool_free
 .text          0x0000000000019098       0x70 /home/steven/Projects/optee-anchor-spike/optee_os/out/arm-plat-vexpress/export-ta_arm64/lib/libutils.a(consttime_memcmp.o)
                0x0000000000019098                consttime_memcmp
 .text          0x0000000000019108      0x250 /home/steven/Projects/optee-anchor-spike/optee_os/out/arm-plat-vexpress/export-ta_arm64/lib/libutils.a(base64.o)
                0x0000000000019108                base64_enc_len
                0x0000000000019120                base64_enc
                0x0000000000019234                base64_dec
 .text          0x0000000000019358        0x0 /home/steven/Projects/optee-anchor-spike/optee_os/out/arm-plat-vexpress/export-ta_arm64/lib/libutee.a(utee_syscalls_a64.o)
 .text          0x0000000000019358        0x0 /home/steven/Projects/optee-anchor-spike/optee_os/out/arm-plat-vexpress/export-ta_arm64/lib/libutee.a(abort.o)
 *(SORT_BY_ALIGNMENT(.stub))
 *(SORT_BY_ALIGNMENT(.glue_7))
 *(SORT_BY_ALIGNMENT(.glue_7t))
 *(SORT_BY_ALIGNMENT(.gnu.linkonce.t.*))
 *(SORT_BY_ALIGNMENT(.vfp11_veneer))
                0x0000000000019358                __text_end = .

.note.gnu.property
 *(SORT_BY_ALIGNMENT(.note.gnu.property))

.plt            0x0000000000019358        0x0
 *(SORT_BY_ALIGNMENT(.plt))
 .plt           0x0000000000019358        0x0 ./anchor_ta.o

.eh_frame_hdr
 *(SORT_BY_ALIGNMENT(.eh_frame_hdr))
 *(SORT_BY_ALIGNMENT(.eh_frame_entry) SORT_BY_ALIGNMENT(.eh_frame_entry.*))

.eh_frame       0x0000000000019358     0x4840
 *(SORT_BY_ALIGNMENT(.eh_frame))
 .eh_frame      0x0000000000019358       0xd8 ./anchor_ta.o
 .eh_frame      0x0000000000019430      0x240 ./anchor-core.o
                                        0x250 (size before relaxing)
 .eh_frame      0x0000000000019670      0x3c8 ./shielded-simd.o
                                        0x3d8 (size before relaxing)
 .eh_frame      0x0000000000019a38       0x68 ./shielded-field.o
                                         0x78 (size before relaxing)
 .eh_frame      0x0000000000019aa0       0x40 ./user_ta_header.o
                                         0x50 (size before relaxing)
 .eh_frame      0x0000000000019ae0      0x478 /home/steven/Projects/optee-anchor-spike/optee_os/out/arm-plat-vexpress/export-ta_arm64/lib/libutils.a(bget_malloc.o)
                                        0x488 (size before relaxing)
 .eh_frame      0x0000000000019f58       0x18 /home/steven/Projects/optee-anchor-spike/optee_os/out/arm-plat-vexpress/export-ta_arm64/lib/libutils.a(stack_check.o)
                                         0x30 (size before relaxing)
 .eh_frame      0x0000000000019f70       0x18 /home/steven/Projects/optee-anchor-spike/optee_os/out/arm-plat-vexpress/export-ta_arm64/lib/libutils.a(memcmp.o)
                                         0x28 (size before relaxing)
 .eh_frame      0x0000000000019f88       0x18 /home/steven/Projects/optee-anchor-spike/optee_os/out/arm-plat-vexpress/export-ta_arm64/lib/libutils.a(memcpy.o)
                                         0x28 (size before relaxing)
 .eh_frame      0x0000000000019fa0       0x18 /home/steven/Projects/optee-anchor-spike/optee_os/out/arm-plat-vexpress/export-ta_arm64/lib/libutils.a(memset.o)
                                         0x28 (size before relaxing)
 .eh_frame      0x0000000000019fb8       0xb8 /home/steven/Projects/optee-anchor-spike/optee_os/out/arm-plat-vexpress/export-ta_arm64/lib/libutils.a(trace.o)
                                         0xc8 (size before relaxing)
 .eh_frame      0x000000000001a070       0xf0 /home/steven/Projects/optee-anchor-spike/optee_os/out/arm-plat-vexpress/export-ta_arm64/lib/libutils.a(snprintk.o)
                                        0x108 (size before relaxing)
 .eh_frame      0x000000000001a160       0x18 /home/steven/Projects/optee-anchor-spike/optee_os/out/arm-plat-vexpress/export-ta_arm64/lib/libutils.a(memchr.o)
                                         0x28 (size before relaxing)
 .eh_frame      0x000000000001a178       0x18 /home/steven/Projects/optee-anchor-spike/optee_os/out/arm-plat-vexpress/export-ta_arm64/lib/libutils.a(strlen.o)
                                         0x28 (size before relaxing)
 .eh_frame      0x000000000001a190       0x38 /home/steven/Projects/optee-anchor-spike/optee_os/out/arm-plat-vexpress/export-ta_arm64/lib/libutee.a(assert.o)
                                         0x50 (size before relaxing)
 .eh_frame      0x000000000001a1c8       0xa8 /home/steven/Projects/optee-anchor-spike/optee_os/out/arm-plat-vexpress/export-ta_arm64/lib/libutee.a(trace_ext.o)
                                         0xc0 (size before relaxing)
 .eh_frame      0x000000000001a270      0x570 /home/steven/Projects/optee-anchor-spike/optee_os/out/arm-plat-vexpress/export-ta_arm64/lib/libutee.a(tee_api.o)
                                        0x588 (size before relaxing)
 .eh_frame      0x000000000001a7e0      0xb08 /home/steven/Projects/optee-anchor-spike/optee_os/out/arm-plat-vexpress/export-ta_arm64/lib/libutee.a(tee_api_operations.o)
                                        0xb18 (size before relaxing)
 .eh_frame      0x000000000001b2e8      0x180 /home/steven/Projects/optee-anchor-spike/optee_os/out/arm-plat-vexpress/export-ta_arm64/lib/libutee.a(tee_api_panic.o)
                                        0x190 (size before relaxing)
 .eh_frame      0x000000000001b468       0xd8 /home/steven/Projects/optee-anchor-spike/optee_os/out/arm-plat-vexpress/export-ta_arm64/lib/libutee.a(tee_system_pta.o)
                                         0xf0 (size before relaxing)
 .eh_frame      0x000000000001b540      0x150 /home/steven/Projects/optee-anchor-spike/optee_os/out/arm-plat-vexpress/export-ta_arm64/lib/libutee.a(user_ta_entry.o)
                                        0x168 (size before relaxing)
 .eh_frame      0x000000000001b690       0x18 /home/steven/Projects/optee-anchor-spike/optee_os/out/arm-plat-vexpress/export-ta_arm64/lib/libutee.a(abort.o)
                                         0x30 (size before relaxing)
 .eh_frame      0x000000000001b6a8      0x7e8 /home/steven/Projects/optee-anchor-spike/optee_os/out/arm-plat-vexpress/export-ta_arm64/lib/libutee.a(tee_api_arith_mpi.o)
                                        0x800 (size before relaxing)
 .eh_frame      0x000000000001be90      0x770 /home/steven/Projects/optee-anchor-spike/optee_os/out/arm-plat-vexpress/export-ta_arm64/lib/libutee.a(tee_api_objects.o)
                                        0x788 (size before relaxing)
 .eh_frame      0x000000000001c600      0x310 /home/steven/Projects/optee-anchor-spike/optee_os/out/arm-plat-vexpress/export-ta_arm64/lib/libutee.a(tee_api_property.o)
                                        0x328 (size before relaxing)
 .eh_frame      0x000000000001c910       0x90 /home/steven/Projects/optee-anchor-spike/optee_os/out/arm-plat-vexpress/export-ta_arm64/lib/libutee.a(tcb.o)
                                         0xa0 (size before relaxing)
 .eh_frame      0x000000000001c9a0      0xa28 /home/steven/Projects/optee-anchor-spike/optee_os/out/arm-plat-vexpress/export-ta_arm64/lib/libmbedtls.a(bignum.o)
                                        0xa40 (size before relaxing)
 .eh_frame      0x000000000001d3c8      0x4a0 /home/steven/Projects/optee-anchor-spike/optee_os/out/arm-plat-vexpress/export-ta_arm64/lib/libmbedtls.a(bignum_core.o)
                                        0x4b0 (size before relaxing)
 .eh_frame      0x000000000001d868      0x148 /home/steven/Projects/optee-anchor-spike/optee_os/out/arm-plat-vexpress/export-ta_arm64/lib/libmbedtls.a(constant_time.o)
                                        0x160 (size before relaxing)
 .eh_frame      0x000000000001d9b0       0x48 /home/steven/Projects/optee-anchor-spike/optee_os/out/arm-plat-vexpress/export-ta_arm64/lib/libmbedtls.a(platform_util.o)
                                         0x60 (size before relaxing)
 .eh_frame      0x000000000001d9f8       0x58 /home/steven/Projects/optee-anchor-spike/optee_os/out/arm-plat-vexpress/export-ta_arm64/lib/libutils.a(snprintf.o)
                                         0x70 (size before relaxing)
 .eh_frame      0x000000000001da50       0x18 /home/steven/Projects/optee-anchor-spike/optee_os/out/arm-plat-vexpress/export-ta_arm64/lib/libutils.a(memmove.o)
                                         0x28 (size before relaxing)
 .eh_frame      0x000000000001da68       0x18 /home/steven/Projects/optee-anchor-spike/optee_os/out/arm-plat-vexpress/export-ta_arm64/lib/libutils.a(strcmp.o)
                                         0x28 (size before relaxing)
 .eh_frame      0x000000000001da80       0x18 /home/steven/Projects/optee-anchor-spike/optee_os/out/arm-plat-vexpress/export-ta_arm64/lib/libutils.a(strlcpy.o)
                                         0x28 (size before relaxing)
 .eh_frame      0x000000000001da98       0x88 /home/steven/Projects/optee-anchor-spike/optee_os/out/arm-plat-vexpress/export-ta_arm64/lib/libutils.a(mempool.o)
                                         0xa0 (size before relaxing)
 .eh_frame      0x000000000001db20       0x20 /home/steven/Projects/optee-anchor-spike/optee_os/out/arm-plat-vexpress/export-ta_arm64/lib/libutils.a(consttime_memcmp.o)
                                         0x30 (size before relaxing)
 .eh_frame      0x000000000001db40       0x58 /home/steven/Projects/optee-anchor-spike/optee_os/out/arm-plat-vexpress/export-ta_arm64/lib/libutils.a(base64.o)
                                         0x70 (size before relaxing)
 *(SORT_BY_ALIGNMENT(.eh_frame.*))

.gcc_except_table
 *(SORT_BY_ALIGNMENT(.gcc_except_table) SORT_BY_ALIGNMENT(.gcc_except_table.*))

.rodata         0x000000000001dba0     0x134b
 *(SORT_BY_ALIGNMENT(.gnu.linkonce.r.*))
 *(SORT_BY_ALIGNMENT(.rodata) SORT_BY_ALIGNMENT(.rodata.*))
 .rodata.cst16  0x000000000001dba0       0xc0 ./shielded-simd.o
 .rodata./home/steven/Projects/optee-anchor-spike/optee_os/out/arm-plat-vexpress/export-ta_arm64/src/user_ta_header.c
                0x000000000001dc60       0x33 ./user_ta_header.o
                0x000000000001dc60                ta_num_props
                0x000000000001dc80                __ta_no_share_heap_size
                0x000000000001dc88                ta_heap_size
                0x000000000001dc90                trace_ext_prefix
 *fill*         0x000000000001dc93        0x5 
 .rodata.lib/libutee/tee_api.c
                0x000000000001dc98       0x18 /home/steven/Projects/optee-anchor-spike/optee_os/out/arm-plat-vexpress/export-ta_arm64/lib/libutee.a(tee_api.o)
 .rodata.shielded-field.c
                0x000000000001dcb0        0xc ./shielded-field.o
                0x000000000001dcb0                sh_primes
 .rodata.lib/libutils/ext/snprintk.c
                0x000000000001dcbc       0xac /home/steven/Projects/optee-anchor-spike/optee_os/out/arm-plat-vexpress/export-ta_arm64/lib/libutils.a(snprintk.o)
 .rodata.lib/libutee/tee_api_operations.c
                0x000000000001dd68       0x75 /home/steven/Projects/optee-anchor-spike/optee_os/out/arm-plat-vexpress/export-ta_arm64/lib/libutee.a(tee_api_operations.o)
 *fill*         0x000000000001dddd        0x3 
 .rodata.lib/libutee/tee_system_pta.c
                0x000000000001dde0       0x31 /home/steven/Projects/optee-anchor-spike/optee_os/out/arm-plat-vexpress/export-ta_arm64/lib/libutee.a(tee_system_pta.o)
 *fill*         0x000000000001de11        0x3 
 .rodata.lib/libutee/tee_api_property.c
                0x000000000001de14       0x10 /home/steven/Projects/optee-anchor-spike/optee_os/out/arm-plat-vexpress/export-ta_arm64/lib/libutee.a(tee_api_property.o)
 .rodata.lib/libmbedtls/mbedtls/library/bignum.c
                0x000000000001de24       0xcc /home/steven/Projects/optee-anchor-spike/optee_os/out/arm-plat-vexpress/export-ta_arm64/lib/libmbedtls.a(bignum.o)
 .rodata.str1.1./home/steven/Projects/optee-anchor-spike/optee_os/out/arm-plat-vexpress/export-ta_arm64/src/user_ta_header.c
                0x000000000001def0      0xd8a ./user_ta_header.o
                                        0x115 (size before relaxing)
 .rodata.str1.1.lib/libutils/isoc/bget_malloc.c
                0x000000000001ec7a      0x3ef /home/steven/Projects/optee-anchor-spike/optee_os/out/arm-plat-vexpress/export-ta_arm64/lib/libutils.a(bget_malloc.o)
 .rodata.lib/libutils/isoc/bget_malloc.c
                0x000000000001ec7a       0x7b /home/steven/Projects/optee-anchor-spike/optee_os/out/arm-plat-vexpress/export-ta_arm64/lib/libutils.a(bget_malloc.o)
 .rodata.str1.1.lib/libutils/isoc/stack_check.c
                0x000000000001ecf5       0x18 /home/steven/Projects/optee-anchor-spike/optee_os/out/arm-plat-vexpress/export-ta_arm64/lib/libutils.a(stack_check.o)
 .rodata.str1.1.lib/libutils/ext/trace.c
                0x000000000001ecf5       0x1b /home/steven/Projects/optee-anchor-spike/optee_os/out/arm-plat-vexpress/export-ta_arm64/lib/libutils.a(trace.o)
 .rodata.lib/libutils/ext/trace.c
                0x000000000001ecf5        0x5 /home/steven/Projects/optee-anchor-spike/optee_os/out/arm-plat-vexpress/export-ta_arm64/lib/libutils.a(trace.o)
 .rodata.str1.1.lib/libutils/ext/snprintk.c
                0x000000000001ecfa       0x38 /home/steven/Projects/optee-anchor-spike/optee_os/out/arm-plat-vexpress/export-ta_arm64/lib/libutils.a(snprintk.o)
 .rodata.str1.1.lib/libutee/assert.c
                0x000000000001ecfa       0x27 /home/steven/Projects/optee-anchor-spike/optee_os/out/arm-plat-vexpress/export-ta_arm64/lib/libutee.a(assert.o)
 .rodata.str1.1.lib/libutee/trace_ext.c
                0x000000000001ecfa        0x2 /home/steven/Projects/optee-anchor-spike/optee_os/out/arm-plat-vexpress/export-ta_arm64/lib/libutee.a(trace_ext.o)
 .rodata.str1.1.lib/libutee/tee_api.c
                0x000000000001ecfa       0x11 /home/steven/Projects/optee-anchor-spike/optee_os/out/arm-plat-vexpress/export-ta_arm64/lib/libutee.a(tee_api.o)
 .rodata.str1.1.lib/libutee/tee_api_operations.c
                0x000000000001ecfa       0x8a /home/steven/Projects/optee-anchor-spike/optee_os/out/arm-plat-vexpress/export-ta_arm64/lib/libutee.a(tee_api_operations.o)
 .rodata.str1.1.lib/libutee/tee_system_pta.c
                0x000000000001ecfa       0x55 /home/steven/Projects/optee-anchor-spike/optee_os/out/arm-plat-vexpress/export-ta_arm64/lib/libutee.a(tee_system_pta.o)
 .rodata.str1.1.lib/libutee/user_ta_entry.c
                0x000000000001ecfa       0x4f /home/steven/Projects/optee-anchor-spike/optee_os/out/arm-plat-vexpress/export-ta_arm64/lib/libutee.a(user_ta_entry.o)
 .rodata.lib/libutee/user_ta_entry.c
                0x000000000001ecfa       0x16 /home/steven/Projects/optee-anchor-spike/optee_os/out/arm-plat-vexpress/export-ta_arm64/lib/libutee.a(user_ta_entry.o)
 .rodata.str1.1.lib/libutee/abort.c
                0x000000000001ed10        0x7 /home/steven/Projects/optee-anchor-spike/optee_os/out/arm-plat-vexpress/export-ta_arm64/lib/libutee.a(abort.o)
 .rodata.str1.1.lib/libutee/tee_api_arith_mpi.c
                0x000000000001ed10       0xc9 /home/steven/Projects/optee-anchor-spike/optee_os/out/arm-plat-vexpress/export-ta_arm64/lib/libutee.a(tee_api_arith_mpi.o)
 .rodata.lib/libutee/tee_api_arith_mpi.c
                0x000000000001ed10      0x14e /home/steven/Projects/optee-anchor-spike/optee_os/out/arm-plat-vexpress/export-ta_arm64/lib/libutee.a(tee_api_arith_mpi.o)
 .rodata.str1.1.lib/libutee/tee_api_property.c
                0x000000000001ee5e       0x88 /home/steven/Projects/optee-anchor-spike/optee_os/out/arm-plat-vexpress/export-ta_arm64/lib/libutee.a(tee_api_property.o)
 .rodata.str1.1.lib/libutee/tcb.c
                0x000000000001ee5e       0x8d /home/steven/Projects/optee-anchor-spike/optee_os/out/arm-plat-vexpress/export-ta_arm64/lib/libutee.a(tcb.o)
 .rodata.lib/libutee/tcb.c
                0x000000000001ee5e       0x20 /home/steven/Projects/optee-anchor-spike/optee_os/out/arm-plat-vexpress/export-ta_arm64/lib/libutee.a(tcb.o)
 .rodata.str1.1.lib/libmbedtls/mbedtls/library/bignum.c
                0x000000000001ee7e      0x45d /home/steven/Projects/optee-anchor-spike/optee_os/out/arm-plat-vexpress/export-ta_arm64/lib/libmbedtls.a(bignum.o)
 .rodata.str1.1.lib/libutils/ext/mempool.c
                0x000000000001ee7e       0x89 /home/steven/Projects/optee-anchor-spike/optee_os/out/arm-plat-vexpress/export-ta_arm64/lib/libutils.a(mempool.o)
 .rodata.lib/libutils/ext/mempool.c
                0x000000000001ee7e       0x2c /home/steven/Projects/optee-anchor-spike/optee_os/out/arm-plat-vexpress/export-ta_arm64/lib/libutils.a(mempool.o)
 .rodata.lib/libutils/ext/base64.c
                0x000000000001eeaa       0x41 /home/steven/Projects/optee-anchor-spike/optee_os/out/arm-plat-vexpress/export-ta_arm64/lib/libutils.a(base64.o)

.gnu.version_d  0x000000000001eef0        0x0
 .gnu.version_d
                0x000000000001eef0        0x0 ./anchor_ta.o

.gnu.version    0x000000000001eeec        0x0
 .gnu.version   0x000000000001eeec        0x0 ./anchor_ta.o

.gnu.version_r  0x000000000001eef0        0x0
 .gnu.version_r
                0x000000000001eef0        0x0 ./anchor_ta.o

.gnu.hash       0x000000000001eef0       0x34
 .gnu.hash      0x000000000001eef0       0x34 ./anchor_ta.o

.ta_head        0x000000000001ef28       0x20
 .ta_head       0x000000000001ef28       0x20 ./user_ta_header.o
                0x000000000001ef28                ta_head

.ARM.extab
 *(SORT_BY_ALIGNMENT(.ARM.extab*) SORT_BY_ALIGNMENT(.gnu.linkonce.armextab.*))
                [!provide]                        PROVIDE (__exidx_start = .)

.ARM.exidx
 *(SORT_BY_ALIGNMENT(.ARM.exidx*) SORT_BY_ALIGNMENT(.gnu.linkonce.armexidx.*))
                [!provide]                        PROVIDE (__exidx_end = .)

.ctors
 *(SORT_BY_ALIGNMENT(.ctors))

.dtors
 *(SORT_BY_ALIGNMENT(.dtors))

.dynsym         0x000000000001ef48       0xa8
 *(SORT_BY_ALIGNMENT(.dynsym))
 .dynsym        0x000000000001ef48       0xa8 ./anchor_ta.o

.dynstr         0x000000000001eff0       0x36
 *(SORT_BY_ALIGNMENT(.dynstr))
 .dynstr        0x000000000001eff0       0x36 ./anchor_ta.o

.hash           0x000000000001f028       0x30
 *(SORT_BY_ALIGNMENT(.hash))
 .hash          0x000000000001f028       0x30 ./anchor_ta.o

.rela.dyn       0x000000000001f058      0x348
 .rela.data.rel.ro
                0x000000000001f058       0x18 ./anchor_ta.o
 .rela.ifunc    0x000000000001f070        0x0 ./anchor_ta.o
 .rela.data.rel.ro.local
                0x000000000001f070      0x2a0 ./anchor_ta.o
 .rela.data.rel.local
                0x000000000001f310       0x90 ./anchor_ta.o
                0x0000000000020000                . = ALIGN (0x1000)

.dynamic        0x0000000000020000      0x110
 *(SORT_BY_ALIGNMENT(.dynamic))
 .dynamic       0x0000000000020000      0x110 ./anchor_ta.o
                0x0000000000020000                _DYNAMIC

.tdata
 *(SORT_BY_ALIGNMENT(.tdata) SORT_BY_ALIGNMENT(.tdata.*) SORT_BY_ALIGNMENT(.gnu.linkonce.td.*))

.tbss
 *(SORT_BY_ALIGNMENT(.tbss) SORT_BY_ALIGNMENT(.tbss.*) SORT_BY_ALIGNMENT(.gnu.linkonce.tb.*))
 *(SORT_BY_ALIGNMENT(.tcommon))

.got            0x0000000000020110       0xd8
 *(SORT_BY_ALIGNMENT(.got.plt))
 .got.plt       0x0000000000020110       0x18 ./anchor_ta.o
 *(SORT_BY_ALIGNMENT(.got))
 .got           0x0000000000020128       0xc0 ./anchor_ta.o
                0x0000000000020128                _GLOBAL_OFFSET_TABLE_

.rel.text
 *(SORT_BY_ALIGNMENT(.rel.text))
 *(SORT_BY_ALIGNMENT(.rel.gnu.linkonce.t*))

.rela.text
 *(SORT_BY_ALIGNMENT(.rela.text))
 *(SORT_BY_ALIGNMENT(.rela.gnu.linkonce.t*))

.rel.data
 *(SORT_BY_ALIGNMENT(.rel.data))
 *(SORT_BY_ALIGNMENT(.rel.gnu.linkonce.d*))

.rela.data
 *(SORT_BY_ALIGNMENT(.rela.data))
 *(SORT_BY_ALIGNMENT(.rela.gnu.linkonce.d*))

.rel.tdata
 *(SORT_BY_ALIGNMENT(.rel.tdata) SORT_BY_ALIGNMENT(.rel.tdata.*) SORT_BY_ALIGNMENT(.rel.gnu.linkonce.td.*))

.rela.tdata
 *(SORT_BY_ALIGNMENT(.rela.tdata) SORT_BY_ALIGNMENT(.rela.tdata.*) SORT_BY_ALIGNMENT(.rela.gnu.linkonce.td.*))

.rel.tbss
 *(SORT_BY_ALIGNMENT(.rel.tbss) SORT_BY_ALIGNMENT(.rel.tbss.*) SORT_BY_ALIGNMENT(.rel.gnu.linkonce.tb.*))

.rela.tbss
 *(SORT_BY_ALIGNMENT(.rela.tbss) SORT_BY_ALIGNMENT(.rela.tbss.*) SORT_BY_ALIGNMENT(.rela.gnu.linkonce.tb.*))

.rel.rodata
 *(SORT_BY_ALIGNMENT(.rel.rodata))
 *(SORT_BY_ALIGNMENT(.rel.gnu.linkonce.r*))

.rela.rodata
 *(SORT_BY_ALIGNMENT(.rela.rodata))
 *(SORT_BY_ALIGNMENT(.rela.gnu.linkonce.r*))

.rel.dyn
 *(SORT_BY_ALIGNMENT(.rel.dyn))

.rel.got
 *(SORT_BY_ALIGNMENT(.rel.got))

.rela.got       0x00000000000201e8      0x228
 *(SORT_BY_ALIGNMENT(.rela.got))
 .rela.got      0x00000000000201e8      0x228 ./anchor_ta.o

.rel.ctors
 *(SORT_BY_ALIGNMENT(.rel.ctors))

.rela.ctors
 *(SORT_BY_ALIGNMENT(.rela.ctors))

.rel.dtors
 *(SORT_BY_ALIGNMENT(.rel.dtors))

.rela.dtors
 *(SORT_BY_ALIGNMENT(.rela.dtors))

.rel.init
 *(SORT_BY_ALIGNMENT(.rel.init))

.rela.init
 *(SORT_BY_ALIGNMENT(.rela.init))

.rel.fini
 *(SORT_BY_ALIGNMENT(.rel.fini))

.rela.fini
 *(SORT_BY_ALIGNMENT(.rela.fini))

.rel.bss
 *(SORT_BY_ALIGNMENT(.rel.bss))

.rela.bss       0x0000000000020410        0x0
 *(SORT_BY_ALIGNMENT(.rela.bss))
 .rela.bss      0x0000000000020410        0x0 ./anchor_ta.o

.rel.plt
 *(SORT_BY_ALIGNMENT(.rel.plt))

.rela.plt       0x0000000000020410        0x0
 *(SORT_BY_ALIGNMENT(.rela.plt))
 .rela.plt      0x0000000000020410        0x0 ./anchor_ta.o

.data           0x0000000000020410      0x25c
 *(SORT_BY_ALIGNMENT(.data) SORT_BY_ALIGNMENT(.data.*) SORT_BY_ALIGNMENT(.gnu.linkonce.d.*))
 .data.rel.ro.local
                0x0000000000020410       0xf0 ./user_ta_header.o
                0x0000000000020410                ta_props
 .data          0x0000000000020500        0x8 /home/steven/Projects/optee-anchor-spike/optee_os/out/arm-plat-vexpress/export-ta_arm64/lib/libutils.a(bget_malloc.o)
 .data.rel.local
                0x0000000000020508       0xd0 /home/steven/Projects/optee-anchor-spike/optee_os/out/arm-plat-vexpress/export-ta_arm64/lib/libutils.a(bget_malloc.o)
 .data          0x00000000000205d8        0x8 /home/steven/Projects/optee-anchor-spike/optee_os/out/arm-plat-vexpress/export-ta_arm64/lib/libutils.a(stack_check.o)
                0x00000000000205d8                __stack_chk_guard
 .data.rel.local
                0x00000000000205e0       0x20 /home/steven/Projects/optee-anchor-spike/optee_os/out/arm-plat-vexpress/export-ta_arm64/lib/libutee.a(user_ta_entry.o)
 .data.rel.ro.local
                0x0000000000020600       0x60 /home/steven/Projects/optee-anchor-spike/optee_os/out/arm-plat-vexpress/export-ta_arm64/lib/libutee.a(tee_api_property.o)
                0x0000000000020600                tee_props
 .data.rel.ro   0x0000000000020660        0x8 /home/steven/Projects/optee-anchor-spike/optee_os/out/arm-plat-vexpress/export-ta_arm64/lib/libmbedtls.a(platform_util.o)
 .data          0x0000000000020668        0x4 ./user_ta_header.o
                0x0000000000020668                trace_level
 .data          0x000000000002066c        0x0 ./anchor_ta.o
 .data.rel.ro   0x000000000002066c        0x0 ./anchor_ta.o
 .data          0x000000000002066c        0x0 ./anchor-core.o
 .data          0x000000000002066c        0x0 ./shielded-simd.o
 .data          0x000000000002066c        0x0 ./shielded-field.o
 .data          0x000000000002066c        0x0 /home/steven/Projects/optee-anchor-spike/optee_os/out/arm-plat-vexpress/export-ta_arm64/lib/libutils.a(memcmp.o)
 .data          0x000000000002066c        0x0 /home/steven/Projects/optee-anchor-spike/optee_os/out/arm-plat-vexpress/export-ta_arm64/lib/libutils.a(memcpy.o)
 .data          0x000000000002066c        0x0 /home/steven/Projects/optee-anchor-spike/optee_os/out/arm-plat-vexpress/export-ta_arm64/lib/libutils.a(memset.o)
 .data          0x000000000002066c        0x0 /home/steven/Projects/optee-anchor-spike/optee_os/out/arm-plat-vexpress/export-ta_arm64/lib/libutils.a(trace.o)
 .data          0x000000000002066c        0x0 /home/steven/Projects/optee-anchor-spike/optee_os/out/arm-plat-vexpress/export-ta_arm64/lib/libutils.a(snprintk.o)
 .data          0x000000000002066c        0x0 /home/steven/Projects/optee-anchor-spike/optee_os/out/arm-plat-vexpress/export-ta_arm64/lib/libutils.a(memchr.o)
 .data          0x000000000002066c        0x0 /home/steven/Projects/optee-anchor-spike/optee_os/out/arm-plat-vexpress/export-ta_arm64/lib/libutils.a(strlen.o)
 .data          0x000000000002066c        0x0 /home/steven/Projects/optee-anchor-spike/optee_os/out/arm-plat-vexpress/export-ta_arm64/lib/libutee.a(assert.o)
 .data          0x000000000002066c        0x0 /home/steven/Projects/optee-anchor-spike/optee_os/out/arm-plat-vexpress/export-ta_arm64/lib/libutee.a(trace_ext.o)
 .data          0x000000000002066c        0x0 /home/steven/Projects/optee-anchor-spike/optee_os/out/arm-plat-vexpress/export-ta_arm64/lib/libutee.a(tee_api.o)
 .data          0x000000000002066c        0x0 /home/steven/Projects/optee-anchor-spike/optee_os/out/arm-plat-vexpress/export-ta_arm64/lib/libutee.a(tee_api_operations.o)
 .data          0x000000000002066c        0x0 /home/steven/Projects/optee-anchor-spike/optee_os/out/arm-plat-vexpress/export-ta_arm64/lib/libutee.a(tee_api_panic.o)
 .data          0x000000000002066c        0x0 /home/steven/Projects/optee-anchor-spike/optee_os/out/arm-plat-vexpress/export-ta_arm64/lib/libutee.a(tee_system_pta.o)
 .data          0x000000000002066c        0x0 /home/steven/Projects/optee-anchor-spike/optee_os/out/arm-plat-vexpress/export-ta_arm64/lib/libutee.a(user_ta_entry.o)
 .data          0x000000000002066c        0x0 /home/steven/Projects/optee-anchor-spike/optee_os/out/arm-plat-vexpress/export-ta_arm64/lib/libutee.a(utee_syscalls_a64.o)
 .data          0x000000000002066c        0x0 /home/steven/Projects/optee-anchor-spike/optee_os/out/arm-plat-vexpress/export-ta_arm64/lib/libutee.a(abort.o)
 .data          0x000000000002066c        0x0 /home/steven/Projects/optee-anchor-spike/optee_os/out/arm-plat-vexpress/export-ta_arm64/lib/libutee.a(tee_api_arith_mpi.o)
 .data          0x000000000002066c        0x0 /home/steven/Projects/optee-anchor-spike/optee_os/out/arm-plat-vexpress/export-ta_arm64/lib/libutee.a(tee_api_objects.o)
 .data          0x000000000002066c        0x0 /home/steven/Projects/optee-anchor-spike/optee_os/out/arm-plat-vexpress/export-ta_arm64/lib/libutee.a(tee_api_property.o)
 .data          0x000000000002066c        0x0 /home/steven/Projects/optee-anchor-spike/optee_os/out/arm-plat-vexpress/export-ta_arm64/lib/libutee.a(tcb.o)
 .data          0x000000000002066c        0x0 /home/steven/Projects/optee-anchor-spike/optee_os/out/arm-plat-vexpress/export-ta_arm64/lib/libmbedtls.a(bignum.o)
 .data          0x000000000002066c        0x0 /home/steven/Projects/optee-anchor-spike/optee_os/out/arm-plat-vexpress/export-ta_arm64/lib/libmbedtls.a(bignum_core.o)
 .data          0x000000000002066c        0x0 /home/steven/Projects/optee-anchor-spike/optee_os/out/arm-plat-vexpress/export-ta_arm64/lib/libmbedtls.a(constant_time.o)
 .data          0x000000000002066c        0x0 /home/steven/Projects/optee-anchor-spike/optee_os/out/arm-plat-vexpress/export-ta_arm64/lib/libmbedtls.a(platform_util.o)
 .data          0x000000000002066c        0x0 /home/steven/Projects/optee-anchor-spike/optee_os/out/arm-plat-vexpress/export-ta_arm64/lib/libutils.a(snprintf.o)
 .data          0x000000000002066c        0x0 /home/steven/Projects/optee-anchor-spike/optee_os/out/arm-plat-vexpress/export-ta_arm64/lib/libutils.a(memmove.o)
 .data          0x000000000002066c        0x0 /home/steven/Projects/optee-anchor-spike/optee_os/out/arm-plat-vexpress/export-ta_arm64/lib/libutils.a(strcmp.o)
 .data          0x000000000002066c        0x0 /home/steven/Projects/optee-anchor-spike/optee_os/out/arm-plat-vexpress/export-ta_arm64/lib/libutils.a(strlcpy.o)
 .data          0x000000000002066c        0x0 /home/steven/Projects/optee-anchor-spike/optee_os/out/arm-plat-vexpress/export-ta_arm64/lib/libutils.a(mempool.o)
 .data          0x000000000002066c        0x0 /home/steven/Projects/optee-anchor-spike/optee_os/out/arm-plat-vexpress/export-ta_arm64/lib/libutils.a(consttime_memcmp.o)
 .data          0x000000000002066c        0x0 /home/steven/Projects/optee-anchor-spike/optee_os/out/arm-plat-vexpress/export-ta_arm64/lib/libutils.a(base64.o)

.bss            0x0000000000020670  0x18038d8
 *(SORT_BY_ALIGNMENT(.bss) SORT_BY_ALIGNMENT(.bss.*) SORT_BY_ALIGNMENT(.gnu.linkonce.b.*) SORT_BY_ALIGNMENT(COMMON))
 .bss           0x0000000000020670       0x18 ./anchor_ta.o
 .bss           0x0000000000020688        0x8 /home/steven/Projects/optee-anchor-spike/optee_os/out/arm-plat-vexpress/export-ta_arm64/lib/libutils.a(bget_malloc.o)
 .bss           0x0000000000020690       0x10 /home/steven/Projects/optee-anchor-spike/optee_os/out/arm-plat-vexpress/export-ta_arm64/lib/libutee.a(tee_api.o)
 .bss           0x00000000000206a0        0x8 /home/steven/Projects/optee-anchor-spike/optee_os/out/arm-plat-vexpress/export-ta_arm64/lib/libutee.a(tee_system_pta.o)
 .bss           0x00000000000206a8       0x6c /home/steven/Projects/optee-anchor-spike/optee_os/out/arm-plat-vexpress/export-ta_arm64/lib/libutee.a(user_ta_entry.o)
                0x00000000000206b8                __elf_phdr_info
                0x00000000000206c8                __ta_no_share_malloc_ctx
                0x00000000000206d0                ta_params
                0x0000000000020710                ta_param_types
 *fill*         0x0000000000020714        0x4 
 .bss           0x0000000000020718     0x3800 /home/steven/Projects/optee-anchor-spike/optee_os/out/arm-plat-vexpress/export-ta_arm64/lib/libutee.a(tee_api_arith_mpi.o)
 .bss           0x0000000000023f18       0x10 /home/steven/Projects/optee-anchor-spike/optee_os/out/arm-plat-vexpress/export-ta_arm64/lib/libutee.a(tcb.o)
 .bss           0x0000000000023f28        0x8 /home/steven/Projects/optee-anchor-spike/optee_os/out/arm-plat-vexpress/export-ta_arm64/lib/libmbedtls.a(bignum.o)
                0x0000000000023f28                mbedtls_mpi_mempool
 .bss           0x0000000000023f30        0x8 /home/steven/Projects/optee-anchor-spike/optee_os/out/arm-plat-vexpress/export-ta_arm64/lib/libmbedtls.a(constant_time.o)
                0x0000000000023f30                mbedtls_ct_zero
 .bss           0x0000000000023f38        0x8 ./shielded-field.o
 .bss           0x0000000000023f40        0x0 ./anchor-core.o
 .bss           0x0000000000023f40        0x0 ./shielded-simd.o
 .bss           0x0000000000023f40  0x1800001 ./user_ta_header.o
                0x0000000000023f41                ta_heap
                0x0000000000023f41                __ta_no_share_heap
 .bss           0x0000000001823f41        0x0 /home/steven/Projects/optee-anchor-spike/optee_os/out/arm-plat-vexpress/export-ta_arm64/lib/libutils.a(stack_check.o)
 .bss           0x0000000001823f41        0x0 /home/steven/Projects/optee-anchor-spike/optee_os/out/arm-plat-vexpress/export-ta_arm64/lib/libutils.a(memcmp.o)
 .bss           0x0000000001823f41        0x0 /home/steven/Projects/optee-anchor-spike/optee_os/out/arm-plat-vexpress/export-ta_arm64/lib/libutils.a(memcpy.o)
 .bss           0x0000000001823f41        0x0 /home/steven/Projects/optee-anchor-spike/optee_os/out/arm-plat-vexpress/export-ta_arm64/lib/libutils.a(memset.o)
 .bss           0x0000000001823f41        0x0 /home/steven/Projects/optee-anchor-spike/optee_os/out/arm-plat-vexpress/export-ta_arm64/lib/libutils.a(trace.o)
 .bss           0x0000000001823f41        0x0 /home/steven/Projects/optee-anchor-spike/optee_os/out/arm-plat-vexpress/export-ta_arm64/lib/libutils.a(snprintk.o)
 .bss           0x0000000001823f41        0x0 /home/steven/Projects/optee-anchor-spike/optee_os/out/arm-plat-vexpress/export-ta_arm64/lib/libutils.a(memchr.o)
 .bss           0x0000000001823f41        0x0 /home/steven/Projects/optee-anchor-spike/optee_os/out/arm-plat-vexpress/export-ta_arm64/lib/libutils.a(strlen.o)
 .bss           0x0000000001823f41        0x0 /home/steven/Projects/optee-anchor-spike/optee_os/out/arm-plat-vexpress/export-ta_arm64/lib/libutee.a(assert.o)
 .bss           0x0000000001823f41        0x0 /home/steven/Projects/optee-anchor-spike/optee_os/out/arm-plat-vexpress/export-ta_arm64/lib/libutee.a(trace_ext.o)
 .bss           0x0000000001823f41        0x0 /home/steven/Projects/optee-anchor-spike/optee_os/out/arm-plat-vexpress/export-ta_arm64/lib/libutee.a(tee_api_operations.o)
 .bss           0x0000000001823f41        0x0 /home/steven/Projects/optee-anchor-spike/optee_os/out/arm-plat-vexpress/export-ta_arm64/lib/libutee.a(tee_api_panic.o)
 .bss           0x0000000001823f41        0x0 /home/steven/Projects/optee-anchor-spike/optee_os/out/arm-plat-vexpress/export-ta_arm64/lib/libutee.a(utee_syscalls_a64.o)
 .bss           0x0000000001823f41        0x0 /home/steven/Projects/optee-anchor-spike/optee_os/out/arm-plat-vexpress/export-ta_arm64/lib/libutee.a(abort.o)
 .bss           0x0000000001823f41        0x0 /home/steven/Projects/optee-anchor-spike/optee_os/out/arm-plat-vexpress/export-ta_arm64/lib/libutee.a(tee_api_objects.o)
 .bss           0x0000000001823f41        0x0 /home/steven/Projects/optee-anchor-spike/optee_os/out/arm-plat-vexpress/export-ta_arm64/lib/libutee.a(tee_api_property.o)
 .bss           0x0000000001823f41        0x0 /home/steven/Projects/optee-anchor-spike/optee_os/out/arm-plat-vexpress/export-ta_arm64/lib/libmbedtls.a(bignum_core.o)
 .bss           0x0000000001823f41        0x0 /home/steven/Projects/optee-anchor-spike/optee_os/out/arm-plat-vexpress/export-ta_arm64/lib/libmbedtls.a(platform_util.o)
 .bss           0x0000000001823f41        0x0 /home/steven/Projects/optee-anchor-spike/optee_os/out/arm-plat-vexpress/export-ta_arm64/lib/libutils.a(snprintf.o)
 .bss           0x0000000001823f41        0x0 /home/steven/Projects/optee-anchor-spike/optee_os/out/arm-plat-vexpress/export-ta_arm64/lib/libutils.a(memmove.o)
 .bss           0x0000000001823f41        0x0 /home/steven/Projects/optee-anchor-spike/optee_os/out/arm-plat-vexpress/export-ta_arm64/lib/libutils.a(strcmp.o)
 .bss           0x0000000001823f41        0x0 /home/steven/Projects/optee-anchor-spike/optee_os/out/arm-plat-vexpress/export-ta_arm64/lib/libutils.a(strlcpy.o)
 .bss           0x0000000001823f41        0x0 /home/steven/Projects/optee-anchor-spike/optee_os/out/arm-plat-vexpress/export-ta_arm64/lib/libutils.a(mempool.o)
 .bss           0x0000000001823f41        0x0 /home/steven/Projects/optee-anchor-spike/optee_os/out/arm-plat-vexpress/export-ta_arm64/lib/libutils.a(consttime_memcmp.o)
 .bss           0x0000000001823f41        0x0 /home/steven/Projects/optee-anchor-spike/optee_os/out/arm-plat-vexpress/export-ta_arm64/lib/libutils.a(base64.o)
                0x0000000001823f48                . = ALIGN (0x8)
 *fill*         0x0000000001823f41        0x7 
                0x0000000001823f48                __ftrace_buf_start = .
                0x0000000001823f48                . = (. + DEFINED (_mcount)?0x800:0x0)
                0x0000000001823f48                __ftrace_buf_end = .

.dynbss         0x0000000001823f48        0x0
 .dynbss        0x0000000001823f48        0x0 ./anchor_ta.o

/DISCARD/
 *(SORT_BY_ALIGNMENT(.interp))
LOAD ./anchor_ta.o
LOAD ./anchor-core.o
LOAD ./shielded-simd.o
LOAD ./shielded-field.o
LOAD ./user_ta_header.o
START GROUP
LOAD /home/steven/Projects/optee-anchor-spike/optee_os/out/arm-plat-vexpress/export-ta_arm64/lib/libutils.a
LOAD /home/steven/Projects/optee-anchor-spike/optee_os/out/arm-plat-vexpress/export-ta_arm64/lib/libutee.a
LOAD /home/steven/Projects/optee-anchor-spike/optee_os/out/arm-plat-vexpress/export-ta_arm64/lib/libmbedtls.a
LOAD /home/steven/Projects/optee-anchor-spike/optee_os/out/arm-plat-vexpress/export-ta_arm64/lib/libdl.a
END GROUP
LOAD /home/steven/Projects/optee-anchor-spike/toolchains/aarch64/bin/../lib/gcc/aarch64-none-linux-gnu/14.3.1/libgcc.a
LOAD /home/steven/Projects/optee-anchor-spike/optee_os/out/arm-plat-vexpress/export-ta_arm64/lib/libutils.a
OUTPUT(6e3f9c52-8d41-4c07-9ab2-5ed01a847c33.elf elf64-littleaarch64)
LOAD linker stubs

.debug_info     0x0000000000000000    0x2b355
 .debug_info    0x0000000000000000      0xb37 ./anchor_ta.o
 .debug_info    0x0000000000000b37     0x13ab ./anchor-core.o
 .debug_info    0x0000000000001ee2     0x1ee2 ./shielded-simd.o
 .debug_info    0x0000000000003dc4      0x4db ./shielded-field.o
 .debug_info    0x000000000000429f      0x529 ./user_ta_header.o
 .debug_info    0x00000000000047c8     0x420e /home/steven/Projects/optee-anchor-spike/optee_os/out/arm-plat-vexpress/export-ta_arm64/lib/libutils.a(bget_malloc.o)
 .debug_info    0x00000000000089d6      0x144 /home/steven/Projects/optee-anchor-spike/optee_os/out/arm-plat-vexpress/export-ta_arm64/lib/libutils.a(stack_check.o)
 .debug_info    0x0000000000008b1a       0xef /home/steven/Projects/optee-anchor-spike/optee_os/out/arm-plat-vexpress/export-ta_arm64/lib/libutils.a(memcmp.o)
 .debug_info    0x0000000000008c09      0x130 /home/steven/Projects/optee-anchor-spike/optee_os/out/arm-plat-vexpress/export-ta_arm64/lib/libutils.a(memcpy.o)
 .debug_info    0x0000000000008d39       0xd3 /home/steven/Projects/optee-anchor-spike/optee_os/out/arm-plat-vexpress/export-ta_arm64/lib/libutils.a(memset.o)
 .debug_info    0x0000000000008e0c      0x70f /home/steven/Projects/optee-anchor-spike/optee_os/out/arm-plat-vexpress/export-ta_arm64/lib/libutils.a(trace.o)
 .debug_info    0x000000000000951b      0x935 /home/steven/Projects/optee-anchor-spike/optee_os/out/arm-plat-vexpress/export-ta_arm64/lib/libutils.a(snprintk.o)
 .debug_info    0x0000000000009e50       0xff /home/steven/Projects/optee-anchor-spike/optee_os/out/arm-plat-vexpress/export-ta_arm64/lib/libutils.a(memchr.o)
 .debug_info    0x0000000000009f4f       0xbf /home/steven/Projects/optee-anchor-spike/optee_os/out/arm-plat-vexpress/export-ta_arm64/lib/libutils.a(strlen.o)
 .debug_info    0x000000000000a00e      0x1b5 /home/steven/Projects/optee-anchor-spike/optee_os/out/arm-plat-vexpress/export-ta_arm64/lib/libutee.a(assert.o)
 .debug_info    0x000000000000a1c3      0x3d7 /home/steven/Projects/optee-anchor-spike/optee_os/out/arm-plat-vexpress/export-ta_arm64/lib/libutee.a(trace_ext.o)
 .debug_info    0x000000000000a59a     0x272a /home/steven/Projects/optee-anchor-spike/optee_os/out/arm-plat-vexpress/export-ta_arm64/lib/libutee.a(tee_api.o)
 .debug_info    0x000000000000ccc4     0x5c47 /home/steven/Projects/optee-anchor-spike/optee_os/out/arm-plat-vexpress/export-ta_arm64/lib/libutee.a(tee_api_operations.o)
 .debug_info    0x000000000001290b      0xa03 /home/steven/Projects/optee-anchor-spike/optee_os/out/arm-plat-vexpress/export-ta_arm64/lib/libutee.a(tee_api_panic.o)
 .debug_info    0x000000000001330e      0x94e /home/steven/Projects/optee-anchor-spike/optee_os/out/arm-plat-vexpress/export-ta_arm64/lib/libutee.a(tee_system_pta.o)
 .debug_info    0x0000000000013c5c     0x1752 /home/steven/Projects/optee-anchor-spike/optee_os/out/arm-plat-vexpress/export-ta_arm64/lib/libutee.a(user_ta_entry.o)
 .debug_info    0x00000000000153ae      0x3b5 /home/steven/Projects/optee-anchor-spike/optee_os/out/arm-plat-vexpress/export-ta_arm64/lib/libutee.a(utee_syscalls_a64.o)
 .debug_info    0x0000000000015763       0xf1 /home/steven/Projects/optee-anchor-spike/optee_os/out/arm-plat-vexpress/export-ta_arm64/lib/libutee.a(abort.o)
 .debug_info    0x0000000000015854     0x523d /home/steven/Projects/optee-anchor-spike/optee_os/out/arm-plat-vexpress/export-ta_arm64/lib/libutee.a(tee_api_arith_mpi.o)
 .debug_info    0x000000000001aa91     0x2efa /home/steven/Projects/optee-anchor-spike/optee_os/out/arm-plat-vexpress/export-ta_arm64/lib/libutee.a(tee_api_objects.o)
 .debug_info    0x000000000001d98b     0x1985 /home/steven/Projects/optee-anchor-spike/optee_os/out/arm-plat-vexpress/export-ta_arm64/lib/libutee.a(tee_api_property.o)
 .debug_info    0x000000000001f310      0x8b9 /home/steven/Projects/optee-anchor-spike/optee_os/out/arm-plat-vexpress/export-ta_arm64/lib/libutee.a(tcb.o)
 .debug_info    0x000000000001fbc9     0x5bbc /home/steven/Projects/optee-anchor-spike/optee_os/out/arm-plat-vexpress/export-ta_arm64/lib/libmbedtls.a(bignum.o)
 .debug_info    0x0000000000025785     0x3921 /home/steven/Projects/optee-anchor-spike/optee_os/out/arm-plat-vexpress/export-ta_arm64/lib/libmbedtls.a(bignum_core.o)
 .debug_info    0x00000000000290a6      0xf5f /home/steven/Projects/optee-anchor-spike/optee_os/out/arm-plat-vexpress/export-ta_arm64/lib/libmbedtls.a(constant_time.o)
 .debug_info    0x000000000002a005      0x259 /home/steven/Projects/optee-anchor-spike/optee_os/out/arm-plat-vexpress/export-ta_arm64/lib/libmbedtls.a(platform_util.o)
 .debug_info    0x000000000002a25e      0x29f /home/steven/Projects/optee-anchor-spike/optee_os/out/arm-plat-vexpress/export-ta_arm64/lib/libutils.a(snprintf.o)
 .debug_info    0x000000000002a4fd       0xfb /home/steven/Projects/optee-anchor-spike/optee_os/out/arm-plat-vexpress/export-ta_arm64/lib/libutils.a(memmove.o)
 .debug_info    0x000000000002a5f8       0xb4 /home/steven/Projects/optee-anchor-spike/optee_os/out/arm-plat-vexpress/export-ta_arm64/lib/libutils.a(strcmp.o)
 .debug_info    0x000000000002a6ac      0x123 /home/steven/Projects/optee-anchor-spike/optee_os/out/arm-plat-vexpress/export-ta_arm64/lib/libutils.a(strlcpy.o)
 .debug_info    0x000000000002a7cf      0x71b /home/steven/Projects/optee-anchor-spike/optee_os/out/arm-plat-vexpress/export-ta_arm64/lib/libutils.a(mempool.o)
 .debug_info    0x000000000002aeea      0x132 /home/steven/Projects/optee-anchor-spike/optee_os/out/arm-plat-vexpress/export-ta_arm64/lib/libutils.a(consttime_memcmp.o)
 .debug_info    0x000000000002b01c      0x339 /home/steven/Projects/optee-anchor-spike/optee_os/out/arm-plat-vexpress/export-ta_arm64/lib/libutils.a(base64.o)

.debug_abbrev   0x0000000000000000     0x5cad
 .debug_abbrev  0x0000000000000000      0x31b ./anchor_ta.o
 .debug_abbrev  0x000000000000031b      0x3b3 ./anchor-core.o
 .debug_abbrev  0x00000000000006ce      0x3b0 ./shielded-simd.o
 .debug_abbrev  0x0000000000000a7e      0x199 ./shielded-field.o
 .debug_abbrev  0x0000000000000c17      0x1fb ./user_ta_header.o
 .debug_abbrev  0x0000000000000e12      0x584 /home/steven/Projects/optee-anchor-spike/optee_os/out/arm-plat-vexpress/export-ta_arm64/lib/libutils.a(bget_malloc.o)
 .debug_abbrev  0x0000000000001396       0xb2 /home/steven/Projects/optee-anchor-spike/optee_os/out/arm-plat-vexpress/export-ta_arm64/lib/libutils.a(stack_check.o)
 .debug_abbrev  0x0000000000001448       0x95 /home/steven/Projects/optee-anchor-spike/optee_os/out/arm-plat-vexpress/export-ta_arm64/lib/libutils.a(memcmp.o)
 .debug_abbrev  0x00000000000014dd       0xbb /home/steven/Projects/optee-anchor-spike/optee_os/out/arm-plat-vexpress/export-ta_arm64/lib/libutils.a(memcpy.o)
 .debug_abbrev  0x0000000000001598       0xa3 /home/steven/Projects/optee-anchor-spike/optee_os/out/arm-plat-vexpress/export-ta_arm64/lib/libutils.a(memset.o)
 .debug_abbrev  0x000000000000163b      0x2bf /home/steven/Projects/optee-anchor-spike/optee_os/out/arm-plat-vexpress/export-ta_arm64/lib/libutils.a(trace.o)
 .debug_abbrev  0x00000000000018fa      0x2f9 /home/steven/Projects/optee-anchor-spike/optee_os/out/arm-plat-vexpress/export-ta_arm64/lib/libutils.a(snprintk.o)
 .debug_abbrev  0x0000000000001bf3       0xb4 /home/steven/Projects/optee-anchor-spike/optee_os/out/arm-plat-vexpress/export-ta_arm64/lib/libutils.a(memchr.o)
 .debug_abbrev  0x0000000000001ca7       0x85 /home/steven/Projects/optee-anchor-spike/optee_os/out/arm-plat-vexpress/export-ta_arm64/lib/libutils.a(strlen.o)
 .debug_abbrev  0x0000000000001d2c       0xbd /home/steven/Projects/optee-anchor-spike/optee_os/out/arm-plat-vexpress/export-ta_arm64/lib/libutee.a(assert.o)
 .debug_abbrev  0x0000000000001de9      0x1c4 /home/steven/Projects/optee-anchor-spike/optee_os/out/arm-plat-vexpress/export-ta_arm64/lib/libutee.a(trace_ext.o)
 .debug_abbrev  0x0000000000001fad      0x55e /home/steven/Projects/optee-anchor-spike/optee_os/out/arm-plat-vexpress/export-ta_arm64/lib/libutee.a(tee_api.o)
 .debug_abbrev  0x000000000000250b      0x530 /home/steven/Projects/optee-anchor-spike/optee_os/out/arm-plat-vexpress/export-ta_arm64/lib/libutee.a(tee_api_operations.o)
 .debug_abbrev  0x0000000000002a3b      0x21f /home/steven/Projects/optee-anchor-spike/optee_os/out/arm-plat-vexpress/export-ta_arm64/lib/libutee.a(tee_api_panic.o)