CAPTURE BEGIN label=su-01 path=/data/user/0/host.enclave.anchor.avf/files/capture/su-01.log cap_bytes=16777216
HOST start payload=libanchor.so debug=0 mem=8192MiB worker=127.0.0.1:9500 mode=local host=Main
GATE device=Pixel 10 Pro XL sdk=37 vendor_api_level=202504 board_api_level=202604
GATE capabilities=3 protected_vm=true remote_attestation=true updatable_vm=true
GATE SUPPORTED
HOST VirtualMachineConfig.Builder ALL: setApkPath setConnectVmConsole setConsoleInputDevice setCpuTopology setCustomImageConfig setDebugLevel setDisableUpdatability setEncryptedStorageBytes setMemoryBytes setOs setPayloadBinaryName setPayloadConfigPath setProtectedVm setShouldBoostUclamp setShouldRamdump setShouldUseHugepages setVendorDiskImage setVmConsoleInputSupported setVmOutputCaptured 
HOST VirtualMachine ALL: $r8$lambda$jE9hC_Yw8T-C1lFix_Seicfe55E addDisplay binderFromPreconnectedClient clearCallback close connectToVsockServer connectVsock enableTestAttestation equals getActualMemoryBalloonBytes getCid getClass getConfig getConsoleInput getConsoleOutput getDisplays getGuestAgent getLogOutput getName getRootDir getStatus hashCode notify notifyAll removeDisplay resume run sendKeyEvent sendLidEvent sendMouseEvent sendMultiTouchEvent sendTabletModeEvent sendTrackpadEvent setCallback setConfig setMemoryBalloon setMemoryBalloonByPercent setTouchScale stop suspend toDescriptor toString wait wait wait 
HOST AVF feature com.android.kvm.NETWORK: true
HOST vCPU uclamp boost: requested
HOST encrypted storage 6144 MiB: set
HOST config protected=true debug=0
HOST VM instance 'anchorlocal' mem=8192 MiB storage=6144 MiB
HOST VM instance 'anchorlocal' EFFECTIVE mem=7168 MiB storage=6144 MiB (requested mem=8192 storage=6144)
HOST vm.run() returned, status=1
VM cb onGuestAgentRegistered
VM payload started
VM payload ready
PADS send cap: guest=0 cache=0
PADS direct fill: enabled=0
CONTROL connected
VSOCK SPKI 302a300506032b65700321007f5053c0867f105767de69a0141612b0b8fd9ab975ddca86fa2471b1a2280480
VSOCK PADKEY b7d35778651e1eddb644ea2e0d8c09ec9eea21a5ed1c045217cad46dd920925c
CONTROL challenge=1f64e3a5d697c42935cd16efe895f0e6a5a545aadb25c75cbc4a24d393df1fbc
VSOCK PINS mode=dev ledger=app model=unpinned prefix=app sha256=arm_sha2
VSOCK STORAGE /mnt/encryptedstore fstype=0xef53 total=5983 MiB avail=781 MiB fs-verity=refused: Permission denied userfaultfd=Operation not permitted ram=7011 MiB vm-…(190)
VSOCK STORAGE2 selinux=u:r:microdroid_app:s0 measure=Permission denied enable-after-chmod=Permission denied authfs=0 authfs_service=0 /dev/fuse=1(Permission denied)
VSOCK STORAGE2 mount=[/dev/block/mapper/crypt /mnt/encryptedstore ext4 rw,fscontext=u:object_r:encryptedstore_fs:s0,context=u:object_r:encryptedstore_file:s0,nosuid,n…(193)
VSOCK STORAGE3 userfaultfd(USER_MODE_ONLY)=open: Permission denied
VSOCK ANCHOR start in pVM apk=/mnt/apk control=owner-connected
VSOCK ANCHOR cpu nproc=8 features= fp asimd evtstrm aes pmull sha1 sha2 crc32 atomics fphp asimdhp cpuid asimdrdm jscvt fcma lrcpc dcpop sha3 sm3 sm4 asimddp sha512 s…(308)
VSOCK ATTEST no BOUND: certificate only, nothing signed
VSOCK ATTEST status=The remote attestation completes successfully. code=0
VSOCK ATTEST certs=5
VSOCK CERT0 bytes=567 chunks=2
VSOCK CERT0[0] 30820233308201d9a0030201020211008d40a88746082437810ffed5af985cd4300a06082a8648ce3d0403023039310c300a060355040a13034156463129302706035504031320373662666…(1033)
VSOCK CERT0[1] 354e74a3ec2a854acaa77ae232ac2deb5eb447cc9602201da210b5c27231320a4cf4180df9c92fda8e97e845ec79bf13c7856dfb6e1f37
VSOCK CERT1 bytes=501 chunks=1
VSOCK CERT1[0] 308201f130820197a003020102021076bfa19ea075cbc0eeffa67fd2075e6f300a06082a8648ce3d040302302931133011060355040a130a476f6f676c65204c4c433112301006035504031…(1011)
VSOCK CERT2 bytes=754 chunks=2
VSOCK CERT2[0] 308202ee30820275a0030201020213380c9a70b7517476eb7163f9efd6f188702ce8300a06082a8648ce3d040303302931133011060355040a130a476f6f676c65204c4c433112301006035…(1033)
VSOCK CERT2[1] 047b30793077a075a0738671687474703a2f2f7072697661746563612d636f6e74656e742d36393865313061392d303030302d323237362d626431302d3838336432346632653637632e737…(493)
VSOCK CERT3 bytes=618 chunks=2
VSOCK CERT3[0] 30820266308201eba003020102021100924250191903e3ba65320efd6a2085fb300a06082a8648ce3d0403033052311c301a06035504030c134b6579204174746573746174696f6e2043413…(1033)
VSOCK CERT3[1] 69003066023100f4dbc058fab59924fd523ff5373c4939c04d5a3de504a052d30c350ac748c75ecc3d6255f7e2ec6e3792cfa41873548e023100b017cd6a2d3d15a1bd4a07d10829375034f…(221)
VSOCK CERT4 bytes=550 chunks=2
VSOCK CERT4[0] 30820222308201a8a00302010202110084a9d0297b0eb58ae7ff0e80de760605300a06082a8648ce3d0403033052311c301a06035504030c134b6579204174746573746174696f6e2043413…(1033)
VSOCK CERT4[1] 46445889b5010e393a7ffacd46731798b91db387ff34950caef6f0050a3e84e005dcfa8b2646
VSOCK ATTEST end
MODEL already in the VM's encrypted storage (3204 MiB), not streamed
VSOCK ENGINE model 3204 MiB already in the VM's encrypted storage
VSOCK MODEL table: 601 tensors, header 15819080 bytes retained, data at 15819104, digests from the pin's own read (arm_sha2)
VSOCK MODEL ok 5bf274a5a82cc4fbb05d7a35d2566dc2074eaef8f64a2741ec812dc65089fc48 (unpinned: hashed only)
LOCAL plan: /data/user/0/host.enclave.anchor.avf/files/model.gguf (3204 MiB), 6 threads, ctx 4096, scripted turns
LOCAL loading: the VM is staging and loading the model
VSOCK ANCHOR local mode: the whole model runs in this VM
VSOCK MODEL ok 5bf274a5a82cc4fbb05d7a35d2566dc2074eaef8f64a2741ec812dc65089fc48 (staged already, unchanged)
VSOCK LOCAL listening on vsock 7781 for the conversation; model 3360161216 bytes, 6 threads, ctx 4096
VSOCK LOCAL verified loader: 602 tensors (3504.4 MiB) hashed against the staged table before use: 316 repacked from verified bytes, 286 plain CPU
VSOCK LOCAL context ready: ctx 4096, 6 threads (decode 6), persistent pool=yes (poll 50, verify 0), model loaded in 57.4 s
LOCAL ready: {ctx=4096, threads=6, vocab=262144, model=5bf274a5a82cc4fbb05d7a35d2566dc2074eaef8f64a2741ec812dc65089fc48, load_s=57.4}
LOCAL ask sha256=a3ffb85827a3dc436d1ad5b3f44802d8b7a8ed63cfbadcf261f82a19b0838228 bytes=410
VSOCK LOCAL turn 1: status=budget prefill_tokens=31 prefill_tok_s=104.35 decode_tokens=512 decode_tok_s=12.36 ctx_used=543 ctx=4096
LOCAL turn 1 window boottime_ms start=355970840 first=355971143 end=356012555
LOCAL turn 1 Q: Explain in detail how a hash table works, including hashing, collisions, resizing and the cost of each operation.
LOCAL turn 1 A: ## How a Hash Table Works: A Detailed Explanation\n\nA **hash table** is a fundamental data structure designed for **efficient storage and retrieval of data**. It achieves near-constant time complexity for operations like insertion, deletion, and lookup by using a technique called **hashing** to map keys directly to indices within an underlying array.\n\nThink of it like a sophisticated filing system where you don't look up a file by its name in a directory, but by a unique numerical code that tells you exactly which shelf (index) to check.\n\nHere is a detailed breakdown of its components, processes, and performance considerations:\n\n---\n\n### 1. Core Components\n\nA hash table primarily consists of three parts:\n\n1. **The Array (or Bucket Table):** This is the underlying storage mechanism. It is a fixed-size array where the indices represent potential locations for data.\n2. **The Key-Value Pairs:** The actual data you want to store. Each entry consists of a **Key** (used for lookup) and a **Value** (the data being stored).\n3. **The Hash Function:** The crucial mathematical engine that converts the input **Key** into an integer index that points to a specific location in the array.\n\n### 2. The Process: Step-by-Step\n\nThe operation of a hash table involves three main steps:\n\n#### A. Hashing (The Mapping)\n\nThe goal of hashing is to take an arbitrary input key (which could be a string, an object, or a number) and transform it into a valid index within the bounds of the array.\n\n**The Formula:**\n$$\text{Index} = \text{HashFunction}(\text{Key}) \pmod{\text{ArraySize}}$$\n\n**Detailed Explanation:**\n\n1. **Input Key:** You provide a key (e.g., the string "Alice").\n2. **Hash Function:** A deterministic function (like the modulo operator, or more complex mathematical functions) processes this key. For strings, this often involves summing up ASCII values and multiplying them by prime numbers.\n3. **Modulo Operation ($\pmod{\text{ArraySize}}$):** Since the resulting hash value could be any large integer, the modulo operator ensures that the result is constrained to fall within the valid index range of the array (i.e., $0$ to $\text{ArraySize} - 1$).\n\n**Example:** If the array size is 10, and the hash function returns
LOCAL turn 1 STATS {status=budget, prefill_tokens=31, prefill_tok_s=104.35, decode_tokens=512, decode_tok_s=12.36, ctx_used=543, ctx=4096}
LOCAL turn 2 window boottime_ms start=356012565 first=356013059 end=356081862
LOCAL turn 2 Q: Now write a complete Python implementation of a hash table with separate chaining, with comments.
LOCAL turn 2 A: ## Python Implementation of a Hash Table using Separate Chaining\n\nSeparate chaining is a technique used to handle **collisions** in hash tables. Instead of storing a single value at an array index, each index stores a **linked list** (or another data structure) that holds all the key-value pairs that hash to that same index.\n\nThis implementation uses Python's built-in `list` to represent the buckets, and nested `dict`s or simple tuples to represent the chains.\n\n```python\nclass HashTableSeparateChaining:\n    """\n    A Hash Table implementation using Separate Chaining to resolve collisions.\n    """\n    def __init__(self, capacity=10):\n        """\n        Initializes the hash table with a specified capacity for the array.\n\n        Args:\n            capacity (int): The initial number of buckets in the array.\n        """\n        # 1. Initialize the array (buckets). Each bucket will hold a list (the chain).\n        self.capacity = capacity\n        self.table = [[] for _ in range(capacity)]\n        self.size = 0  # Tracks the total number of elements stored\n\n    def _hash(self, key):\n        """\n        The core hashing function. Converts a key into an index within the array bounds.\n\n        Args:\n            key: The input key (must be convertible to an integer).\n\n        Returns:\n            int: The calculated index (bucket number).\n        """\n        # Use Python's built-in hash() function for general objects, \n        # and then modulo to fit the array size.\n        return hash(key) % self.capacity\n\n    def insert(self, key, value):\n        """\n        Inserts or updates a key-value pair in the hash table.\n\n        Args:\n            key: The key to be stored.\n            value: The value associated with the key.\n        """\n        index = self._hash(key)\n        bucket = self.table[index]\n\n        # Check if the key already exists in the chain (for updating)\n        for i, (existing_key, _) in enumerate(bucket):\n            if existing_key == key:\n                # Key found: Update the value and return\n                bucket[i] = (key, value)\n                return\n\n        # Key not found: Append the new key-value pair to
LOCAL turn 2 STATS {status=budget, prefill_tokens=27, prefill_tok_s=56.11, decode_tokens=512, decode_tok_s=7.44, ctx_used=1082, ctx=4096}
VSOCK LOCAL turn 2: status=budget prefill_tokens=27 prefill_tok_s=56.11 decode_tokens=512 decode_tok_s=7.44 ctx_used=1082 ctx=4096
VSOCK LOCAL turn 3: status=budget prefill_tokens=29 prefill_tok_s=35.70 decode_tokens=512 decode_tok_s=6.56 ctx_used=1623 ctx=4096
LOCAL turn 3 window boottime_ms start=356081863 first=356082688 end=356160769
LOCAL turn 3 Q: Explain the difference between TCP and UDP in detail, with an example of when to use each.
LOCAL turn 3 A: ## TCP vs. UDP: A Detailed Comparison\n\n**TCP (Transmission Control Protocol)** and **UDP (User Datagram Protocol)** are the two primary transport layer protocols used in the Internet Protocol (IP) suite. They govern how data is sent between applications on a network. The fundamental difference lies in the **level of service** they provide: **TCP is connection-oriented and reliable**, whereas **UDP is connectionless and fast (unreliable)**.\n\nHere is a detailed breakdown of their differences, mechanisms, and use cases.\n\n---\n\n### 1. TCP (Transmission Control Protocol)\n\nTCP is a **connection-oriented** protocol. It establishes a formal, reliable connection between two devices (endpoints) before any data is transferred. Think of TCP like a formal phone call where you must dial, confirm the other person is there, and agree on the terms before speaking.\n\n#### Key Features of TCP:\n\n1. **Reliability (Guaranteed Delivery):**\n    * **Mechanism:** TCP uses a mechanism called **acknowledgments (ACKs)** and **retransmission timers**. If a sender transmits a block of data and doesn't receive an ACK within a certain timeframe, it assumes the data was lost and automatically **retransmits** that data.\n    * **Result:** Data is guaranteed to arrive at the destination exactly as it was sent.\n\n2. **Ordered Delivery (Sequencing):**\n    * **Mechanism:** TCP assigns a sequence number to every segment (block of data) it sends. The receiver uses these numbers to put the segments back into the correct order, even if they arrive out of sequence.\n    * **Result:** Data integrity is maintained; the recipient gets a perfectly reconstructed stream of data.\n\n3. **Flow Control:**\n    * **Mechanism:** TCP manages the rate of data transmission between the sender and receiver. It ensures that a fast sender doesn't overwhelm a slow receiver by pausing the transmission when necessary.\n\n4. **Connection Setup and Teardown:**\n    * **Mechanism:** TCP requires a formal **three-way handshake** (SYN, SYN-ACK, ACK) to establish a connection, and a formal process to close the connection.\n\n#### ⚙️ When to Use TCP (Reliability is Crucial):\n\nTCP is ideal for applications where **data integrity and order are non-negotiable**, even if it means slightly slower performance.\n\n* **Web Browsing (HTTP/HTTPS):** You need every piece of HTML, CSS
LOCAL turn 3 STATS {status=budget, prefill_tokens=29, prefill_tok_s=35.70, decode_tokens=512, decode_tok_s=6.56, ctx_used=1623, ctx=4096}
VSOCK LOCAL turn 4: status=budget prefill_tokens=30 prefill_tok_s=32.33 decode_tokens=512 decode_tok_s=6.35 ctx_used=2165 ctx=4096
LOCAL turn 4 window boottime_ms start=356160780 first=356161764 end=356242331
LOCAL turn 4 Q: Write a detailed step-by-step guide to creating a Python virtual environment and managing its dependencies.
LOCAL turn 4 A: ## Detailed Step-by-Step Guide to Creating and Managing Python Virtual Environments\n\nCreating and using **virtual environments** is a cornerstone of modern Python development. It allows you to isolate project dependencies, ensuring that different projects requiring different versions of the same library don't interfere with each other.\n\nThis guide will walk you through the process using the standard Python module, `venv` (recommended for Python 3.3+), and briefly mention `conda` as an alternative.\n\n### Prerequisites\n\n1. **Python Installed:** Ensure you have a working version of Python (3.3 or newer is recommended).\n2. **Command Line Access:** You need access to your terminal (macOS/Linux) or Command Prompt/PowerShell (Windows).\n\n---\n\n### Phase 1: Creating the Virtual Environment\n\nThe goal of this phase is to create a self-contained, isolated folder that will house a specific project and its own set of installed packages.\n\n#### Step 1: Navigate to Your Project Directory\n\nOpen your terminal and navigate to the folder where you want to start your new project. If the folder doesn't exist, create it.\n\n```bash\n# Example: Create a new folder for a project named 'data_analyzer'\nmkdir data_analyzer\ncd data_analyzer\n```\n\n#### Step 2: Create the Virtual Environment\n\nUse the `venv` module to create the environment. It is conventional to name the environment folder something simple, like `.venv` or `env`.\n\n**For macOS/Linux:**\n```bash\npython3 -m venv .venv\n```\n\n**For Windows (using standard `python` command):**\n```bash\npython -m venv .venv\n```\n*(Note: The name `.venv` is a convention; you can name it anything, but `.venv` is widely recognized.)*\n\n**What just happened?**\nThis command creates a new directory named `.venv` inside your current project folder. This directory contains a clean copy of the Python interpreter and its own structure, completely separate from your global Python installation.\n\n---\n\n### Phase 2: Activating the Virtual Environment\n\nBefore you can use the isolated environment, you must **activate** it. Activation modifies your shell's path so that when you type `python` or `pip`, it points to the versions inside your new environment, not the global ones.\n\n#### Step 3: Activate the Environment\n\n**For macOS/Linux:**\n```bash\n
LOCAL turn 4 STATS {status=budget, prefill_tokens=30, prefill_tok_s=32.33, decode_tokens=512, decode_tok_s=6.35, ctx_used=2165, ctx=4096}
LOCAL done: 4 scripted turns
VSOCK LOCAL engine ending after 4 turns
VSOCK LOCAL exit 0
VSOCK END
CONTROL closed after 12 lines
CAPTURE END label=su-01 lines=85 bytes=17231 status=complete
