CAPTURE BEGIN label=qs1-13 path=/data/user/0/host.enclave.anchor.avf/files/capture/qs1-13.log cap_bytes=16777216
HOST start payload=libanchor.so debug=0 mem=8192MiB worker=127.0.0.1:9500 mode=local host=Main
GATE device=Pixel 10 Pro XL sdk=37 vendor_api_level=202504 board_api_level=202604
GATE capabilities=3 protected_vm=true remote_attestation=true updatable_vm=true
GATE SUPPORTED
HOST VirtualMachineConfig.Builder ALL: setApkPath setConnectVmConsole setConsoleInputDevice setCpuTopology setCustomImageConfig setDebugLevel setDisableUpdatability setEncryptedStorageBytes setMemoryBytes setOs setPayloadBinaryName setPayloadConfigPath setProtectedVm setShouldBoostUclamp setShouldRamdump setShouldUseHugepages setVendorDiskImage setVmConsoleInputSupported setVmOutputCaptured 
HOST VirtualMachine ALL: $r8$lambda$jE9hC_Yw8T-C1lFix_Seicfe55E addDisplay binderFromPreconnectedClient clearCallback close connectToVsockServer connectVsock enableTestAttestation equals getActualMemoryBalloonBytes getCid getClass getConfig getConsoleInput getConsoleOutput getDisplays getGuestAgent getLogOutput getName getRootDir getStatus hashCode notify notifyAll removeDisplay resume run sendKeyEvent sendLidEvent sendMouseEvent sendMultiTouchEvent sendTabletModeEvent sendTrackpadEvent setCallback setConfig setMemoryBalloon setMemoryBalloonByPercent setTouchScale stop suspend toDescriptor toString wait wait wait 
HOST AVF feature com.android.kvm.NETWORK: true
HOST vCPU uclamp boost: requested
HOST encrypted storage 6144 MiB: set
HOST config protected=true debug=0
HOST VM instance 'anchorlocal' mem=8192 MiB storage=6144 MiB
HOST VM instance 'anchorlocal' EFFECTIVE mem=7168 MiB storage=6144 MiB (requested mem=8192 storage=6144)
HOST vm.run() returned, status=1
VM cb onGuestAgentRegistered
VM payload started
VM payload ready
PADS send cap: guest=0 cache=0
PADS direct fill: enabled=0
CONTROL connected
VSOCK SPKI 302a300506032b6570032100a15f14075cad4ad55647db1b7dd9db49b106f0d2c31c389e34345d2a1949934f
VSOCK PADKEY 7a362f7b988a059f074a50973e851a6c2f2fb93b9bcc7f4552ea1df098a2f959
CONTROL challenge=ad82aac3f6d81a673976432e056f05f954669de553155b2e674010558f3268d7
VSOCK PINS mode=dev ledger=app model=unpinned prefix=app sha256=arm_sha2
VSOCK STORAGE /mnt/encryptedstore fstype=0xef53 total=5983 MiB avail=781 MiB fs-verity=refused: Permission denied userfaultfd=Operation not permitted ram=7011 MiB vm-…(190)
VSOCK STORAGE2 selinux=u:r:microdroid_app:s0 measure=Permission denied enable-after-chmod=Permission denied authfs=0 authfs_service=0 /dev/fuse=1(Permission denied)
VSOCK STORAGE2 mount=[/dev/block/mapper/crypt /mnt/encryptedstore ext4 rw,fscontext=u:object_r:encryptedstore_fs:s0,context=u:object_r:encryptedstore_file:s0,nosuid,n…(193)
VSOCK STORAGE3 userfaultfd(USER_MODE_ONLY)=open: Permission denied
VSOCK ANCHOR start in pVM apk=/mnt/apk control=owner-connected
VSOCK ANCHOR cpu nproc=8 features= fp asimd evtstrm aes pmull sha1 sha2 crc32 atomics fphp asimdhp cpuid asimdrdm jscvt fcma lrcpc dcpop sha3 sm3 sm4 asimddp sha512 s…(308)
VSOCK ATTEST no BOUND: certificate only, nothing signed
VSOCK ATTEST status=The remote attestation completes successfully. code=0
VSOCK ATTEST certs=5
VSOCK CERT0 bytes=566 chunks=2
VSOCK CERT0[0] 30820232308201d8a00302010202107242b16708bd93b57d5e274e49d94f81300a06082a8648ce3d0403023039310c300a060355040a1303415646312930270603550403132037366266613…(1033)
VSOCK CERT0[1] b3bd8d78ecb1fc5af3b8db58b3e155ecc748b4022100960c04bbe184b8cfff8187ac53aaa98ce815f5354fd4a548757abe4f6e1eeedb
VSOCK CERT1 bytes=501 chunks=1
VSOCK CERT1[0] 308201f130820197a003020102021076bfa19ea075cbc0eeffa67fd2075e6f300a06082a8648ce3d040302302931133011060355040a130a476f6f676c65204c4c433112301006035504031…(1011)
VSOCK CERT2 bytes=754 chunks=2
VSOCK CERT2[0] 308202ee30820275a0030201020213380c9a70b7517476eb7163f9efd6f188702ce8300a06082a8648ce3d040303302931133011060355040a130a476f6f676c65204c4c433112301006035…(1033)
VSOCK CERT2[1] 047b30793077a075a0738671687474703a2f2f7072697661746563612d636f6e74656e742d36393865313061392d303030302d323237362d626431302d3838336432346632653637632e737…(493)
VSOCK CERT3 bytes=618 chunks=2
VSOCK CERT3[0] 30820266308201eba003020102021100924250191903e3ba65320efd6a2085fb300a06082a8648ce3d0403033052311c301a06035504030c134b6579204174746573746174696f6e2043413…(1033)
VSOCK CERT3[1] 69003066023100f4dbc058fab59924fd523ff5373c4939c04d5a3de504a052d30c350ac748c75ecc3d6255f7e2ec6e3792cfa41873548e023100b017cd6a2d3d15a1bd4a07d10829375034f…(221)
VSOCK CERT4 bytes=550 chunks=2
VSOCK CERT4[0] 30820222308201a8a00302010202110084a9d0297b0eb58ae7ff0e80de760605300a06082a8648ce3d0403033052311c301a06035504030c134b6579204174746573746174696f6e2043413…(1033)
VSOCK CERT4[1] 46445889b5010e393a7ffacd46731798b91db387ff34950caef6f0050a3e84e005dcfa8b2646
VSOCK ATTEST end
MODEL already in the VM's encrypted storage (3204 MiB), not streamed
VSOCK ENGINE model 3204 MiB already in the VM's encrypted storage
VSOCK MODEL table: 601 tensors, header 15819080 bytes retained, data at 15819104, digests from the pin's own read (arm_sha2)
VSOCK MODEL ok 5bf274a5a82cc4fbb05d7a35d2566dc2074eaef8f64a2741ec812dc65089fc48 (unpinned: hashed only)
LOCAL plan: /data/user/0/host.enclave.anchor.avf/files/model.gguf (3204 MiB), 6 threads, ctx 4096, scripted turns
LOCAL loading: the VM is staging and loading the model
VSOCK ANCHOR local mode: the whole model runs in this VM
VSOCK MODEL ok 5bf274a5a82cc4fbb05d7a35d2566dc2074eaef8f64a2741ec812dc65089fc48 (staged already, unchanged)
TPU worker: thread priority -19, ADPF hint session held
drafter sha256=2b1966f08823eba80408ee34d1265f047f30f65cb60dc2c6aaf00bc882285ef2 (hashed in 217 ms)
TPU worker: 35 compiled blocks loaded in 664 ms
TPU bundle sha256=b9a24410c23b639fc654c73e8f645ca72d7827d50db45d8dde097abd1ca26358 (hashed in 1684 ms)
TPU bench (ms per Run, min/mean): L0.qkv 0.60/1.12 L0.qkv+3ms-gap 0.88/1.32 L0.o 0.79/1.31 L0.o+3ms-gap 1.10/1.40 L0.gu 1.65/2.26 L0.gu+3ms-gap 1.79/2.32 L0.down 1.33/1.56 L0.down+3ms-gap 1.21/1.77 L20.qkv 0.61/1.13 L20.qkv+3ms-gap 0.81/1.38 L20.o 0.99/1.43 L20.o+3ms-gap 0.98/1.63 L20.gu 2.80/3.14 L20.gu+3ms-gap 3.32/3.89 L20.down 1.94/2.20 L20.down+3ms-gap 2.21/2.73
TPU worker: link poll before sleeping 0 us
TPU worker: serving masked rows
TPU bundle already in the VM's encrypted storage (1757 MiB, same sha256), not streamed
VSOCK LOCAL tpu.bundle: already in the encrypted store (1757 MiB, sha256 b9a24410c23b639f..., re-hashed in 26.2 s)
VSOCK LOCAL tpu: worker connected; masked rows only cross this link
drafter already in the VM's encrypted storage (162 MiB, same sha256), not streamed
VSOCK LOCAL draft.gguf: already in the encrypted store (162 MiB, sha256 2b1966f08823eba8..., re-hashed in 2.1 s)
VSOCK LOCAL listening on vsock 7781 for the conversation; model 3360161216 bytes, 6 threads, ctx 4096
VSOCK LOCAL tpu: backend loaded, bundle open, worker link set (5 rows per exchange)
VSOCK LOCAL verified loader: 602 tensors (3504.4 MiB) hashed against the staged table before use: 71 repacked from verified bytes, 531 plain CPU
VSOCK LOCAL context ready: ctx 4096, 6 threads (decode 2), persistent pool=yes (poll 50, verify 0), model loaded in 52.2 s
VSOCK LOCAL tpu: lane bundle paged in from the encrypted store in 2.4 s (NOT locked: it can be evicted) | mem available 1937 MiB, page cache 2062 MiB, major faults 99
LOCAL ready: {ctx=4096, threads=6, vocab=262144, model=5bf274a5a82cc4fbb05d7a35d2566dc2074eaef8f64a2741ec812dc65089fc48, load_s=52.2}
LOCAL ask sha256=6caa0db3bcbf0a148df48e3b3406b5ae6c35410fd8f7fa84dc803cfab9936093 bytes=60
VSOCK LOCAL tpu: minted 128 pad positions per group in 1.9 s (65.7 positions per second on 6 threads) | mem available 1516 MiB, page cache 2062 MiB, major faults 99
VSOCK LOCAL tpu: build config repair=1 verify=1 inject=0 corr_threads=3 spin_us=0 (built Sep 22 2026 23:43:28)
VSOCK LOCAL tpu: vsock credit window 262144 -> 1048576 bytes
VSOCK LOCAL drafter ready: up to 4 proposals per step (5 rows verified at once)
LOCAL turn 1 window boottime_ms start=303339781 first=303343080 end=303344196
VSOCK LOCAL turn 1 depth choices (rows-1:steps): 1:1,2:1
LOCAL turn 1 Q: What is the capital of Japan? Reply with only the city name.
LOCAL turn 1 A: Tokyo
VSOCK LOCAL turn 1: status=eos prefill_tokens=23 prefill_tok_s=41.51 decode_tokens=1 decode_tok_s=0.44 ctx_used=24 ctx=4096 steps=2 drafted=3 accepted=2 tokens_per_step=0.50
VSOCK LOCAL tpu turn 1: exchanges=280 (140.0/step, 2.50 rows each) ms per exchange: mask 0.196 link 6.163 (corr 0.677 mint 0.000 wait 5.190) unmask 0.583 | pads inline 0 refilled 0 bank_min 123 | cancel n=4392959 max=0.0009 rms=0.00006 LSB | verify n=2050 bad=0 max=0 rms=0.000 (output LSB over 1025 paired samples: max 0.000 rms 0.000) rails(-32768/-32767/+32767)=1/0/0 | outliers kept 34240 saturated 1 (CLIPPED 1 [hi 0 lo 1] REPAIRED, FALSE-RAILS 0, recomp 1, max excess 4752, max err 46.4 LSB)
LOCAL turn 1 STATS {status=eos, prefill_tokens=23, prefill_tok_s=41.51, decode_tokens=1, decode_tok_s=0.44, ctx_used=24, ctx=4096, steps=2, drafted=3, accepted=2, tokens_per_step=0.50}
LOCAL done: 1 scripted turns
VSOCK LOCAL tpu turn 1: ms per exchange, split: of unmask, verification dots 0.044 | after it, releasing the pads 0.055 | between exchanges (the VM's own graph work) 0.742 | of wait, joining the correction after the reply 0.109 | out-of-lane entries per exchange 122.3
VSOCK LOCAL engine ending after 1 turns
VSOCK LOCAL exit 0
VSOCK END
CONTROL closed after 21 lines
CAPTURE END label=qs1-13 lines=91 bytes=9372 status=complete
